Archive member included because of file (symbol)

C:/Program Files (x86)/Microchip/MPLAB C32 Suite/bin/../lib/gcc/pic32mx/3.4.4/../../../../pic32mx/lib\libc.a(general-exception.o)
                              C:/Program Files (x86)/Microchip/MPLAB C32 Suite/bin/../lib/gcc/pic32mx/3.4.4/../../../../pic32mx/lib/crt0.o (_general_exception_context)
C:/Program Files (x86)/Microchip/MPLAB C32 Suite/bin/../lib/gcc/pic32mx/3.4.4/../../../../pic32mx/lib\libc.a(puts.o)
                              pic_slave.o (puts)
C:/Program Files (x86)/Microchip/MPLAB C32 Suite/bin/../lib/gcc/pic32mx/3.4.4/../../../../pic32mx/lib\libc.a(printf_cdfFnopsuxX.eo)
                              (_printf_cdfFnopsuxX)
C:/Program Files (x86)/Microchip/MPLAB C32 Suite/bin/../lib/gcc/pic32mx/3.4.4/../../../../pic32mx/lib\libc.a(printf_cdnopuxX.eo)
                              pic_slave.o (_printf_cdnopuxX)
C:/Program Files (x86)/Microchip/MPLAB C32 Suite/bin/../lib/gcc/pic32mx/3.4.4/../../../../pic32mx/lib\libc.a(printf_fFs.eo)
                              pic_slave.o (_printf_fFs)
C:/Program Files (x86)/Microchip/MPLAB C32 Suite/bin/../lib/gcc/pic32mx/3.4.4/../../../../pic32mx/lib\libc.a(printf_s.eo)
                              pic_slave.o (_printf_s)
C:/Program Files (x86)/Microchip/MPLAB C32 Suite/bin/../lib/gcc/pic32mx/3.4.4/../../../../pic32mx/lib\libc.a(default-general-exception-handler.o)
                              C:/Program Files (x86)/Microchip/MPLAB C32 Suite/bin/../lib/gcc/pic32mx/3.4.4/../../../../pic32mx/lib\libc.a(general-exception.o) (_general_exception_handler)
C:/Program Files (x86)/Microchip/MPLAB C32 Suite/bin/../lib/gcc/pic32mx/3.4.4/../../../../pic32mx/lib\libc.a(default-bootstrap-exception-handler.o)
                              C:/Program Files (x86)/Microchip/MPLAB C32 Suite/bin/../lib/gcc/pic32mx/3.4.4/../../../../pic32mx/lib/crt0.o (_bootstrap_exception_handler)
C:/Program Files (x86)/Microchip/MPLAB C32 Suite/bin/../lib/gcc/pic32mx/3.4.4/../../../../pic32mx/lib\libc.a(default-on-reset.o)
                              C:/Program Files (x86)/Microchip/MPLAB C32 Suite/bin/../lib/gcc/pic32mx/3.4.4/../../../../pic32mx/lib/crt0.o (_on_reset)
C:/Program Files (x86)/Microchip/MPLAB C32 Suite/bin/../lib/gcc/pic32mx/3.4.4/../../../../pic32mx/lib\libc.a(default-on-bootstrap.o)
                              C:/Program Files (x86)/Microchip/MPLAB C32 Suite/bin/../lib/gcc/pic32mx/3.4.4/../../../../pic32mx/lib/crt0.o (_on_bootstrap)
C:/Program Files (x86)/Microchip/MPLAB C32 Suite/bin/../lib/gcc/pic32mx/3.4.4/../../../../pic32mx/lib\libc.a(default-nmi-handler.o)
                              C:/Program Files (x86)/Microchip/MPLAB C32 Suite/bin/../lib/gcc/pic32mx/3.4.4/../../../../pic32mx/lib/crt0.o (_nmi_handler)
C:/Program Files (x86)/Microchip/MPLAB C32 Suite/bin/../lib/gcc/pic32mx/3.4.4/../../../../pic32mx/lib\libc.a(_iob.o)
                              C:/Program Files (x86)/Microchip/MPLAB C32 Suite/bin/../lib/gcc/pic32mx/3.4.4/../../../../pic32mx/lib\libc.a(puts.o) (_iob)
C:/Program Files (x86)/Microchip/MPLAB C32 Suite/bin/../lib/gcc/pic32mx/3.4.4/../../../../pic32mx/lib\libc.a(_fputc_simple.o)
                              C:/Program Files (x86)/Microchip/MPLAB C32 Suite/bin/../lib/gcc/pic32mx/3.4.4/../../../../pic32mx/lib\libc.a(puts.o) (fputc)
C:/Program Files (x86)/Microchip/MPLAB C32 Suite/bin/../lib/gcc/pic32mx/3.4.4/../../../../pic32mx/lib\libc.a(doprnt_cdfFnopsuxX.eo)
                              C:/Program Files (x86)/Microchip/MPLAB C32 Suite/bin/../lib/gcc/pic32mx/3.4.4/../../../../pic32mx/lib\libc.a(printf_cdfFnopsuxX.eo) (_vfprintf_cdfFnopsuxX)
C:/Program Files (x86)/Microchip/MPLAB C32 Suite/bin/../lib/gcc/pic32mx/3.4.4/../../../../pic32mx/lib\libc.a(doprnt_cdnopuxX.eo)
                              C:/Program Files (x86)/Microchip/MPLAB C32 Suite/bin/../lib/gcc/pic32mx/3.4.4/../../../../pic32mx/lib\libc.a(printf_cdnopuxX.eo) (_vfprintf_cdnopuxX)
C:/Program Files (x86)/Microchip/MPLAB C32 Suite/bin/../lib/gcc/pic32mx/3.4.4/../../../../pic32mx/lib\libc.a(doprnt_fFs.eo)
                              C:/Program Files (x86)/Microchip/MPLAB C32 Suite/bin/../lib/gcc/pic32mx/3.4.4/../../../../pic32mx/lib\libc.a(printf_fFs.eo) (_vfprintf_fFs)
C:/Program Files (x86)/Microchip/MPLAB C32 Suite/bin/../lib/gcc/pic32mx/3.4.4/../../../../pic32mx/lib\libc.a(doprnt_s.eo)
                              C:/Program Files (x86)/Microchip/MPLAB C32 Suite/bin/../lib/gcc/pic32mx/3.4.4/../../../../pic32mx/lib\libc.a(printf_s.eo) (_vfprintf_s)
C:/Program Files (x86)/Microchip/MPLAB C32 Suite/bin/../lib/gcc/pic32mx/3.4.4/../../../../pic32mx/lib\libc.a(write.o)
                              C:/Program Files (x86)/Microchip/MPLAB C32 Suite/bin/../lib/gcc/pic32mx/3.4.4/../../../../pic32mx/lib\libc.a(_fputc_simple.o) (write)
C:/Program Files (x86)/Microchip/MPLAB C32 Suite/bin/../lib/gcc/pic32mx/3.4.4/../../../../pic32mx/lib\libc.a(_flsbuf_simple.o)
[...]
Memory Configuration

Name             Origin             Length             Attributes
kseg0_program_mem 0x9d000000         0x00080000         xr
kseg0_boot_mem   0x9fc00490         0x00000970
exception_mem    0x9fc01000         0x00001000
kseg1_boot_mem   0xbfc00000         0x00000490
debug_exec_mem   0xbfc02000         0x00000ff0
config3          0xbfc02ff0         0x00000004
config2          0xbfc02ff4         0x00000004
config1          0xbfc02ff8         0x00000004
config0          0xbfc02ffc         0x00000004
kseg1_data_mem   0xa0000000         0x00010000         w !x
sfrs             0xbf800000         0x00100000
configsfrs       0xbfc02ff0         0x00000010
*default*        0x00000000         0xffffffff

Linker script and memory map

LOAD C:/Program Files (x86)/Microchip/MPLAB C32 Suite/bin/../lib/gcc/pic32mx/3.4.4/../../../../pic32mx/lib/crt0.o
LOAD pic_slave.o
                0x00000001                __MPLAB_BUILD = 0x1
LOAD C:/Program Files (x86)/Microchip/MPLAB C32 Suite/bin/../lib/gcc/pic32mx/3.4.4\libgcc.a
START GROUP
LOAD C:/Program Files (x86)/Microchip/MPLAB C32 Suite/bin/../lib/gcc/pic32mx/3.4.4/../../../../pic32mx/lib\libdebug.a
LOAD C:/Program Files (x86)/Microchip/MPLAB C32 Suite/bin/../lib/gcc/pic32mx/3.4.4/../../../../pic32mx/lib\libc.a
LOAD C:/Program Files (x86)/Microchip/MPLAB C32 Suite/bin/../lib/gcc/pic32mx/3.4.4/../../../../pic32mx/lib\libm.a
LOAD C:/Program Files (x86)/Microchip/MPLAB C32 Suite/bin/../lib/gcc/pic32mx/3.4.4/../../../../pic32mx/lib\libe.a
LOAD C:/Program Files (x86)/Microchip/MPLAB C32 Suite/bin/../lib/gcc/pic32mx/3.4.4/../../../../pic32mx/lib\libdsp.a
LOAD C:/Program Files (x86)/Microchip/MPLAB C32 Suite/bin/../lib/gcc/pic32mx/3.4.4/../../../../pic32mx/lib\libmchp_peripheral.a
LOAD C:/Program Files (x86)/Microchip/MPLAB C32 Suite/bin/../lib/gcc/pic32mx/3.4.4/../../../../pic32mx/lib\libmchp_peripheral_32MX675F512H.a
END GROUP
LOAD C:/Program Files (x86)/Microchip/MPLAB C32 Suite/bin/../lib/gcc/pic32mx/3.4.4\libgcc.a
                0x00000400                PROVIDE (_min_stack_size, 0x400)
                0x00000000                PROVIDE (_min_heap_size, 0x0)
LOAD C:/Program Files (x86)/Microchip/MPLAB C32 Suite/bin/../lib/gcc/pic32mx/3.4.4/../../../../pic32mx/lib/./proc/32MX675F512H\processor.o
                0x00000001                PROVIDE (_vector_spacing, 0x1)
                0x9fc01000                _ebase_address = 0x9fc01000
                0xbfc00000                _RESET_ADDR = 0xbfc00000
                0xbfc00380                _BEV_EXCPT_ADDR = 0xbfc00380
                0xbfc00480                _DBG_EXCPT_ADDR = 0xbfc00480
                0xbfc02000                _DBG_CODE_ADDR = 0xbfc02000
                0x9fc01180                _GEN_EXCPT_ADDR = (_ebase_address + 0x180)

.config_BFC02FF0
 *(.config_BFC02FF0)

.config_BFC02FF4
 *(.config_BFC02FF4)

.config_BFC02FF8
 *(.config_BFC02FF8)

.config_BFC02FFC
 *(.config_BFC02FFC)

.reset          0xbfc00000       0x10
 *(.reset)
 .reset         0xbfc00000       0x10 C:/Program Files (x86)/Microchip/MPLAB C32 Suite/bin/../lib/gcc/pic32mx/3.4.4/../../../../pic32mx/lib/crt0.o
                0xbfc00000                _reset

.bev_excpt      0xbfc00380       0x10
 *(.bev_handler)
 .bev_handler   0xbfc00380       0x10 C:/Program Files (x86)/Microchip/MPLAB C32 Suite/bin/../lib/gcc/pic32mx/3.4.4/../../../../pic32mx/lib/crt0.o

.dbg_excpt      0xbfc00480        0x0
                0xbfc00480                . = (. + DEFINED (_DEBUGGER)?0x8:0x0)

.dbg_code       0xbfc02000        0x0
                0xbfc02000                . = (. + DEFINED (_DEBUGGER)?0xff0:0x0)

.app_excpt      0x9fc01180       0x10
 *(.gen_handler)
 .gen_handler   0x9fc01180       0x10 C:/Program Files (x86)/Microchip/MPLAB C32 Suite/bin/../lib/gcc/pic32mx/3.4.4/../../../../pic32mx/lib/crt0.o

.vector_0       0x9fc01200        0x0
 *(.vector_0)
                0x00000001                ASSERT (((_vector_spacing == 0x0) || (SIZEOF (.vector_0) <= (_vector_spacing << 0x5))), function at exception vector 0 too large)

.vector_1       0x9fc01220        0x0
 *(.vector_1)
                0x00000001                ASSERT (((_vector_spacing == 0x0) || (SIZEOF (.vector_1) <= (_vector_spacing << 0x5))), function at exception vector 1 too large)

.vector_2       0x9fc01240        0x0
 *(.vector_2)
                0x00000001                ASSERT (((_vector_spacing == 0x0) || (SIZEOF (.vector_2) <= (_vector_spacing << 0x5))), function at exception vector 2 too large)

.vector_3       0x9fc01260        0x0
 *(.vector_3)
                0x00000001                ASSERT (((_vector_spacing == 0x0) || (SIZEOF (.vector_3) <= (_vector_spacing << 0x5))), function at exception vector 3 too large)

.vector_4       0x9fc01280        0x0
 *(.vector_4)
                0x00000001                ASSERT (((_vector_spacing == 0x0) || (SIZEOF (.vector_4) <= (_vector_spacing << 0x5))), function at exception vector 4 too large)

.vector_5       0x9fc012a0        0x0
 *(.vector_5)
                0x00000001                ASSERT (((_vector_spacing == 0x0) || (SIZEOF (.vector_5) <= (_vector_spacing << 0x5))), function at exception vector 5 too large)

.vector_6       0x9fc012c0        0x0
 *(.vector_6)
                0x00000001                ASSERT (((_vector_spacing == 0x0) || (SIZEOF (.vector_6) <= (_vector_spacing << 0x5))), function at exception vector 6 too large)

.vector_7       0x9fc012e0        0x0
 *(.vector_7)
                0x00000001                ASSERT (((_vector_spacing == 0x0) || (SIZEOF (.vector_7) <= (_vector_spacing << 0x5))), function at exception vector 7 too large)

.vector_8       0x9fc01300        0x0
 *(.vector_8)
                0x00000001                ASSERT (((_vector_spacing == 0x0) || (SIZEOF (.vector_8) <= (_vector_spacing << 0x5))), function at exception vector 8 too large)

.vector_9       0x9fc01320        0x0
 *(.vector_9)
                0x00000001                ASSERT (((_vector_spacing == 0x0) || (SIZEOF (.vector_9) <= (_vector_spacing << 0x5))), function at exception vector 9 too large)

.vector_10      0x9fc01340        0x0
 *(.vector_10)
                0x00000001                ASSERT (((_vector_spacing == 0x0) || (SIZEOF (.vector_10) <= (_vector_spacing << 0x5))), function at exception vector 10 too large)

.vector_11      0x9fc01360        0x0
 *(.vector_11)
                0x00000001                ASSERT (((_vector_spacing == 0x0) || (SIZEOF (.vector_11) <= (_vector_spacing << 0x5))), function at exception vector 11 too large)

.vector_12      0x9fc01380        0x0
 *(.vector_12)
                0x00000001                ASSERT (((_vector_spacing == 0x0) || (SIZEOF (.vector_12) <= (_vector_spacing << 0x5))), function at exception vector 12 too large)

.vector_13      0x9fc013a0        0x0
 *(.vector_13)
                0x00000001                ASSERT (((_vector_spacing == 0x0) || (SIZEOF (.vector_13) <= (_vector_spacing << 0x5))), function at exception vector 13 too large)

.vector_14      0x9fc013c0        0x0
 *(.vector_14)
                0x00000001                ASSERT (((_vector_spacing == 0x0) || (SIZEOF (.vector_14) <= (_vector_spacing << 0x5))), function at exception vector 14 too large)

.vector_15      0x9fc013e0        0x0
 *(.vector_15)
                0x00000001                ASSERT (((_vector_spacing == 0x0) || (SIZEOF (.vector_15) <= (_vector_spacing << 0x5))), function at exception vector 15 too large)

.vector_16      0x9fc01400        0x0
 *(.vector_16)
                0x00000001                ASSERT (((_vector_spacing == 0x0) || (SIZEOF (.vector_16) <= (_vector_spacing << 0x5))), function at exception vector 16 too large)

.vector_17      0x9fc01420        0x0
 *(.vector_17)
                0x00000001                ASSERT (((_vector_spacing == 0x0) || (SIZEOF (.vector_17) <= (_vector_spacing << 0x5))), function at exception vector 17 too large)

.vector_18      0x9fc01440        0x0
 *(.vector_18)
                0x00000001                ASSERT (((_vector_spacing == 0x0) || (SIZEOF (.vector_18) <= (_vector_spacing << 0x5))), function at exception vector 18 too large)

.vector_19      0x9fc01460        0x0
 *(.vector_19)
                0x00000001                ASSERT (((_vector_spacing == 0x0) || (SIZEOF (.vector_19) <= (_vector_spacing << 0x5))), function at exception vector 19 too large)

.vector_20      0x9fc01480        0x0
 *(.vector_20)
                0x00000001                ASSERT (((_vector_spacing == 0x0) || (SIZEOF (.vector_20) <= (_vector_spacing << 0x5))), function at exception vector 20 too large)

.vector_21      0x9fc014a0        0x0
 *(.vector_21)
                0x00000001                ASSERT (((_vector_spacing == 0x0) || (SIZEOF (.vector_21) <= (_vector_spacing << 0x5))), function at exception vector 21 too large)

.vector_22      0x9fc014c0        0x0
 *(.vector_22)
                0x00000001                ASSERT (((_vector_spacing == 0x0) || (SIZEOF (.vector_22) <= (_vector_spacing << 0x5))), function at exception vector 22 too large)

.vector_23      0x9fc014e0        0x0
 *(.vector_23)
                0x00000001                ASSERT (((_vector_spacing == 0x0) || (SIZEOF (.vector_23) <= (_vector_spacing << 0x5))), function at exception vector 23 too large)

.vector_24      0x9fc01500        0x0
 *(.vector_24)
                0x00000001                ASSERT (((_vector_spacing == 0x0) || (SIZEOF (.vector_24) <= (_vector_spacing << 0x5))), function at exception vector 24 too large)

.vector_25      0x9fc01520        0x0
 *(.vector_25)
                0x00000001                ASSERT (((_vector_spacing == 0x0) || (SIZEOF (.vector_25) <= (_vector_spacing << 0x5))), function at exception vector 25 too large)

.vector_26      0x9fc01540        0x0
 *(.vector_26)
                0x00000001                ASSERT (((_vector_spacing == 0x0) || (SIZEOF (.vector_26) <= (_vector_spacing << 0x5))), function at exception vector 26 too large)

.vector_27      0x9fc01560        0x0
 *(.vector_27)
                0x00000001                ASSERT (((_vector_spacing == 0x0) || (SIZEOF (.vector_27) <= (_vector_spacing << 0x5))), function at exception vector 27 too large)

.vector_28      0x9fc01580        0x0
 *(.vector_28)
                0x00000001                ASSERT (((_vector_spacing == 0x0) || (SIZEOF (.vector_28) <= (_vector_spacing << 0x5))), function at exception vector 28 too large)

.vector_29      0x9fc015a0        0x0
 *(.vector_29)
                0x00000001                ASSERT (((_vector_spacing == 0x0) || (SIZEOF (.vector_29) <= (_vector_spacing << 0x5))), function at exception vector 29 too large)

.vector_30      0x9fc015c0        0x0
 *(.vector_30)
                0x00000001                ASSERT (((_vector_spacing == 0x0) || (SIZEOF (.vector_30) <= (_vector_spacing << 0x5))), function at exception vector 30 too large)

.vector_31      0x9fc015e0        0x0
 *(.vector_31)
                0x00000001                ASSERT (((_vector_spacing == 0x0) || (SIZEOF (.vector_31) <= (_vector_spacing << 0x5))), function at exception vector 31 too large)

.vector_32      0x9fc01600        0x0
 *(.vector_32)
                0x00000001                ASSERT (((_vector_spacing == 0x0) || (SIZEOF (.vector_32) <= (_vector_spacing << 0x5))), function at exception vector 32 too large)

.vector_33      0x9fc01620        0x0
 *(.vector_33)
                0x00000001                ASSERT (((_vector_spacing == 0x0) || (SIZEOF (.vector_33) <= (_vector_spacing << 0x5))), function at exception vector 33 too large)

.vector_34      0x9fc01640        0x0
 *(.vector_34)
                0x00000001                ASSERT (((_vector_spacing == 0x0) || (SIZEOF (.vector_34) <= (_vector_spacing << 0x5))), function at exception vector 34 too large)

.vector_35      0x9fc01660        0x0
 *(.vector_35)
                0x00000001                ASSERT (((_vector_spacing == 0x0) || (SIZEOF (.vector_35) <= (_vector_spacing << 0x5))), function at exception vector 35 too large)

.vector_36      0x9fc01680        0x0
 *(.vector_36)
                0x00000001                ASSERT (((_vector_spacing == 0x0) || (SIZEOF (.vector_36) <= (_vector_spacing << 0x5))), function at exception vector 36 too large)

.vector_37      0x9fc016a0        0x0
 *(.vector_37)
                0x00000001                ASSERT (((_vector_spacing == 0x0) || (SIZEOF (.vector_37) <= (_vector_spacing << 0x5))), function at exception vector 37 too large)

.vector_38      0x9fc016c0        0x0
 *(.vector_38)
                0x00000001                ASSERT (((_vector_spacing == 0x0) || (SIZEOF (.vector_38) <= (_vector_spacing << 0x5))), function at exception vector 38 too large)

.vector_39      0x9fc016e0        0x0
 *(.vector_39)
                0x00000001                ASSERT (((_vector_spacing == 0x0) || (SIZEOF (.vector_39) <= (_vector_spacing << 0x5))), function at exception vector 39 too large)

.vector_40      0x9fc01700        0x0
 *(.vector_40)
                0x00000001                ASSERT (((_vector_spacing == 0x0) || (SIZEOF (.vector_40) <= (_vector_spacing << 0x5))), function at exception vector 40 too large)

.vector_41      0x9fc01720        0x0
 *(.vector_41)
                0x00000001                ASSERT (((_vector_spacing == 0x0) || (SIZEOF (.vector_41) <= (_vector_spacing << 0x5))), function at exception vector 41 too large)

.vector_42      0x9fc01740        0x0
 *(.vector_42)
                0x00000001                ASSERT (((_vector_spacing == 0x0) || (SIZEOF (.vector_42) <= (_vector_spacing << 0x5))), function at exception vector 42 too large)

.vector_43      0x9fc01760        0x0
 *(.vector_43)
                0x00000001                ASSERT (((_vector_spacing == 0x0) || (SIZEOF (.vector_43) <= (_vector_spacing << 0x5))), function at exception vector 43 too large)

.vector_44      0x9fc01780        0x0
 *(.vector_44)
                0x00000001                ASSERT (((_vector_spacing == 0x0) || (SIZEOF (.vector_44) <= (_vector_spacing << 0x5))), function at exception vector 44 too large)

.vector_45      0x9fc017a0        0x0
 *(.vector_45)
                0x00000001                ASSERT (((_vector_spacing == 0x0) || (SIZEOF (.vector_45) <= (_vector_spacing << 0x5))), function at exception vector 45 too large)

.vector_46      0x9fc017c0        0x0
 *(.vector_46)
                0x00000001                ASSERT (((_vector_spacing == 0x0) || (SIZEOF (.vector_46) <= (_vector_spacing << 0x5))), function at exception vector 46 too large)

.vector_47      0x9fc017e0        0x0
 *(.vector_47)
                0x00000001                ASSERT (((_vector_spacing == 0x0) || (SIZEOF (.vector_47) <= (_vector_spacing << 0x5))), function at exception vector 47 too large)

.vector_48      0x9fc01800        0x0
 *(.vector_48)
                0x00000001                ASSERT (((_vector_spacing == 0x0) || (SIZEOF (.vector_48) <= (_vector_spacing << 0x5))), function at exception vector 48 too large)

.vector_49      0x9fc01820        0x0
 *(.vector_49)
                0x00000001                ASSERT (((_vector_spacing == 0x0) || (SIZEOF (.vector_49) <= (_vector_spacing << 0x5))), function at exception vector 49 too large)

.vector_50      0x9fc01840        0x0
 *(.vector_50)
                0x00000001                ASSERT (((_vector_spacing == 0x0) || (SIZEOF (.vector_50) <= (_vector_spacing << 0x5))), function at exception vector 50 too large)

.vector_51      0x9fc01860        0x0
 *(.vector_51)
                0x00000001                ASSERT (((_vector_spacing == 0x0) || (SIZEOF (.vector_51) <= (_vector_spacing << 0x5))), function at exception vector 51 too large)

.vector_52      0x9fc01880        0x0
 *(.vector_52)
                0x00000001                ASSERT (((_vector_spacing == 0x0) || (SIZEOF (.vector_52) <= (_vector_spacing << 0x5))), function at exception vector 52 too large)

.vector_53      0x9fc018a0        0x0
 *(.vector_53)
                0x00000001                ASSERT (((_vector_spacing == 0x0) || (SIZEOF (.vector_53) <= (_vector_spacing << 0x5))), function at exception vector 53 too large)

.vector_54      0x9fc018c0        0x0
 *(.vector_54)
                0x00000001                ASSERT (((_vector_spacing == 0x0) || (SIZEOF (.vector_54) <= (_vector_spacing << 0x5))), function at exception vector 54 too large)

.vector_55      0x9fc018e0        0x0
 *(.vector_55)
                0x00000001                ASSERT (((_vector_spacing == 0x0) || (SIZEOF (.vector_55) <= (_vector_spacing << 0x5))), function at exception vector 55 too large)

.vector_56      0x9fc01900        0x0
 *(.vector_56)
                0x00000001                ASSERT (((_vector_spacing == 0x0) || (SIZEOF (.vector_56) <= (_vector_spacing << 0x5))), function at exception vector 56 too large)

.vector_57      0x9fc01920        0x0
 *(.vector_57)
                0x00000001                ASSERT (((_vector_spacing == 0x0) || (SIZEOF (.vector_57) <= (_vector_spacing << 0x5))), function at exception vector 57 too large)

.vector_58      0x9fc01940        0x0
 *(.vector_58)
                0x00000001                ASSERT (((_vector_spacing == 0x0) || (SIZEOF (.vector_58) <= (_vector_spacing << 0x5))), function at exception vector 58 too large)

.vector_59      0x9fc01960        0x0
 *(.vector_59)
                0x00000001                ASSERT (((_vector_spacing == 0x0) || (SIZEOF (.vector_59) <= (_vector_spacing << 0x5))), function at exception vector 59 too large)

.vector_60      0x9fc01980        0x0
 *(.vector_60)
                0x00000001                ASSERT (((_vector_spacing == 0x0) || (SIZEOF (.vector_60) <= (_vector_spacing << 0x5))), function at exception vector 60 too large)

.vector_61      0x9fc019a0        0x0
 *(.vector_61)
                0x00000001                ASSERT (((_vector_spacing == 0x0) || (SIZEOF (.vector_61) <= (_vector_spacing << 0x5))), function at exception vector 61 too large)

.vector_62      0x9fc019c0        0x0
 *(.vector_62)
                0x00000001                ASSERT (((_vector_spacing == 0x0) || (SIZEOF (.vector_62) <= (_vector_spacing << 0x5))), function at exception vector 62 too large)

.vector_63      0x9fc019e0        0x0
 *(.vector_63)
                0x00000001                ASSERT (((_vector_spacing == 0x0) || (SIZEOF (.vector_63) <= (_vector_spacing << 0x5))), function at exception vector 63 too large)

.startup        0x9fc00490      0x1e0
 *(.startup)
 .startup       0x9fc00490      0x1e0 C:/Program Files (x86)/Microchip/MPLAB C32 Suite/bin/../lib/gcc/pic32mx/3.4.4/../../../../pic32mx/lib/crt0.o

.text           0x9d000000     0x5cac
                0x9d000000                _text_begin = .
 *(.text .stub .text.* .gnu.linkonce.t.*)
 .text          0x9d000000       0x10 C:/Program Files (x86)/Microchip/MPLAB C32 Suite/bin/../lib/gcc/pic32mx/3.4.4/../../../../pic32mx/lib/crt0.o
                0x9d000008                __crt0_exit
 .text          0x9d000010     0x11b0 pic_slave.o
                0x9d000010                initTimer
                0x9d000078                initPWM
                0x9d0000f4                setupInterrupt
                0x9d000138                initSPI
                0x9d00021c                spi_send_receive
                0x9d00027c                initUART
                0x9d0002e4                dtw
                0x9d000484                xcorr
                0x9d00067c                main
 .text.general_exception
                0x9d0011c0       0xd0 C:/Program Files (x86)/Microchip/MPLAB C32 Suite/bin/../lib/gcc/pic32mx/3.4.4/../../../../pic32mx/lib\libc.a(general-exception.o)
                0x9d0011c0                _general_exception_context
 .text.fputs    0x9d001290       0x7c C:/Program Files (x86)/Microchip/MPLAB C32 Suite/bin/../lib/gcc/pic32mx/3.4.4/../../../../pic32mx/lib\libc.a(puts.o)
                0x9d001290                fputs
 .text.puts     0x9d00130c       0x48 C:/Program Files (x86)/Microchip/MPLAB C32 Suite/bin/../lib/gcc/pic32mx/3.4.4/../../../../pic32mx/lib\libc.a(puts.o)
                0x9d00130c                puts
 .text._printf_cdfFnopsuxX
                0x9d001354       0x38 C:/Program Files (x86)/Microchip/MPLAB C32 Suite/bin/../lib/gcc/pic32mx/3.4.4/../../../../pic32mx/lib\libc.a(printf_cdfFnopsuxX.eo)
                0x9d001354                _printf_cdnopuxX
                0x9d001354                _printf_s
                0x9d001354                _printf_fFs
                0x9d001354                _printf_0
                0x9d001354                _printf_cdfFnopsuxX
 .text._general_exception_handler
                0x9d00138c        0x8 C:/Program Files (x86)/Microchip/MPLAB C32 Suite/bin/../lib/gcc/pic32mx/3.4.4/../../../../pic32mx/lib\libc.a(default-general-exception-handler.o)
                0x9d00138c                _general_exception_handler
 .text._bootstrap_exception_handler
                0x9d001394        0x8 C:/Program Files (x86)/Microchip/MPLAB C32 Suite/bin/../lib/gcc/pic32mx/3.4.4/../../../../pic32mx/lib\libc.a(default-bootstrap-exception-handler.o)
                0x9d001394                _bootstrap_exception_handler
 .text._on_reset
                0x9d00139c        0x8 C:/Program Files (x86)/Microchip/MPLAB C32 Suite/bin/../lib/gcc/pic32mx/3.4.4/../../../../pic32mx/lib\libc.a(default-on-reset.o)
                0x9d00139c                _on_reset
 .text._on_bootstrap
                0x9d0013a4        0x8 C:/Program Files (x86)/Microchip/MPLAB C32 Suite/bin/../lib/gcc/pic32mx/3.4.4/../../../../pic32mx/lib\libc.a(default-on-bootstrap.o)
                0x9d0013a4                _on_bootstrap
 .text          0x9d0013ac       0x18 C:/Program Files (x86)/Microchip/MPLAB C32 Suite/bin/../lib/gcc/pic32mx/3.4.4/../../../../pic32mx/lib\libc.a(default-nmi-handler.o)
                0x9d0013ac                _nmi_handler
 .text.fputc    0x9d0013c4      0x144 C:/Program Files (x86)/Microchip/MPLAB C32 Suite/bin/../lib/gcc/pic32mx/3.4.4/../../../../pic32mx/lib\libc.a(_fputc_simple.o)
                0x9d0013c4                fputc
 .text.scale    0x9d001508      0x270 C:/Program Files (x86)/Microchip/MPLAB C32 Suite/bin/../lib/gcc/pic32mx/3.4.4/../../../../pic32mx/lib\libc.a(doprnt_cdfFnopsuxX.eo)
 .text._vfprintf_cdfFnopsuxX
                0x9d001778     0x1318 C:/Program Files (x86)/Microchip/MPLAB C32 Suite/bin/../lib/gcc/pic32mx/3.4.4/../../../../pic32mx/lib\libc.a(doprnt_cdfFnopsuxX.eo)
                0x9d001778                _vfprintf_s
                0x9d001778                _vfprintf_0
                0x9d001778                _vfprintf_cdnopuxX
                0x9d001778                _vfprintf_cdfFnopsuxX
                0x9d001778                _vfprintf_fFs
 .text.write    0x9d002a90       0xa8 C:/Program Files (x86)/Microchip/MPLAB C32 Suite/bin/../lib/gcc/pic32mx/3.4.4/../../../../pic32mx/lib\libc.a(write.o)
                0x9d002a90                write
 .text._flsbuf  0x9d002b38      0x12c C:/Program Files (x86)/Microchip/MPLAB C32 Suite/bin/../lib/gcc/pic32mx/3.4.4/../../../../pic32mx/lib\libc.a(_flsbuf_simple.o)
                0x9d002b38                _flsbuf
 .text._mon_putc
                0x9d002c64       0xa4 C:/Program Files (x86)/Microchip/MPLAB C32 Suite/bin/../lib/gcc/pic32mx/3.4.4/../../../../pic32mx/lib\libc.a(_mon_putc.o)
                0x9d002c64                _mon_putc
 .text          0x9d002d08      0x3dc C:/Program Files (x86)/Microchip/MPLAB C32 Suite/bin/../lib/gcc/pic32mx/3.4.4/../../../../pic32mx/lib\libm.a(fpmod32.o)
                0x9d002d08                fpfmod
                0x9d002d08                fmodf
                0x9d002e4c                fpfrexp
                0x9d002e4c                frexpf
                0x9d002ed0                fpldexp
                0x9d002ed0                __mchp_ldexpf
                0x9d003014                fpmodf
                0x9d003014                modff
 .text          0x9d0030e4     0x1128 C:/Program Files (x86)/Microchip/MPLAB C32 Suite/bin/../lib/gcc/pic32mx/3.4.4/../../../../pic32mx/lib\libm.a(dp32.o)
                0x9d0030e4                dpsub
                0x9d0030e4                __subdf3
                0x9d0030ec                dpadd
                0x9d0030ec                __adddf3
                0x9d003510                __muldf3
                0x9d003510                dpmul
                0x9d003838                dpdiv
                0x9d003838                __divdf3
                0x9d003cec                litodp
                0x9d003cec                __floatsidf
                0x9d003d60                ultodp
                0x9d003db0                __extendsfdf2
                0x9d003db0                fptodp
                0x9d003e54                dptofp
                0x9d003e54                __truncdfsf2
                0x9d003f4c                dptoli
                0x9d003f4c                __fixdfsi
                0x9d003fd4                dptoul
                0x9d003fd4                __fixunsdfsi
                0x9d004058                __ltdf2
                0x9d004058                __gtdf2
                0x9d004058                __eqdf2
                0x9d004058                __gedf2
                0x9d004058                __ledf2
                0x9d004058                __nedf2
                0x9d004058                dpcmp
                0x9d00417c                __negdf2
                0x9d004194                dpfabs
                0x9d004194                fabs
                0x9d0041b0                dpnan
                0x9d0041b0                nan
 .text.sqrtf    0x9d00420c       0x64 C:/Program Files (x86)/Microchip/MPLAB C32 Suite/bin/../lib/gcc/pic32mx/3.4.4/../../../../pic32mx/lib\libm.a(w_sqrtf.o)
                0x9d00420c                sqrtf
 .text          0x9d004270      0x8ec C:/Program Files (x86)/Microchip/MPLAB C32 Suite/bin/../lib/gcc/pic32mx/3.4.4/../../../../pic32mx/lib\libm.a(fp32.o)
                0x9d004270                fpsub
                0x9d004270                __subsf3
                0x9d004278                __addsf3
                0x9d004278                fpadd
                0x9d0044e4                __mulsf3
                0x9d0044e4                fpmul
                0x9d00469c                fpdiv
                0x9d00469c                __divsf3
                0x9d0048c8                sitofp
                0x9d0048c8                litofp
                0x9d0048c8                __floatsisf
                0x9d004924                ultofp
                0x9d004924                uitofp
                0x9d004970                fptosi
                0x9d004970                fptoli
                0x9d004970                __fixsfsi
                0x9d0049e8                fptoui
                0x9d0049e8                __fixunssfsi
                0x9d0049e8                fptoul
                0x9d004a5c                __nesf2
                0x9d004a5c                fpcmp
                0x9d004a5c                __eqsf2
                0x9d004a5c                __gesf2
                0x9d004a5c                __ltsf2
                0x9d004a5c                __gtsf2
                0x9d004a5c                __lesf2
                0x9d004af0                fpfabs
                0x9d004af0                fabsf
                0x9d004b00                __negsf2
                0x9d004b10                fpnan
                0x9d004b10                nanf
 .text          0x9d004b5c      0x2a0 C:/Program Files (x86)/Microchip/MPLAB C32 Suite/bin/../lib/gcc/pic32mx/3.4.4/../../../../pic32mx/lib\libm.a(fpsqrt32.o)
                0x9d004b5c                fpexsqrt
                0x9d004c54                fpsqrt
                0x9d004c54                __mchp_sqrtf
 .text.__fixunsdfdi
                0x9d004dfc       0xa4 C:/Program Files (x86)/Microchip/MPLAB C32 Suite/bin/../lib/gcc/pic32mx/3.4.4/../../../../pic32mx/lib\libe.a(_fixunsdfdi.o)
                0x9d004dfc                __fixunsdfdi
 .text.__floatdidf
                0x9d004ea0      0x328 C:/Program Files (x86)/Microchip/MPLAB C32 Suite/bin/../lib/gcc/pic32mx/3.4.4/../../../../pic32mx/lib\libe.a(_floatdidf.o)
                0x9d004ea0                __floatdidf
 .text.__orderdf2
                0x9d0051c8       0xa4 C:/Program Files (x86)/Microchip/MPLAB C32 Suite/bin/../lib/gcc/pic32mx/3.4.4/../../../../pic32mx/lib\libe.a(_orderdf2.o)
                0x9d0051c8                __orderdf2
 .text.__fixdfdi
                0x9d00526c       0xfc C:/Program Files (x86)/Microchip/MPLAB C32 Suite/bin/../lib/gcc/pic32mx/3.4.4/../../../../pic32mx/lib\libe.a(_fixdfdi.o)
                0x9d00526c                __fixdfdi
 .text          0x9d005368       0x3c C:/Program Files (x86)/Microchip/MPLAB C32 Suite/bin/../lib/gcc/pic32mx/3.4.4\libgcc.a(_cmpdi2.o)
                0x9d005368                __cmpdi2
 .text          0x9d0053a4      0x47c C:/Program Files (x86)/Microchip/MPLAB C32 Suite/bin/../lib/gcc/pic32mx/3.4.4\libgcc.a(_udivdi3.o)
                0x9d0053a4                __udivdi3
 .text          0x9d005820      0x48c C:/Program Files (x86)/Microchip/MPLAB C32 Suite/bin/../lib/gcc/pic32mx/3.4.4\libgcc.a(_umoddi3.o)
                0x9d005820                __umoddi3
 *(.text.*personality*)
 *(.gnu.warning)
 *(.mips16.fn.*)
 *(.mips16.call.*)
                0x9d005cac                _text_end = .

.rodata         0x9d005cb0      0xaf0
 *(.rodata .rodata.* .gnu.linkonce.r.*)
 .rodata        0x9d005cb0      0x450 pic_slave.o
 .rodata        0x9d006100      0x3b8 C:/Program Files (x86)/Microchip/MPLAB C32 Suite/bin/../lib/gcc/pic32mx/3.4.4/../../../../pic32mx/lib\libc.a(doprnt_cdfFnopsuxX.eo)
 .rodata.str1.4
                0x9d0064b8       0x30 C:/Program Files (x86)/Microchip/MPLAB C32 Suite/bin/../lib/gcc/pic32mx/3.4.4/../../../../pic32mx/lib\libc.a(doprnt_cdfFnopsuxX.eo)
 .rodata.cst8   0x9d0064e8       0x28 C:/Program Files (x86)/Microchip/MPLAB C32 Suite/bin/../lib/gcc/pic32mx/3.4.4/../../../../pic32mx/lib\libc.a(doprnt_cdfFnopsuxX.eo)
 .rodata.cst4   0x9d006510        0x4 C:/Program Files (x86)/Microchip/MPLAB C32 Suite/bin/../lib/gcc/pic32mx/3.4.4/../../../../pic32mx/lib\libc.a(doprnt_cdfFnopsuxX.eo)
 .rodata        0x9d006514      0x104 C:/Program Files (x86)/Microchip/MPLAB C32 Suite/bin/../lib/gcc/pic32mx/3.4.4/../../../../pic32mx/lib\libc.a(ctype.o)
                0x9d006514                _ctype
 .rodata        0x9d006618      0x160 C:/Program Files (x86)/Microchip/MPLAB C32 Suite/bin/../lib/gcc/pic32mx/3.4.4/../../../../pic32mx/lib\libc.a(powers.o)
                0x9d006618                _npowers_
                0x9d0066c8                _powers_
 .rodata.cst8   0x9d006778        0x8 C:/Program Files (x86)/Microchip/MPLAB C32 Suite/bin/../lib/gcc/pic32mx/3.4.4/../../../../pic32mx/lib\libe.a(_fixunsdfdi.o)
                                 0x10 (size before relaxing)
 .rodata.cst8   0x9d006780       0x20 C:/Program Files (x86)/Microchip/MPLAB C32 Suite/bin/../lib/gcc/pic32mx/3.4.4/../../../../pic32mx/lib\libe.a(_floatdidf.o)
                                 0x28 (size before relaxing)
 .rodata.cst8   0x00000000        0x8 C:/Program Files (x86)/Microchip/MPLAB C32 Suite/bin/../lib/gcc/pic32mx/3.4.4/../../../../pic32mx/lib\libe.a(_orderdf2.o)
 .rodata.cst8   0x00000000       0x10 C:/Program Files (x86)/Microchip/MPLAB C32 Suite/bin/../lib/gcc/pic32mx/3.4.4/../../../../pic32mx/lib\libe.a(_fixdfdi.o)
 *(.rodata1)
                0x9d0067a0                . = ALIGN (0x4)

.sdata2         0x9d0067a0        0x0
 *(.sdata2 .sdata2.* .gnu.linkonce.s2.*)
                0x9d0067a0                . = ALIGN (0x4)

.sbss2          0x9d0067a0        0x0
 *(.sbss2 .sbss2.* .gnu.linkonce.sb2.*)
                0x9d0067a0                . = ALIGN (0x4)

.eh_frame_hdr
 *(.eh_frame_hdr)

.eh_frame       0x9d0067a0       0x40
 *(.eh_frame)
 .eh_frame      0x9d0067a0       0x20 C:/Program Files (x86)/Microchip/MPLAB C32 Suite/bin/../lib/gcc/pic32mx/3.4.4\libgcc.a(_udivdi3.o)
 .eh_frame      0x9d0067c0       0x20 C:/Program Files (x86)/Microchip/MPLAB C32 Suite/bin/../lib/gcc/pic32mx/3.4.4\libgcc.a(_umoddi3.o)

.dbg_data       0xa0000000        0x0
                0xa0000000                . = (. + DEFINED (_DEBUGGER)?0x200:0x0)

.persist        0xa0000000        0x0
                0xa0000000                _persist_begin = .
 *(.persist .persist.*)
                0xa0000000                _persist_end = .

.data           0xa0000000     0x7da4 load address 0x9d0067e0
                0xa0000000                _data_begin = .
 *(.data .data.* .gnu.linkonce.d.*)
 .data          0xa0000000     0x7d00 pic_slave.o
 .data          0xa0007d00       0xa0 C:/Program Files (x86)/Microchip/MPLAB C32 Suite/bin/../lib/gcc/pic32mx/3.4.4/../../../../pic32mx/lib\libc.a(_iob.o)
                0xa0007d00                _iob
 .data.math_errhandling_flag
                0xa0007da0        0x4 C:/Program Files (x86)/Microchip/MPLAB C32 Suite/bin/../lib/gcc/pic32mx/3.4.4/../../../../pic32mx/lib\libm.a(s_lib_ver.o)
                0xa0007da0                math_errhandling
 *(.gnu.linkonce.d.*personality*)
 *(.data1)
                0x9d0067e0                _data_image_begin = LOADADDR (.data)

.eh_frame
 *(.eh_frame)
                0xa0007da4                . = .
                0xa000fda0                _gp = (ALIGN (0x10) + 0x7ff0)

.got
 *(.got.plt)
 *(.got)

.sdata          0xa0007da4        0x4 load address 0x9d00e584
                0xa0007da4                _sdata_begin = .
 *(.sdata .sdata.* .gnu.linkonce.s.*)
 .sdata         0xa0007da4        0x4 C:/Program Files (x86)/Microchip/MPLAB C32 Suite/bin/../lib/gcc/pic32mx/3.4.4/../../../../pic32mx/lib\libc.a(c32_uart.o)
                0xa0007da4                __C32_UART
                0xa0007da8                _sdata_end = .

.lit8
 *(.lit8)

.lit4
 *(.lit4)
                0xa0007da8                . = ALIGN (0x4)
                0xa0007da8                _data_end = .
                0xa0007da8                _bss_begin = .

.sbss           0xa0007da8       0x14 load address 0x9d00e588
                0xa0007da8                _sbss_begin = .
 *(.dynsbss)
 *(.sbss .sbss.* .gnu.linkonce.sb.*)
 .sbss          0xa0007da8        0xc pic_slave.o
                0xa0007da8                best_index
                0xa0007dac                best_value
                0xa0007db0                Slave_State
 *(.scommon)
 .scommon       0xa0007db4        0x1 C:/Program Files (x86)/Microchip/MPLAB C32 Suite/bin/../lib/gcc/pic32mx/3.4.4/../../../../pic32mx/lib\libc.a(_iob.o)
                0xa0007db4                _outdone
 *fill*         0xa0007db5        0x3 00
 .scommon       0xa0007db8        0x4 C:/Program Files (x86)/Microchip/MPLAB C32 Suite/bin/../lib/gcc/pic32mx/3.4.4/../../../../pic32mx/lib\libc.a(errno.o)
                0xa0007db8                errno
                0xa0007dbc                _sbss_end = .

.bss            0xa0007dbc       0x40 load address 0x9d00e588
 *(.dynbss)
 *(.bss .bss.* .gnu.linkonce.b.*)
 *(COMMON)
 COMMON         0xa0007dbc       0x40 C:/Program Files (x86)/Microchip/MPLAB C32 Suite/bin/../lib/gcc/pic32mx/3.4.4/../../../../pic32mx/lib\libc.a(_iob.o)
                0xa0007dbc                _sibuf
                0xa0007ddc                _sobuf
                0xa0007dfc                . = ALIGN (0x4)
                0xa0007dfc                . = ALIGN (0x4)
                0xa0007dfc                _end = .
                0xa0007dfc                _bss_end = .

.heap           0xa0007e00        0x0 load address 0x9d00e588
                0xa0007e00                _heap = .
                0xa0007e00                . = (. + _min_heap_size)
                0xa0007e00                . = ALIGN (0x8)

.stack          0xa0007e00      0x400 load address 0x9d00e588
                0xa0007e00                _splim = .
                0xa0007e00                _SPLIM = .
                0xa0008200                . = (. + _min_stack_size)
 *fill*         0xa0007e00      0x400 00
                0xa0008200                . = ALIGN (0x8)

.ramfunc        0xa0008800        0x0 load address 0x9d00e588
                0xa0008800                _ramfunc_begin = .
 *(.ramfunc .ramfunc.*)
                0xa0008800                . = ALIGN (0x4)
                0xa0008800                _ramfunc_end = .
                0x9d00e588                _ramfunc_image_begin = LOADADDR (.ramfunc)
                0x00000000                _ramfunc_length = SIZEOF (.ramfunc)
                0x00008800                _bmxdkpba_address = (_ramfunc_begin - 0xa0000000)
                0x00010000                _bmxdudba_address = 0x10000
                0x00010000                _bmxdupba_address = 0x10000
                0xa0010000                _stack = (_ramfunc_length > 0x0)?(_ramfunc_begin - 0x8):0xa0010000
                0x00000001                ASSERT (((_min_stack_size + _min_heap_size) <= (_stack - _heap)), Not enough space to allocate both stack and heap.  Reduce heap and/or stack size.)

/DISCARD/
 *(.pdr)
 *(.reginfo)
 *(.rel.dyn)
 *(.note.GNU-stack)

.stab
 *(.stab)

.stabstr
 *(.stabstr)

.stab.excl
 *(.stab.excl)

.stab.exclstr
 *(.stab.exclstr)

.stab.index
 *(.stab.index)

.stab.indexstr
 *(.stab.indexstr)

.mdebug.abi32   0x00000000        0x0
 .mdebug.abi32  0x00000000        0x0 pic_slave.o
 .mdebug.abi32  0x00000000        0x0 C:/Program Files (x86)/Microchip/MPLAB C32 Suite/bin/../lib/gcc/pic32mx/3.4.4/../../../../pic32mx/lib\libc.a(puts.o)
 .mdebug.abi32  0x00000000        0x0 C:/Program Files (x86)/Microchip/MPLAB C32 Suite/bin/../lib/gcc/pic32mx/3.4.4/../../../../pic32mx/lib\libc.a(printf_cdfFnopsuxX.eo)
 .mdebug.abi32  0x00000000        0x0 C:/Program Files (x86)/Microchip/MPLAB C32 Suite/bin/../lib/gcc/pic32mx/3.4.4/../../../../pic32mx/lib\libc.a(default-general-exception-handler.o)
 .mdebug.abi32  0x00000000        0x0 C:/Program Files (x86)/Microchip/MPLAB C32 Suite/bin/../lib/gcc/pic32mx/3.4.4/../../../../pic32mx/lib\libc.a(default-bootstrap-exception-handler.o)
 .mdebug.abi32  0x00000000        0x0 C:/Program Files (x86)/Microchip/MPLAB C32 Suite/bin/../lib/gcc/pic32mx/3.4.4/../../../../pic32mx/lib\libc.a(default-on-reset.o)
 .mdebug.abi32  0x00000000        0x0 C:/Program Files (x86)/Microchip/MPLAB C32 Suite/bin/../lib/gcc/pic32mx/3.4.4/../../../../pic32mx/lib\libc.a(default-on-bootstrap.o)
 .mdebug.abi32  0x00000000        0x0 C:/Program Files (x86)/Microchip/MPLAB C32 Suite/bin/../lib/gcc/pic32mx/3.4.4/../../../../pic32mx/lib\libc.a(_iob.o)
 .mdebug.abi32  0x00000000        0x0 C:/Program Files (x86)/Microchip/MPLAB C32 Suite/bin/../lib/gcc/pic32mx/3.4.4/../../../../pic32mx/lib\libc.a(_fputc_simple.o)
 .mdebug.abi32  0x00000000        0x0 C:/Program Files (x86)/Microchip/MPLAB C32 Suite/bin/../lib/gcc/pic32mx/3.4.4/../../../../pic32mx/lib\libc.a(doprnt_cdfFnopsuxX.eo)
 .mdebug.abi32  0x00000000        0x0 C:/Program Files (x86)/Microchip/MPLAB C32 Suite/bin/../lib/gcc/pic32mx/3.4.4/../../../../pic32mx/lib\libc.a(write.o)
 .mdebug.abi32  0x00000000        0x0 C:/Program Files (x86)/Microchip/MPLAB C32 Suite/bin/../lib/gcc/pic32mx/3.4.4/../../../../pic32mx/lib\libc.a(_flsbuf_simple.o)
 .mdebug.abi32  0x00000000        0x0 C:/Program Files (x86)/Microchip/MPLAB C32 Suite/bin/../lib/gcc/pic32mx/3.4.4/../../../../pic32mx/lib\libc.a(ctype.o)
 .mdebug.abi32  0x00000000        0x0 C:/Program Files (x86)/Microchip/MPLAB C32 Suite/bin/../lib/gcc/pic32mx/3.4.4/../../../../pic32mx/lib\libc.a(powers.o)
 .mdebug.abi32  0x00000000        0x0 C:/Program Files (x86)/Microchip/MPLAB C32 Suite/bin/../lib/gcc/pic32mx/3.4.4/../../../../pic32mx/lib\libc.a(_mon_putc.o)
 .mdebug.abi32  0x00000000        0x0 C:/Program Files (x86)/Microchip/MPLAB C32 Suite/bin/../lib/gcc/pic32mx/3.4.4/../../../../pic32mx/lib\libc.a(c32_uart.o)
 .mdebug.abi32  0x00000000        0x0 C:/Program Files (x86)/Microchip/MPLAB C32 Suite/bin/../lib/gcc/pic32mx/3.4.4/../../../../pic32mx/lib\libm.a(w_sqrtf.o)
 .mdebug.abi32  0x00000000        0x0 C:/Program Files (x86)/Microchip/MPLAB C32 Suite/bin/../lib/gcc/pic32mx/3.4.4/../../../../pic32mx/lib\libm.a(s_lib_ver.o)
 .mdebug.abi32  0x00000000        0x0 C:/Program Files (x86)/Microchip/MPLAB C32 Suite/bin/../lib/gcc/pic32mx/3.4.4/../../../../pic32mx/lib\libe.a(_fixunsdfdi.o)
 .mdebug.abi32  0x00000000        0x0 C:/Program Files (x86)/Microchip/MPLAB C32 Suite/bin/../lib/gcc/pic32mx/3.4.4/../../../../pic32mx/lib\libe.a(_floatdidf.o)
 .mdebug.abi32  0x00000000        0x0 C:/Program Files (x86)/Microchip/MPLAB C32 Suite/bin/../lib/gcc/pic32mx/3.4.4/../../../../pic32mx/lib\libe.a(_orderdf2.o)
 .mdebug.abi32  0x00000000        0x0 C:/Program Files (x86)/Microchip/MPLAB C32 Suite/bin/../lib/gcc/pic32mx/3.4.4/../../../../pic32mx/lib\libe.a(_fixdfdi.o)
 .mdebug.abi32  0x00000000        0x0 C:/Program Files (x86)/Microchip/MPLAB C32 Suite/bin/../lib/gcc/pic32mx/3.4.4/../../../../pic32mx/lib\libc.a(errno.o)
 .mdebug.abi32  0x00000000        0x0 C:/Program Files (x86)/Microchip/MPLAB C32 Suite/bin/../lib/gcc/pic32mx/3.4.4\libgcc.a(_cmpdi2.o)
 .mdebug.abi32  0x00000000        0x0 C:/Program Files (x86)/Microchip/MPLAB C32 Suite/bin/../lib/gcc/pic32mx/3.4.4\libgcc.a(_udivdi3.o)
 .mdebug.abi32  0x00000000        0x0 C:/Program Files (x86)/Microchip/MPLAB C32 Suite/bin/../lib/gcc/pic32mx/3.4.4\libgcc.a(_umoddi3.o)

.comment        0x00000000      0xa99
 *(.comment)
 .comment       0x00000000       0x4d pic_slave.o
 .comment       0x0000004d       0x4d C:/Program Files (x86)/Microchip/MPLAB C32 Suite/bin/../lib/gcc/pic32mx/3.4.4/../../../../pic32mx/lib\libc.a(puts.o)
 .comment       0x0000009a       0x4d C:/Program Files (x86)/Microchip/MPLAB C32 Suite/bin/../lib/gcc/pic32mx/3.4.4/../../../../pic32mx/lib\libc.a(printf_cdfFnopsuxX.eo)
 .comment       0x000000e7       0x4d C:/Program Files (x86)/Microchip/MPLAB C32 Suite/bin/../lib/gcc/pic32mx/3.4.4/../../../../pic32mx/lib\libc.a(default-general-exception-handler.o)
 .comment       0x00000134       0x4d C:/Program Files (x86)/Microchip/MPLAB C32 Suite/bin/../lib/gcc/pic32mx/3.4.4/../../../../pic32mx/lib\libc.a(default-bootstrap-exception-handler.o)
 .comment       0x00000181       0x4d C:/Program Files (x86)/Microchip/MPLAB C32 Suite/bin/../lib/gcc/pic32mx/3.4.4/../../../../pic32mx/lib\libc.a(default-on-reset.o)
 .comment       0x000001ce       0x4d C:/Program Files (x86)/Microchip/MPLAB C32 Suite/bin/../lib/gcc/pic32mx/3.4.4/../../../../pic32mx/lib\libc.a(default-on-bootstrap.o)
 .comment       0x0000021b       0x4d C:/Program Files (x86)/Microchip/MPLAB C32 Suite/bin/../lib/gcc/pic32mx/3.4.4/../../../../pic32mx/lib\libc.a(_iob.o)
 .comment       0x00000268       0x4d C:/Program Files (x86)/Microchip/MPLAB C32 Suite/bin/../lib/gcc/pic32mx/3.4.4/../../../../pic32mx/lib\libc.a(_fputc_simple.o)
 .comment       0x000002b5       0x4d C:/Program Files (x86)/Microchip/MPLAB C32 Suite/bin/../lib/gcc/pic32mx/3.4.4/../../../../pic32mx/lib\libc.a(doprnt_cdfFnopsuxX.eo)
 .comment       0x00000302       0x4d C:/Program Files (x86)/Microchip/MPLAB C32 Suite/bin/../lib/gcc/pic32mx/3.4.4/../../../../pic32mx/lib\libc.a(write.o)
 .comment       0x0000034f       0x4d C:/Program Files (x86)/Microchip/MPLAB C32 Suite/bin/../lib/gcc/pic32mx/3.4.4/../../../../pic32mx/lib\libc.a(_flsbuf_simple.o)
 .comment       0x0000039c       0x9b C:/Program Files (x86)/Microchip/MPLAB C32 Suite/bin/../lib/gcc/pic32mx/3.4.4/../../../../pic32mx/lib\libc.a(ctype.o)
 .comment       0x00000437       0x4d C:/Program Files (x86)/Microchip/MPLAB C32 Suite/bin/../lib/gcc/pic32mx/3.4.4/../../../../pic32mx/lib\libc.a(powers.o)
 .comment       0x00000484       0x4d C:/Program Files (x86)/Microchip/MPLAB C32 Suite/bin/../lib/gcc/pic32mx/3.4.4/../../../../pic32mx/lib\libc.a(_mon_putc.o)
 .comment       0x000004d1       0x4d C:/Program Files (x86)/Microchip/MPLAB C32 Suite/bin/../lib/gcc/pic32mx/3.4.4/../../../../pic32mx/lib\libc.a(c32_uart.o)
 .comment       0x0000051e       0x4d C:/Program Files (x86)/Microchip/MPLAB C32 Suite/bin/../lib/gcc/pic32mx/3.4.4/../../../../pic32mx/lib\libm.a(w_sqrtf.o)
 .comment       0x0000056b       0x4d C:/Program Files (x86)/Microchip/MPLAB C32 Suite/bin/../lib/gcc/pic32mx/3.4.4/../../../../pic32mx/lib\libm.a(s_lib_ver.o)
 .comment       0x000005b8       0xec C:/Program Files (x86)/Microchip/MPLAB C32 Suite/bin/../lib/gcc/pic32mx/3.4.4/../../../../pic32mx/lib\libe.a(_fixunsdfdi.o)
 .comment       0x000006a4       0xeb C:/Program Files (x86)/Microchip/MPLAB C32 Suite/bin/../lib/gcc/pic32mx/3.4.4/../../../../pic32mx/lib\libe.a(_floatdidf.o)
 .comment       0x0000078f       0xeb C:/Program Files (x86)/Microchip/MPLAB C32 Suite/bin/../lib/gcc/pic32mx/3.4.4/../../../../pic32mx/lib\libe.a(_orderdf2.o)
 .comment       0x0000087a       0xeb C:/Program Files (x86)/Microchip/MPLAB C32 Suite/bin/../lib/gcc/pic32mx/3.4.4/../../../../pic32mx/lib\libe.a(_fixdfdi.o)
 .comment       0x00000965       0x4d C:/Program Files (x86)/Microchip/MPLAB C32 Suite/bin/../lib/gcc/pic32mx/3.4.4/../../../../pic32mx/lib\libc.a(errno.o)
 .comment       0x000009b2       0x4d C:/Program Files (x86)/Microchip/MPLAB C32 Suite/bin/../lib/gcc/pic32mx/3.4.4\libgcc.a(_cmpdi2.o)
 .comment       0x000009ff       0x4d C:/Program Files (x86)/Microchip/MPLAB C32 Suite/bin/../lib/gcc/pic32mx/3.4.4\libgcc.a(_udivdi3.o)
 .comment       0x00000a4c       0x4d C:/Program Files (x86)/Microchip/MPLAB C32 Suite/bin/../lib/gcc/pic32mx/3.4.4\libgcc.a(_umoddi3.o)

.debug
 *(.debug)

.line
 *(.line)

.debug_srcinfo
 *(.debug_srcinfo)

.debug_sfnames
 *(.debug_sfnames)

.debug_aranges  0x00000000      0x2b0
 *(.debug_aranges)
 .debug_aranges
                0x00000000       0x20 pic_slave.o
 .debug_aranges
                0x00000020       0x30 C:/Program Files (x86)/Microchip/MPLAB C32 Suite/bin/../lib/gcc/pic32mx/3.4.4/../../../../pic32mx/lib\libc.a(puts.o)
 .debug_aranges
                0x00000050       0x28 C:/Program Files (x86)/Microchip/MPLAB C32 Suite/bin/../lib/gcc/pic32mx/3.4.4/../../../../pic32mx/lib\libc.a(printf_cdfFnopsuxX.eo)
 .debug_aranges
                0x00000078       0x28 C:/Program Files (x86)/Microchip/MPLAB C32 Suite/bin/../lib/gcc/pic32mx/3.4.4/../../../../pic32mx/lib\libc.a(default-general-exception-handler.o)
 .debug_aranges
                0x000000a0       0x28 C:/Program Files (x86)/Microchip/MPLAB C32 Suite/bin/../lib/gcc/pic32mx/3.4.4/../../../../pic32mx/lib\libc.a(default-bootstrap-exception-handler.o)
 .debug_aranges
                0x000000c8       0x28 C:/Program Files (x86)/Microchip/MPLAB C32 Suite/bin/../lib/gcc/pic32mx/3.4.4/../../../../pic32mx/lib\libc.a(default-on-reset.o)
 .debug_aranges
                0x000000f0       0x28 C:/Program Files (x86)/Microchip/MPLAB C32 Suite/bin/../lib/gcc/pic32mx/3.4.4/../../../../pic32mx/lib\libc.a(default-on-bootstrap.o)
 .debug_aranges
                0x00000118       0x28 C:/Program Files (x86)/Microchip/MPLAB C32 Suite/bin/../lib/gcc/pic32mx/3.4.4/../../../../pic32mx/lib\libc.a(_fputc_simple.o)
 .debug_aranges
                0x00000140       0x30 C:/Program Files (x86)/Microchip/MPLAB C32 Suite/bin/../lib/gcc/pic32mx/3.4.4/../../../../pic32mx/lib\libc.a(doprnt_cdfFnopsuxX.eo)
 .debug_aranges
                0x00000170       0x28 C:/Program Files (x86)/Microchip/MPLAB C32 Suite/bin/../lib/gcc/pic32mx/3.4.4/../../../../pic32mx/lib\libc.a(write.o)
 .debug_aranges
                0x00000198       0x28 C:/Program Files (x86)/Microchip/MPLAB C32 Suite/bin/../lib/gcc/pic32mx/3.4.4/../../../../pic32mx/lib\libc.a(_flsbuf_simple.o)
 .debug_aranges
                0x000001c0       0x28 C:/Program Files (x86)/Microchip/MPLAB C32 Suite/bin/../lib/gcc/pic32mx/3.4.4/../../../../pic32mx/lib\libc.a(_mon_putc.o)
 .debug_aranges
                0x000001e8       0x28 C:/Program Files (x86)/Microchip/MPLAB C32 Suite/bin/../lib/gcc/pic32mx/3.4.4/../../../../pic32mx/lib\libm.a(w_sqrtf.o)
 .debug_aranges
                0x00000210       0x28 C:/Program Files (x86)/Microchip/MPLAB C32 Suite/bin/../lib/gcc/pic32mx/3.4.4/../../../../pic32mx/lib\libe.a(_fixunsdfdi.o)
 .debug_aranges
                0x00000238       0x28 C:/Program Files (x86)/Microchip/MPLAB C32 Suite/bin/../lib/gcc/pic32mx/3.4.4/../../../../pic32mx/lib\libe.a(_floatdidf.o)
 .debug_aranges
                0x00000260       0x28 C:/Program Files (x86)/Microchip/MPLAB C32 Suite/bin/../lib/gcc/pic32mx/3.4.4/../../../../pic32mx/lib\libe.a(_orderdf2.o)
 .debug_aranges
                0x00000288       0x28 C:/Program Files (x86)/Microchip/MPLAB C32 Suite/bin/../lib/gcc/pic32mx/3.4.4/../../../../pic32mx/lib\libe.a(_fixdfdi.o)

.debug_pubnames
                0x00000000      0x3e3
 *(.debug_pubnames)
 .debug_pubnames
                0x00000000       0xd8 pic_slave.o
 .debug_pubnames
                0x000000d8       0x25 C:/Program Files (x86)/Microchip/MPLAB C32 Suite/bin/../lib/gcc/pic32mx/3.4.4/../../../../pic32mx/lib\libc.a(puts.o)
 .debug_pubnames
                0x000000fd       0x2a C:/Program Files (x86)/Microchip/MPLAB C32 Suite/bin/../lib/gcc/pic32mx/3.4.4/../../../../pic32mx/lib\libc.a(printf_cdfFnopsuxX.eo)
 .debug_pubnames
                0x00000127       0x31 C:/Program Files (x86)/Microchip/MPLAB C32 Suite/bin/../lib/gcc/pic32mx/3.4.4/../../../../pic32mx/lib\libc.a(default-general-exception-handler.o)
 .debug_pubnames
                0x00000158       0x33 C:/Program Files (x86)/Microchip/MPLAB C32 Suite/bin/../lib/gcc/pic32mx/3.4.4/../../../../pic32mx/lib\libc.a(default-bootstrap-exception-handler.o)
 .debug_pubnames
                0x0000018b       0x20 C:/Program Files (x86)/Microchip/MPLAB C32 Suite/bin/../lib/gcc/pic32mx/3.4.4/../../../../pic32mx/lib\libc.a(default-on-reset.o)
 .debug_pubnames
                0x000001ab       0x24 C:/Program Files (x86)/Microchip/MPLAB C32 Suite/bin/../lib/gcc/pic32mx/3.4.4/../../../../pic32mx/lib\libc.a(default-on-bootstrap.o)
 .debug_pubnames
                0x000001cf       0x49 C:/Program Files (x86)/Microchip/MPLAB C32 Suite/bin/../lib/gcc/pic32mx/3.4.4/../../../../pic32mx/lib\libc.a(_iob.o)
 .debug_pubnames
                0x00000218       0x1c C:/Program Files (x86)/Microchip/MPLAB C32 Suite/bin/../lib/gcc/pic32mx/3.4.4/../../../../pic32mx/lib\libc.a(_fputc_simple.o)
 .debug_pubnames
                0x00000234       0x2c C:/Program Files (x86)/Microchip/MPLAB C32 Suite/bin/../lib/gcc/pic32mx/3.4.4/../../../../pic32mx/lib\libc.a(doprnt_cdfFnopsuxX.eo)
 .debug_pubnames
                0x00000260       0x1c C:/Program Files (x86)/Microchip/MPLAB C32 Suite/bin/../lib/gcc/pic32mx/3.4.4/../../../../pic32mx/lib\libc.a(write.o)
 .debug_pubnames
                0x0000027c       0x1e C:/Program Files (x86)/Microchip/MPLAB C32 Suite/bin/../lib/gcc/pic32mx/3.4.4/../../../../pic32mx/lib\libc.a(_flsbuf_simple.o)
 .debug_pubnames
                0x0000029a       0x1d C:/Program Files (x86)/Microchip/MPLAB C32 Suite/bin/../lib/gcc/pic32mx/3.4.4/../../../../pic32mx/lib\libc.a(ctype.o)
 .debug_pubnames
                0x000002b7       0x2d C:/Program Files (x86)/Microchip/MPLAB C32 Suite/bin/../lib/gcc/pic32mx/3.4.4/../../../../pic32mx/lib\libc.a(powers.o)
 .debug_pubnames
                0x000002e4       0x20 C:/Program Files (x86)/Microchip/MPLAB C32 Suite/bin/../lib/gcc/pic32mx/3.4.4/../../../../pic32mx/lib\libc.a(_mon_putc.o)
 .debug_pubnames
                0x00000304       0x21 C:/Program Files (x86)/Microchip/MPLAB C32 Suite/bin/../lib/gcc/pic32mx/3.4.4/../../../../pic32mx/lib\libc.a(c32_uart.o)
 .debug_pubnames
                0x00000325       0x1c C:/Program Files (x86)/Microchip/MPLAB C32 Suite/bin/../lib/gcc/pic32mx/3.4.4/../../../../pic32mx/lib\libm.a(w_sqrtf.o)
 .debug_pubnames
                0x00000341       0x23 C:/Program Files (x86)/Microchip/MPLAB C32 Suite/bin/../lib/gcc/pic32mx/3.4.4/../../../../pic32mx/lib\libe.a(_fixunsdfdi.o)
 .debug_pubnames
                0x00000364       0x22 C:/Program Files (x86)/Microchip/MPLAB C32 Suite/bin/../lib/gcc/pic32mx/3.4.4/../../../../pic32mx/lib\libe.a(_floatdidf.o)
 .debug_pubnames
                0x00000386       0x21 C:/Program Files (x86)/Microchip/MPLAB C32 Suite/bin/../lib/gcc/pic32mx/3.4.4/../../../../pic32mx/lib\libe.a(_orderdf2.o)
 .debug_pubnames
                0x000003a7       0x20 C:/Program Files (x86)/Microchip/MPLAB C32 Suite/bin/../lib/gcc/pic32mx/3.4.4/../../../../pic32mx/lib\libe.a(_fixdfdi.o)
 .debug_pubnames
                0x000003c7       0x1c C:/Program Files (x86)/Microchip/MPLAB C32 Suite/bin/../lib/gcc/pic32mx/3.4.4/../../../../pic32mx/lib\libc.a(errno.o)

.debug_info     0x00000000     0x1d9f
 *(.debug_info .gnu.linkonce.wi.*)
 .debug_info    0x00000000      0xf1e pic_slave.o
 .debug_info    0x00000f1e      0x158 C:/Program Files (x86)/Microchip/MPLAB C32 Suite/bin/../lib/gcc/pic32mx/3.4.4/../../../../pic32mx/lib\libc.a(puts.o)
 .debug_info    0x00001076      0x13e C:/Program Files (x86)/Microchip/MPLAB C32 Suite/bin/../lib/gcc/pic32mx/3.4.4/../../../../pic32mx/lib\libc.a(printf_cdfFnopsuxX.eo)
 .debug_info    0x000011b4       0x31 C:/Program Files (x86)/Microchip/MPLAB C32 Suite/bin/../lib/gcc/pic32mx/3.4.4/../../../../pic32mx/lib\libc.a(default-general-exception-handler.o)
 .debug_info    0x000011e5       0x31 C:/Program Files (x86)/Microchip/MPLAB C32 Suite/bin/../lib/gcc/pic32mx/3.4.4/../../../../pic32mx/lib\libc.a(default-bootstrap-exception-handler.o)
 .debug_info    0x00001216       0x31 C:/Program Files (x86)/Microchip/MPLAB C32 Suite/bin/../lib/gcc/pic32mx/3.4.4/../../../../pic32mx/lib\libc.a(default-on-reset.o)
 .debug_info    0x00001247       0x31 C:/Program Files (x86)/Microchip/MPLAB C32 Suite/bin/../lib/gcc/pic32mx/3.4.4/../../../../pic32mx/lib\libc.a(default-on-bootstrap.o)
 .debug_info    0x00001278      0x150 C:/Program Files (x86)/Microchip/MPLAB C32 Suite/bin/../lib/gcc/pic32mx/3.4.4/../../../../pic32mx/lib\libc.a(_iob.o)
 .debug_info    0x000013c8      0x12a C:/Program Files (x86)/Microchip/MPLAB C32 Suite/bin/../lib/gcc/pic32mx/3.4.4/../../../../pic32mx/lib\libc.a(_fputc_simple.o)
 .debug_info    0x000014f2      0x3b4 C:/Program Files (x86)/Microchip/MPLAB C32 Suite/bin/../lib/gcc/pic32mx/3.4.4/../../../../pic32mx/lib\libc.a(doprnt_cdfFnopsuxX.eo)
 .debug_info    0x000018a6       0x7c C:/Program Files (x86)/Microchip/MPLAB C32 Suite/bin/../lib/gcc/pic32mx/3.4.4/../../../../pic32mx/lib\libc.a(write.o)
 .debug_info    0x00001922      0x122 C:/Program Files (x86)/Microchip/MPLAB C32 Suite/bin/../lib/gcc/pic32mx/3.4.4/../../../../pic32mx/lib\libc.a(_flsbuf_simple.o)
 .debug_info    0x00001a44       0x61 C:/Program Files (x86)/Microchip/MPLAB C32 Suite/bin/../lib/gcc/pic32mx/3.4.4/../../../../pic32mx/lib\libc.a(ctype.o)
 .debug_info    0x00001aa5       0x87 C:/Program Files (x86)/Microchip/MPLAB C32 Suite/bin/../lib/gcc/pic32mx/3.4.4/../../../../pic32mx/lib\libc.a(powers.o)
 .debug_info    0x00001b2c       0xfb C:/Program Files (x86)/Microchip/MPLAB C32 Suite/bin/../lib/gcc/pic32mx/3.4.4/../../../../pic32mx/lib\libc.a(_mon_putc.o)
 .debug_info    0x00001c27       0x3f C:/Program Files (x86)/Microchip/MPLAB C32 Suite/bin/../lib/gcc/pic32mx/3.4.4/../../../../pic32mx/lib\libc.a(c32_uart.o)
 .debug_info    0x00001c66       0x30 C:/Program Files (x86)/Microchip/MPLAB C32 Suite/bin/../lib/gcc/pic32mx/3.4.4/../../../../pic32mx/lib\libm.a(w_sqrtf.o)
 .debug_info    0x00001c96        0x0 C:/Program Files (x86)/Microchip/MPLAB C32 Suite/bin/../lib/gcc/pic32mx/3.4.4/../../../../pic32mx/lib\libm.a(s_lib_ver.o)
 .debug_info    0x00001c96       0x3a C:/Program Files (x86)/Microchip/MPLAB C32 Suite/bin/../lib/gcc/pic32mx/3.4.4/../../../../pic32mx/lib\libe.a(_fixunsdfdi.o)
 .debug_info    0x00001cd0       0x30 C:/Program Files (x86)/Microchip/MPLAB C32 Suite/bin/../lib/gcc/pic32mx/3.4.4/../../../../pic32mx/lib\libe.a(_floatdidf.o)
 .debug_info    0x00001d00       0x30 C:/Program Files (x86)/Microchip/MPLAB C32 Suite/bin/../lib/gcc/pic32mx/3.4.4/../../../../pic32mx/lib\libe.a(_orderdf2.o)
 .debug_info    0x00001d30       0x30 C:/Program Files (x86)/Microchip/MPLAB C32 Suite/bin/../lib/gcc/pic32mx/3.4.4/../../../../pic32mx/lib\libe.a(_fixdfdi.o)
 .debug_info    0x00001d60       0x3f C:/Program Files (x86)/Microchip/MPLAB C32 Suite/bin/../lib/gcc/pic32mx/3.4.4/../../../../pic32mx/lib\libc.a(errno.o)

.debug_abbrev   0x00000000      0xa18
 *(.debug_abbrev)
 .debug_abbrev  0x00000000      0x1db pic_slave.o
 .debug_abbrev  0x000001db       0xb9 C:/Program Files (x86)/Microchip/MPLAB C32 Suite/bin/../lib/gcc/pic32mx/3.4.4/../../../../pic32mx/lib\libc.a(puts.o)
 .debug_abbrev  0x00000294       0xc7 C:/Program Files (x86)/Microchip/MPLAB C32 Suite/bin/../lib/gcc/pic32mx/3.4.4/../../../../pic32mx/lib\libc.a(printf_cdfFnopsuxX.eo)
 .debug_abbrev  0x0000035b       0x25 C:/Program Files (x86)/Microchip/MPLAB C32 Suite/bin/../lib/gcc/pic32mx/3.4.4/../../../../pic32mx/lib\libc.a(default-general-exception-handler.o)
 .debug_abbrev  0x00000380       0x25 C:/Program Files (x86)/Microchip/MPLAB C32 Suite/bin/../lib/gcc/pic32mx/3.4.4/../../../../pic32mx/lib\libc.a(default-bootstrap-exception-handler.o)
 .debug_abbrev  0x000003a5       0x25 C:/Program Files (x86)/Microchip/MPLAB C32 Suite/bin/../lib/gcc/pic32mx/3.4.4/../../../../pic32mx/lib\libc.a(default-on-reset.o)
 .debug_abbrev  0x000003ca       0x25 C:/Program Files (x86)/Microchip/MPLAB C32 Suite/bin/../lib/gcc/pic32mx/3.4.4/../../../../pic32mx/lib\libc.a(default-on-bootstrap.o)
 .debug_abbrev  0x000003ef       0x81 C:/Program Files (x86)/Microchip/MPLAB C32 Suite/bin/../lib/gcc/pic32mx/3.4.4/../../../../pic32mx/lib\libc.a(_iob.o)
 .debug_abbrev  0x00000470       0xb4 C:/Program Files (x86)/Microchip/MPLAB C32 Suite/bin/../lib/gcc/pic32mx/3.4.4/../../../../pic32mx/lib\libc.a(_fputc_simple.o)
 .debug_abbrev  0x00000524      0x1a0 C:/Program Files (x86)/Microchip/MPLAB C32 Suite/bin/../lib/gcc/pic32mx/3.4.4/../../../../pic32mx/lib\libc.a(doprnt_cdfFnopsuxX.eo)
 .debug_abbrev  0x000006c4       0x73 C:/Program Files (x86)/Microchip/MPLAB C32 Suite/bin/../lib/gcc/pic32mx/3.4.4/../../../../pic32mx/lib\libc.a(write.o)
 .debug_abbrev  0x00000737       0xa7 C:/Program Files (x86)/Microchip/MPLAB C32 Suite/bin/../lib/gcc/pic32mx/3.4.4/../../../../pic32mx/lib\libc.a(_flsbuf_simple.o)
 .debug_abbrev  0x000007de       0x49 C:/Program Files (x86)/Microchip/MPLAB C32 Suite/bin/../lib/gcc/pic32mx/3.4.4/../../../../pic32mx/lib\libc.a(ctype.o)
 .debug_abbrev  0x00000827       0x49 C:/Program Files (x86)/Microchip/MPLAB C32 Suite/bin/../lib/gcc/pic32mx/3.4.4/../../../../pic32mx/lib\libc.a(powers.o)
 .debug_abbrev  0x00000870       0x89 C:/Program Files (x86)/Microchip/MPLAB C32 Suite/bin/../lib/gcc/pic32mx/3.4.4/../../../../pic32mx/lib\libc.a(_mon_putc.o)
 .debug_abbrev  0x000008f9       0x30 C:/Program Files (x86)/Microchip/MPLAB C32 Suite/bin/../lib/gcc/pic32mx/3.4.4/../../../../pic32mx/lib\libc.a(c32_uart.o)
 .debug_abbrev  0x00000929       0x23 C:/Program Files (x86)/Microchip/MPLAB C32 Suite/bin/../lib/gcc/pic32mx/3.4.4/../../../../pic32mx/lib\libm.a(w_sqrtf.o)
 .debug_abbrev  0x0000094c        0x1 C:/Program Files (x86)/Microchip/MPLAB C32 Suite/bin/../lib/gcc/pic32mx/3.4.4/../../../../pic32mx/lib\libm.a(s_lib_ver.o)
 .debug_abbrev  0x0000094d       0x32 C:/Program Files (x86)/Microchip/MPLAB C32 Suite/bin/../lib/gcc/pic32mx/3.4.4/../../../../pic32mx/lib\libe.a(_fixunsdfdi.o)
 .debug_abbrev  0x0000097f       0x23 C:/Program Files (x86)/Microchip/MPLAB C32 Suite/bin/../lib/gcc/pic32mx/3.4.4/../../../../pic32mx/lib\libe.a(_floatdidf.o)
 .debug_abbrev  0x000009a2       0x23 C:/Program Files (x86)/Microchip/MPLAB C32 Suite/bin/../lib/gcc/pic32mx/3.4.4/../../../../pic32mx/lib\libe.a(_orderdf2.o)
 .debug_abbrev  0x000009c5       0x23 C:/Program Files (x86)/Microchip/MPLAB C32 Suite/bin/../lib/gcc/pic32mx/3.4.4/../../../../pic32mx/lib\libe.a(_fixdfdi.o)
 .debug_abbrev  0x000009e8       0x30 C:/Program Files (x86)/Microchip/MPLAB C32 Suite/bin/../lib/gcc/pic32mx/3.4.4/../../../../pic32mx/lib\libc.a(errno.o)

.debug_line     0x00000000     0x1c06
 *(.debug_line)
 .debug_line    0x00000000      0x33c pic_slave.o
 .debug_line    0x0000033c      0x1cf C:/Program Files (x86)/Microchip/MPLAB C32 Suite/bin/../lib/gcc/pic32mx/3.4.4/../../../../pic32mx/lib\libc.a(puts.o)
 .debug_line    0x0000050b      0x161 C:/Program Files (x86)/Microchip/MPLAB C32 Suite/bin/../lib/gcc/pic32mx/3.4.4/../../../../pic32mx/lib\libc.a(printf_cdfFnopsuxX.eo)
 .debug_line    0x0000066c       0xba C:/Program Files (x86)/Microchip/MPLAB C32 Suite/bin/../lib/gcc/pic32mx/3.4.4/../../../../pic32mx/lib\libc.a(default-general-exception-handler.o)
 .debug_line    0x00000726       0xbc C:/Program Files (x86)/Microchip/MPLAB C32 Suite/bin/../lib/gcc/pic32mx/3.4.4/../../../../pic32mx/lib\libc.a(default-bootstrap-exception-handler.o)
 .debug_line    0x000007e2       0xa9 C:/Program Files (x86)/Microchip/MPLAB C32 Suite/bin/../lib/gcc/pic32mx/3.4.4/../../../../pic32mx/lib\libc.a(default-on-reset.o)
 .debug_line    0x0000088b       0xad C:/Program Files (x86)/Microchip/MPLAB C32 Suite/bin/../lib/gcc/pic32mx/3.4.4/../../../../pic32mx/lib\libc.a(default-on-bootstrap.o)
 .debug_line    0x00000938      0x196 C:/Program Files (x86)/Microchip/MPLAB C32 Suite/bin/../lib/gcc/pic32mx/3.4.4/../../../../pic32mx/lib\libc.a(_iob.o)
 .debug_line    0x00000ace      0x197 C:/Program Files (x86)/Microchip/MPLAB C32 Suite/bin/../lib/gcc/pic32mx/3.4.4/../../../../pic32mx/lib\libc.a(_fputc_simple.o)
 .debug_line    0x00000c65      0x517 C:/Program Files (x86)/Microchip/MPLAB C32 Suite/bin/../lib/gcc/pic32mx/3.4.4/../../../../pic32mx/lib\libc.a(doprnt_cdfFnopsuxX.eo)
 .debug_line    0x0000117c       0xc2 C:/Program Files (x86)/Microchip/MPLAB C32 Suite/bin/../lib/gcc/pic32mx/3.4.4/../../../../pic32mx/lib\libc.a(write.o)
 .debug_line    0x0000123e      0x19d C:/Program Files (x86)/Microchip/MPLAB C32 Suite/bin/../lib/gcc/pic32mx/3.4.4/../../../../pic32mx/lib\libc.a(_flsbuf_simple.o)
 .debug_line    0x000013db      0x102 C:/Program Files (x86)/Microchip/MPLAB C32 Suite/bin/../lib/gcc/pic32mx/3.4.4/../../../../pic32mx/lib\libc.a(ctype.o)
 .debug_line    0x000014dd      0x18d C:/Program Files (x86)/Microchip/MPLAB C32 Suite/bin/../lib/gcc/pic32mx/3.4.4/../../../../pic32mx/lib\libc.a(powers.o)
 .debug_line    0x0000166a       0xd3 C:/Program Files (x86)/Microchip/MPLAB C32 Suite/bin/../lib/gcc/pic32mx/3.4.4/../../../../pic32mx/lib\libc.a(_mon_putc.o)
 .debug_line    0x0000173d       0x8f C:/Program Files (x86)/Microchip/MPLAB C32 Suite/bin/../lib/gcc/pic32mx/3.4.4/../../../../pic32mx/lib\libc.a(c32_uart.o)
 .debug_line    0x000017cc       0x91 C:/Program Files (x86)/Microchip/MPLAB C32 Suite/bin/../lib/gcc/pic32mx/3.4.4/../../../../pic32mx/lib\libm.a(w_sqrtf.o)
 .debug_line    0x0000185d        0x0 C:/Program Files (x86)/Microchip/MPLAB C32 Suite/bin/../lib/gcc/pic32mx/3.4.4/../../../../pic32mx/lib\libm.a(s_lib_ver.o)
 .debug_line    0x0000185d       0x8c C:/Program Files (x86)/Microchip/MPLAB C32 Suite/bin/../lib/gcc/pic32mx/3.4.4/../../../../pic32mx/lib\libe.a(_fixunsdfdi.o)
 .debug_line    0x000018e9       0x8b C:/Program Files (x86)/Microchip/MPLAB C32 Suite/bin/../lib/gcc/pic32mx/3.4.4/../../../../pic32mx/lib\libe.a(_floatdidf.o)
 .debug_line    0x00001974       0x8b C:/Program Files (x86)/Microchip/MPLAB C32 Suite/bin/../lib/gcc/pic32mx/3.4.4/../../../../pic32mx/lib\libe.a(_orderdf2.o)
 .debug_line    0x000019ff       0x8b C:/Program Files (x86)/Microchip/MPLAB C32 Suite/bin/../lib/gcc/pic32mx/3.4.4/../../../../pic32mx/lib\libe.a(_fixdfdi.o)
 .debug_line    0x00001a8a      0x17c C:/Program Files (x86)/Microchip/MPLAB C32 Suite/bin/../lib/gcc/pic32mx/3.4.4/../../../../pic32mx/lib\libc.a(errno.o)

.debug_frame    0x00000000      0x3e4
 *(.debug_frame)
 .debug_frame   0x00000000      0x114 pic_slave.o
 .debug_frame   0x00000114       0x50 C:/Program Files (x86)/Microchip/MPLAB C32 Suite/bin/../lib/gcc/pic32mx/3.4.4/../../../../pic32mx/lib\libc.a(puts.o)
 .debug_frame   0x00000164       0x28 C:/Program Files (x86)/Microchip/MPLAB C32 Suite/bin/../lib/gcc/pic32mx/3.4.4/../../../../pic32mx/lib\libc.a(printf_cdfFnopsuxX.eo)
 .debug_frame   0x0000018c       0x20 C:/Program Files (x86)/Microchip/MPLAB C32 Suite/bin/../lib/gcc/pic32mx/3.4.4/../../../../pic32mx/lib\libc.a(default-general-exception-handler.o)
 .debug_frame   0x000001ac       0x20 C:/Program Files (x86)/Microchip/MPLAB C32 Suite/bin/../lib/gcc/pic32mx/3.4.4/../../../../pic32mx/lib\libc.a(default-bootstrap-exception-handler.o)
 .debug_frame   0x000001cc       0x20 C:/Program Files (x86)/Microchip/MPLAB C32 Suite/bin/../lib/gcc/pic32mx/3.4.4/../../../../pic32mx/lib\libc.a(default-on-reset.o)
 .debug_frame   0x000001ec       0x20 C:/Program Files (x86)/Microchip/MPLAB C32 Suite/bin/../lib/gcc/pic32mx/3.4.4/../../../../pic32mx/lib\libc.a(default-on-bootstrap.o)
 .debug_frame   0x0000020c       0x30 C:/Program Files (x86)/Microchip/MPLAB C32 Suite/bin/../lib/gcc/pic32mx/3.4.4/../../../../pic32mx/lib\libc.a(_fputc_simple.o)
 .debug_frame   0x0000023c       0x68 C:/Program Files (x86)/Microchip/MPLAB C32 Suite/bin/../lib/gcc/pic32mx/3.4.4/../../../../pic32mx/lib\libc.a(doprnt_cdfFnopsuxX.eo)
 .debug_frame   0x000002a4       0x34 C:/Program Files (x86)/Microchip/MPLAB C32 Suite/bin/../lib/gcc/pic32mx/3.4.4/../../../../pic32mx/lib\libc.a(write.o)
 .debug_frame   0x000002d8       0x2c C:/Program Files (x86)/Microchip/MPLAB C32 Suite/bin/../lib/gcc/pic32mx/3.4.4/../../../../pic32mx/lib\libc.a(_flsbuf_simple.o)
 .debug_frame   0x00000304       0x20 C:/Program Files (x86)/Microchip/MPLAB C32 Suite/bin/../lib/gcc/pic32mx/3.4.4/../../../../pic32mx/lib\libc.a(_mon_putc.o)
 .debug_frame   0x00000324       0x2c C:/Program Files (x86)/Microchip/MPLAB C32 Suite/bin/../lib/gcc/pic32mx/3.4.4/../../../../pic32mx/lib\libm.a(w_sqrtf.o)
 .debug_frame   0x00000350       0x34 C:/Program Files (x86)/Microchip/MPLAB C32 Suite/bin/../lib/gcc/pic32mx/3.4.4/../../../../pic32mx/lib\libe.a(_fixunsdfdi.o)
 .debug_frame   0x00000384       0x20 C:/Program Files (x86)/Microchip/MPLAB C32 Suite/bin/../lib/gcc/pic32mx/3.4.4/../../../../pic32mx/lib\libe.a(_floatdidf.o)
 .debug_frame   0x000003a4       0x20 C:/Program Files (x86)/Microchip/MPLAB C32 Suite/bin/../lib/gcc/pic32mx/3.4.4/../../../../pic32mx/lib\libe.a(_orderdf2.o)
 .debug_frame   0x000003c4       0x20 C:/Program Files (x86)/Microchip/MPLAB C32 Suite/bin/../lib/gcc/pic32mx/3.4.4/../../../../pic32mx/lib\libe.a(_fixdfdi.o)

.debug_str      0x00000000      0x9ea
 *(.debug_str)
 .debug_str     0x00000000       0x24 pic_slave.o
 .debug_str     0x00000024      0x113 C:/Program Files (x86)/Microchip/MPLAB C32 Suite/bin/../lib/gcc/pic32mx/3.4.4/../../../../pic32mx/lib\libc.a(puts.o)
                                0x13c (size before relaxing)
 .debug_str     0x00000137       0x92 C:/Program Files (x86)/Microchip/MPLAB C32 Suite/bin/../lib/gcc/pic32mx/3.4.4/../../../../pic32mx/lib\libc.a(printf_cdfFnopsuxX.eo)
                                0x160 (size before relaxing)
 .debug_str     0x000001c9       0xa5 C:/Program Files (x86)/Microchip/MPLAB C32 Suite/bin/../lib/gcc/pic32mx/3.4.4/../../../../pic32mx/lib\libc.a(default-general-exception-handler.o)
                                 0xec (size before relaxing)
 .debug_str     0x0000026e       0xa9 C:/Program Files (x86)/Microchip/MPLAB C32 Suite/bin/../lib/gcc/pic32mx/3.4.4/../../../../pic32mx/lib\libc.a(default-bootstrap-exception-handler.o)
                                 0xf0 (size before relaxing)
 .debug_str     0x00000317       0x83 C:/Program Files (x86)/Microchip/MPLAB C32 Suite/bin/../lib/gcc/pic32mx/3.4.4/../../../../pic32mx/lib\libc.a(default-on-reset.o)
                                 0xca (size before relaxing)
 .debug_str     0x0000039a       0x8b C:/Program Files (x86)/Microchip/MPLAB C32 Suite/bin/../lib/gcc/pic32mx/3.4.4/../../../../pic32mx/lib\libc.a(default-on-bootstrap.o)
                                 0xd2 (size before relaxing)
 .debug_str     0x00000425       0x89 C:/Program Files (x86)/Microchip/MPLAB C32 Suite/bin/../lib/gcc/pic32mx/3.4.4/../../../../pic32mx/lib\libc.a(_iob.o)
                                0x14f (size before relaxing)
 .debug_str     0x000004ae       0x1b C:/Program Files (x86)/Microchip/MPLAB C32 Suite/bin/../lib/gcc/pic32mx/3.4.4/../../../../pic32mx/lib\libc.a(_fputc_simple.o)
                                0x149 (size before relaxing)
 .debug_str     0x000004c9       0xe4 C:/Program Files (x86)/Microchip/MPLAB C32 Suite/bin/../lib/gcc/pic32mx/3.4.4/../../../../pic32mx/lib\libc.a(doprnt_cdfFnopsuxX.eo)
                                0x22c (size before relaxing)
 .debug_str     0x000005ad       0x7c C:/Program Files (x86)/Microchip/MPLAB C32 Suite/bin/../lib/gcc/pic32mx/3.4.4/../../../../pic32mx/lib\libc.a(write.o)
                                 0xd6 (size before relaxing)
 .debug_str     0x00000629       0x18 C:/Program Files (x86)/Microchip/MPLAB C32 Suite/bin/../lib/gcc/pic32mx/3.4.4/../../../../pic32mx/lib\libc.a(_flsbuf_simple.o)
                                0x144 (size before relaxing)
 .debug_str     0x00000641       0x6c C:/Program Files (x86)/Microchip/MPLAB C32 Suite/bin/../lib/gcc/pic32mx/3.4.4/../../../../pic32mx/lib\libc.a(ctype.o)
                                 0xd1 (size before relaxing)
 .debug_str     0x000006ad       0x6d C:/Program Files (x86)/Microchip/MPLAB C32 Suite/bin/../lib/gcc/pic32mx/3.4.4/../../../../pic32mx/lib\libc.a(powers.o)
                                 0xe5 (size before relaxing)
 .debug_str     0x0000071a       0xe1 C:/Program Files (x86)/Microchip/MPLAB C32 Suite/bin/../lib/gcc/pic32mx/3.4.4/../../../../pic32mx/lib\libc.a(_mon_putc.o)
                                0x13a (size before relaxing)
 .debug_str     0x000007fb       0x6f C:/Program Files (x86)/Microchip/MPLAB C32 Suite/bin/../lib/gcc/pic32mx/3.4.4/../../../../pic32mx/lib\libc.a(c32_uart.o)
                                 0xc1 (size before relaxing)
 .debug_str     0x0000086a       0x77 C:/Program Files (x86)/Microchip/MPLAB C32 Suite/bin/../lib/gcc/pic32mx/3.4.4/../../../../pic32mx/lib\libm.a(w_sqrtf.o)
                                 0xbe (size before relaxing)
 .debug_str     0x000008e1       0x81 C:/Program Files (x86)/Microchip/MPLAB C32 Suite/bin/../lib/gcc/pic32mx/3.4.4/../../../../pic32mx/lib\libe.a(_fixunsdfdi.o)
                                 0xc8 (size before relaxing)
 .debug_str     0x00000962        0xc C:/Program Files (x86)/Microchip/MPLAB C32 Suite/bin/../lib/gcc/pic32mx/3.4.4/../../../../pic32mx/lib\libe.a(_floatdidf.o)
                                 0xbc (size before relaxing)
 .debug_str     0x00000000       0xbb C:/Program Files (x86)/Microchip/MPLAB C32 Suite/bin/../lib/gcc/pic32mx/3.4.4/../../../../pic32mx/lib\libe.a(_orderdf2.o)
 .debug_str     0x0000096e        0xa C:/Program Files (x86)/Microchip/MPLAB C32 Suite/bin/../lib/gcc/pic32mx/3.4.4/../../../../pic32mx/lib\libe.a(_fixdfdi.o)
                                 0xba (size before relaxing)
 .debug_str     0x00000978       0x72 C:/Program Files (x86)/Microchip/MPLAB C32 Suite/bin/../lib/gcc/pic32mx/3.4.4/../../../../pic32mx/lib\libc.a(errno.o)
                                 0xb9 (size before relaxing)

.debug_loc
 *(.debug_loc)

.debug_macinfo  0x00000000    0x13337
 *(.debug_macinfo)
 .debug_macinfo
                0x00000000     0x1e47 C:/Program Files (x86)/Microchip/MPLAB C32 Suite/bin/../lib/gcc/pic32mx/3.4.4/../../../../pic32mx/lib\libc.a(puts.o)
 .debug_macinfo
                0x00001e47     0x2022 C:/Program Files (x86)/Microchip/MPLAB C32 Suite/bin/../lib/gcc/pic32mx/3.4.4/../../../../pic32mx/lib\libc.a(printf_cdfFnopsuxX.eo)
 .debug_macinfo
                0x00003e69      0x92f C:/Program Files (x86)/Microchip/MPLAB C32 Suite/bin/../lib/gcc/pic32mx/3.4.4/../../../../pic32mx/lib\libc.a(default-general-exception-handler.o)
 .debug_macinfo
                0x00004798      0x92f C:/Program Files (x86)/Microchip/MPLAB C32 Suite/bin/../lib/gcc/pic32mx/3.4.4/../../../../pic32mx/lib\libc.a(default-bootstrap-exception-handler.o)
 .debug_macinfo
                0x000050c7      0x92f C:/Program Files (x86)/Microchip/MPLAB C32 Suite/bin/../lib/gcc/pic32mx/3.4.4/../../../../pic32mx/lib\libc.a(default-on-reset.o)
 .debug_macinfo
                0x000059f6      0x92f C:/Program Files (x86)/Microchip/MPLAB C32 Suite/bin/../lib/gcc/pic32mx/3.4.4/../../../../pic32mx/lib\libc.a(default-on-bootstrap.o)
 .debug_macinfo
                0x00006325     0x1e4e C:/Program Files (x86)/Microchip/MPLAB C32 Suite/bin/../lib/gcc/pic32mx/3.4.4/../../../../pic32mx/lib\libc.a(_iob.o)
 .debug_macinfo
                0x00008173     0x1e8f C:/Program Files (x86)/Microchip/MPLAB C32 Suite/bin/../lib/gcc/pic32mx/3.4.4/../../../../pic32mx/lib\libc.a(_fputc_simple.o)
 .debug_macinfo
                0x0000a002     0x302d C:/Program Files (x86)/Microchip/MPLAB C32 Suite/bin/../lib/gcc/pic32mx/3.4.4/../../../../pic32mx/lib\libc.a(doprnt_cdfFnopsuxX.eo)
 .debug_macinfo
                0x0000d02f      0x92f C:/Program Files (x86)/Microchip/MPLAB C32 Suite/bin/../lib/gcc/pic32mx/3.4.4/../../../../pic32mx/lib\libc.a(write.o)
 .debug_macinfo
                0x0000d95e     0x1eb3 C:/Program Files (x86)/Microchip/MPLAB C32 Suite/bin/../lib/gcc/pic32mx/3.4.4/../../../../pic32mx/lib\libc.a(_flsbuf_simple.o)
 .debug_macinfo
                0x0000f811      0xcd9 C:/Program Files (x86)/Microchip/MPLAB C32 Suite/bin/../lib/gcc/pic32mx/3.4.4/../../../../pic32mx/lib\libc.a(ctype.o)
 .debug_macinfo
                0x000104ea      0xda7 C:/Program Files (x86)/Microchip/MPLAB C32 Suite/bin/../lib/gcc/pic32mx/3.4.4/../../../../pic32mx/lib\libc.a(powers.o)
 .debug_macinfo
                0x00011291      0x9bc C:/Program Files (x86)/Microchip/MPLAB C32 Suite/bin/../lib/gcc/pic32mx/3.4.4/../../../../pic32mx/lib\libc.a(_mon_putc.o)
 .debug_macinfo
                0x00011c4d      0x92f C:/Program Files (x86)/Microchip/MPLAB C32 Suite/bin/../lib/gcc/pic32mx/3.4.4/../../../../pic32mx/lib\libc.a(c32_uart.o)
 .debug_macinfo
                0x0001257c      0xdbb C:/Program Files (x86)/Microchip/MPLAB C32 Suite/bin/../lib/gcc/pic32mx/3.4.4/../../../../pic32mx/lib\libc.a(errno.o)

.debug_weaknames
 *(.debug_weaknames)

.debug_funcnames
 *(.debug_funcnames)

.debug_typenames
 *(.debug_typenames)

.debug_varnames
 *(.debug_varnames)
OUTPUT(pic_slave.elf elf32-tradlittlemips)
