Archive member included because of file (symbol)

C:/Program Files (x86)/Microchip/MPLAB C32 Suite/bin/../lib/gcc/pic32mx/3.4.4/../../../../pic32mx/lib\libc.a(general-exception.o)
                              C:/Program Files (x86)/Microchip/MPLAB C32 Suite/bin/../lib/gcc/pic32mx/3.4.4/../../../../pic32mx/lib/crt0.o (_general_exception_context)
C:/Program Files (x86)/Microchip/MPLAB C32 Suite/bin/../lib/gcc/pic32mx/3.4.4/../../../../pic32mx/lib\libc.a(puts.o)
                              pic_slave.o (puts)
C:/Program Files (x86)/Microchip/MPLAB C32 Suite/bin/../lib/gcc/pic32mx/3.4.4/../../../../pic32mx/lib\libc.a(printf_cdnopuxX.eo)
                              pic_slave.o (_printf_cdnopuxX)
C:/Program Files (x86)/Microchip/MPLAB C32 Suite/bin/../lib/gcc/pic32mx/3.4.4/../../../../pic32mx/lib\libc.a(default-general-exception-handler.o)
                              C:/Program Files (x86)/Microchip/MPLAB C32 Suite/bin/../lib/gcc/pic32mx/3.4.4/../../../../pic32mx/lib\libc.a(general-exception.o) (_general_exception_handler)
C:/Program Files (x86)/Microchip/MPLAB C32 Suite/bin/../lib/gcc/pic32mx/3.4.4/../../../../pic32mx/lib\libc.a(default-bootstrap-exception-handler.o)
                              C:/Program Files (x86)/Microchip/MPLAB C32 Suite/bin/../lib/gcc/pic32mx/3.4.4/../../../../pic32mx/lib/crt0.o (_bootstrap_exception_handler)
C:/Program Files (x86)/Microchip/MPLAB C32 Suite/bin/../lib/gcc/pic32mx/3.4.4/../../../../pic32mx/lib\libc.a(default-on-reset.o)
                              C:/Program Files (x86)/Microchip/MPLAB C32 Suite/bin/../lib/gcc/pic32mx/3.4.4/../../../../pic32mx/lib/crt0.o (_on_reset)
C:/Program Files (x86)/Microchip/MPLAB C32 Suite/bin/../lib/gcc/pic32mx/3.4.4/../../../../pic32mx/lib\libc.a(default-on-bootstrap.o)
                              C:/Program Files (x86)/Microchip/MPLAB C32 Suite/bin/../lib/gcc/pic32mx/3.4.4/../../../../pic32mx/lib/crt0.o (_on_bootstrap)
C:/Program Files (x86)/Microchip/MPLAB C32 Suite/bin/../lib/gcc/pic32mx/3.4.4/../../../../pic32mx/lib\libc.a(default-nmi-handler.o)
                              C:/Program Files (x86)/Microchip/MPLAB C32 Suite/bin/../lib/gcc/pic32mx/3.4.4/../../../../pic32mx/lib/crt0.o (_nmi_handler)
C:/Program Files (x86)/Microchip/MPLAB C32 Suite/bin/../lib/gcc/pic32mx/3.4.4/../../../../pic32mx/lib\libc.a(_iob.o)
                              C:/Program Files (x86)/Microchip/MPLAB C32 Suite/bin/../lib/gcc/pic32mx/3.4.4/../../../../pic32mx/lib\libc.a(puts.o) (_iob)
C:/Program Files (x86)/Microchip/MPLAB C32 Suite/bin/../lib/gcc/pic32mx/3.4.4/../../../../pic32mx/lib\libc.a(_fputc_simple.o)
                              C:/Program Files (x86)/Microchip/MPLAB C32 Suite/bin/../lib/gcc/pic32mx/3.4.4/../../../../pic32mx/lib\libc.a(puts.o) (fputc)
C:/Program Files (x86)/Microchip/MPLAB C32 Suite/bin/../lib/gcc/pic32mx/3.4.4/../../../../pic32mx/lib\libc.a(doprnt_cdnopuxX.eo)
                              C:/Program Files (x86)/Microchip/MPLAB C32 Suite/bin/../lib/gcc/pic32mx/3.4.4/../../../../pic32mx/lib\libc.a(printf_cdnopuxX.eo) (_vfprintf_cdnopuxX)
C:/Program Files (x86)/Microchip/MPLAB C32 Suite/bin/../lib/gcc/pic32mx/3.4.4/../../../../pic32mx/lib\libc.a(write.o)
                              C:/Program Files (x86)/Microchip/MPLAB C32 Suite/bin/../lib/gcc/pic32mx/3.4.4/../../../../pic32mx/lib\libc.a(_fputc_simple.o) (write)
C:/Program Files (x86)/Microchip/MPLAB C32 Suite/bin/../lib/gcc/pic32mx/3.4.4/../../../../pic32mx/lib\libc.a(_flsbuf_simple.o)
                              C:/Program Files (x86)/Microchip/MPLAB C32 Suite/bin/../lib/gcc/pic32mx/3.4.4/../../../../pic32mx/lib\libc.a(_fputc_simple.o) (_flsbuf)
C:/Program Files (x86)/Microchip/MPLAB C32 Suite/bin/../lib/gcc/pic32mx/3.4.4/../../../../pic32mx/lib\libc.a(ctype.o)
                              C:/Program Files (x86)/Microchip/MPLAB C32 Suite/bin/../lib/gcc/pic32mx/3.4.4/../../../../pic32mx/lib\libc.a(doprnt_cdnopuxX.eo) (_ctype)
C:/Program Files (x86)/Microchip/MPLAB C32 Suite/bin/../lib/gcc/pic32mx/3.4.4/../../../../pic32mx/lib\libc.a(_mon_putc.o)
                              C:/Program Files (x86)/Microchip/MPLAB C32 Suite/bin/../lib/gcc/pic32mx/3.4.4/../../../../pic32mx/lib\libc.a(write.o) (_mon_putc)
C:/Program Files (x86)/Microchip/MPLAB C32 Suite/bin/../lib/gcc/pic32mx/3.4.4/../../../../pic32mx/lib\libc.a(c32_uart.o)
                              C:/Program Files (x86)/Microchip/MPLAB C32 Suite/bin/../lib/gcc/pic32mx/3.4.4/../../../../pic32mx/lib\libc.a(_mon_putc.o) (__C32_UART)
C:/Program Files (x86)/Microchip/MPLAB C32 Suite/bin/../lib/gcc/pic32mx/3.4.4/../../../../pic32mx/lib\libm.a(fp32.o)
                              pic_slave.o (fpadd)
C:/Program Files (x86)/Microchip/MPLAB C32 Suite/bin/../lib/gcc/pic32mx/3.4.4/../../../../pic32mx/lib\libmchp_peripheral_32MX675F512H.a(int_enable_mv_int_lib.o)
                              pic_slave.o (INTEnableSystemMultiVectoredInt)
C:/Program Files (x86)/Microchip/MPLAB C32 Suite/bin/../lib/gcc/pic32mx/3.4.4/../../../../pic32mx/lib\libmchp_peripheral_32MX675F512H.a(int_enable_interrupts_lib.o)
                              C:/Program Files (x86)/Microchip/MPLAB C32 Suite/bin/../lib/gcc/pic32mx/3.4.4/../../../../pic32mx/lib\libmchp_peripheral_32MX675F512H.a(int_enable_mv_int_lib.o) (INTEnableInterrupts)
C:/Program Files (x86)/Microchip/MPLAB C32 Suite/bin/../lib/gcc/pic32mx/3.4.4\libgcc.a(_udivdi3.o)
                              C:/Program Files (x86)/Microchip/MPLAB C32 Suite/bin/../lib/gcc/pic32mx/3.4.4/../../../../pic32mx/lib\libc.a(doprnt_cdnopuxX.eo) (__udivdi3)
C:/Program Files (x86)/Microchip/MPLAB C32 Suite/bin/../lib/gcc/pic32mx/3.4.4\libgcc.a(_umoddi3.o)
                              C:/Program Files (x86)/Microchip/MPLAB C32 Suite/bin/../lib/gcc/pic32mx/3.4.4/../../../../pic32mx/lib\libc.a(doprnt_cdnopuxX.eo) (__umoddi3)

Allocating common symbols
Common symbol       size              file

_sibuf              0x20              C:/Program Files (x86)/Microchip/MPLAB C32 Suite/bin/../lib/gcc/pic32mx/3.4.4/../../../../pic32mx/lib\libc.a(_iob.o)
_outdone            0x1               C:/Program Files (x86)/Microchip/MPLAB C32 Suite/bin/../lib/gcc/pic32mx/3.4.4/../../../../pic32mx/lib\libc.a(_iob.o)
audio               0x1f40            pic_slave.o
_sobuf              0x20              C:/Program Files (x86)/Microchip/MPLAB C32 Suite/bin/../lib/gcc/pic32mx/3.4.4/../../../../pic32mx/lib\libc.a(_iob.o)

Microchip PIC32 Memory-Usage Report

kseg0 Program-Memory Usage
section                    address  length [bytes]      (dec)  Description
-------                 ----------  -------------------------  -----------
.text                   0x9d000000         0x28ac       10412  Application's executable code 
.rodata                 0x9d0028b0          0x348         840  Read-only constant data 
.eh_frame               0x9d002bf8           0x50          80  Stack unwind info 
.data                   0x9d002c48           0xa0         160  Data-initialization template 
.sdata                  0x9d002ce8            0x8           8  Small data-initialization template 
      Total kseg0_program_mem used  :      0x2cec       11500  2.2% of 0x80000

kseg0 Boot-Memory Usage
section                    address  length [bytes]      (dec)  Description
-------                 ----------  -------------------------  -----------
.startup                0x9fc00490          0x1e0         480  C startup code 
         Total kseg0_boot_mem used  :       0x1e0         480  19.9% of 0x970

Exception-Memory Usage 
section                    address  length [bytes]      (dec)  Description
-------                 ----------  -------------------------  -----------
.app_excpt              0x9fc01180           0x10          16  General-Exception handler 
.vector_8               0x9fc01300            0x8           8  Interrupt Vector 8 
          Total exception_mem used  :        0x18          24  0.6% of 0x1000

kseg1 Boot-Memory Usage
section                    address  length [bytes]      (dec)  Description
-------                 ----------  -------------------------  -----------
.reset                  0xbfc00000           0x10          16  Reset handler 
.bev_excpt              0xbfc00380           0x10          16  BEV-Exception handler 
         Total kseg1_boot_mem used  :        0x20          32  2.7% of 0x490
        --------------------------------------------------------------------------
         Total Program Memory used  :      0x2f04       12036  2.3% of 0x81e00
        --------------------------------------------------------------------------


kseg1 Data-Memory Usage
section                    address  length [bytes]      (dec)  Description
-------                 ----------  -------------------------  -----------
.data                   0xa0000200           0xa0         160  Initialized data 
.sdata                  0xa00002a0            0x8           8  Small initialized data 
.sbss                   0xa00002a8            0x3           3  Small uninitialized data 
.bss                    0xa00002ac         0x1f80        8064  Uninitialized data 
.stack                  0xa0002230          0x400        1024  Minimum space reserved for stack 
         Total kseg1_data_mem used  :      0x242b        9259  14.1% of 0x10000
        --------------------------------------------------------------------------
            Total Data Memory used  :      0x242b        9259  14.1% of 0x10000
        --------------------------------------------------------------------------

Discarded input sections

 .data          0x00000000        0x0 C:/Program Files (x86)/Microchip/MPLAB C32 Suite/bin/../lib/gcc/pic32mx/3.4.4/../../../../pic32mx/lib/crt0.o
 .bss           0x00000000        0x0 C:/Program Files (x86)/Microchip/MPLAB C32 Suite/bin/../lib/gcc/pic32mx/3.4.4/../../../../pic32mx/lib/crt0.o
 .reginfo       0x00000000       0x18 C:/Program Files (x86)/Microchip/MPLAB C32 Suite/bin/../lib/gcc/pic32mx/3.4.4/../../../../pic32mx/lib/crt0.o
 .pdr           0x00000000       0xa0 C:/Program Files (x86)/Microchip/MPLAB C32 Suite/bin/../lib/gcc/pic32mx/3.4.4/../../../../pic32mx/lib/crt0.o
 .data          0x00000000        0x0 pic_slave.o
 .bss           0x00000000        0x0 pic_slave.o
 .reginfo       0x00000000       0x18 pic_slave.o
 .pdr           0x00000000      0x120 pic_slave.o
 .text          0x00000000        0x0 C:/Program Files (x86)/Microchip/MPLAB C32 Suite/bin/../lib/gcc/pic32mx/3.4.4/../../../../pic32mx/lib\libc.a(general-exception.o)
 .data          0x00000000        0x0 C:/Program Files (x86)/Microchip/MPLAB C32 Suite/bin/../lib/gcc/pic32mx/3.4.4/../../../../pic32mx/lib\libc.a(general-exception.o)
 .bss           0x00000000        0x0 C:/Program Files (x86)/Microchip/MPLAB C32 Suite/bin/../lib/gcc/pic32mx/3.4.4/../../../../pic32mx/lib\libc.a(general-exception.o)
 .reginfo       0x00000000       0x18 C:/Program Files (x86)/Microchip/MPLAB C32 Suite/bin/../lib/gcc/pic32mx/3.4.4/../../../../pic32mx/lib\libc.a(general-exception.o)
 .pdr           0x00000000       0x20 C:/Program Files (x86)/Microchip/MPLAB C32 Suite/bin/../lib/gcc/pic32mx/3.4.4/../../../../pic32mx/lib\libc.a(general-exception.o)
 .text          0x00000000        0x0 C:/Program Files (x86)/Microchip/MPLAB C32 Suite/bin/../lib/gcc/pic32mx/3.4.4/../../../../pic32mx/lib\libc.a(puts.o)
 .data          0x00000000        0x0 C:/Program Files (x86)/Microchip/MPLAB C32 Suite/bin/../lib/gcc/pic32mx/3.4.4/../../../../pic32mx/lib\libc.a(puts.o)
 .bss           0x00000000        0x0 C:/Program Files (x86)/Microchip/MPLAB C32 Suite/bin/../lib/gcc/pic32mx/3.4.4/../../../../pic32mx/lib\libc.a(puts.o)
 .reginfo       0x00000000       0x18 C:/Program Files (x86)/Microchip/MPLAB C32 Suite/bin/../lib/gcc/pic32mx/3.4.4/../../../../pic32mx/lib\libc.a(puts.o)
 .pdr           0x00000000       0x40 C:/Program Files (x86)/Microchip/MPLAB C32 Suite/bin/../lib/gcc/pic32mx/3.4.4/../../../../pic32mx/lib\libc.a(puts.o)
 .text          0x00000000        0x0 C:/Program Files (x86)/Microchip/MPLAB C32 Suite/bin/../lib/gcc/pic32mx/3.4.4/../../../../pic32mx/lib\libc.a(printf_cdnopuxX.eo)
 .data          0x00000000        0x0 C:/Program Files (x86)/Microchip/MPLAB C32 Suite/bin/../lib/gcc/pic32mx/3.4.4/../../../../pic32mx/lib\libc.a(printf_cdnopuxX.eo)
 .bss           0x00000000        0x0 C:/Program Files (x86)/Microchip/MPLAB C32 Suite/bin/../lib/gcc/pic32mx/3.4.4/../../../../pic32mx/lib\libc.a(printf_cdnopuxX.eo)
 .reginfo       0x00000000       0x18 C:/Program Files (x86)/Microchip/MPLAB C32 Suite/bin/../lib/gcc/pic32mx/3.4.4/../../../../pic32mx/lib\libc.a(printf_cdnopuxX.eo)
 .pdr           0x00000000       0x20 C:/Program Files (x86)/Microchip/MPLAB C32 Suite/bin/../lib/gcc/pic32mx/3.4.4/../../../../pic32mx/lib\libc.a(printf_cdnopuxX.eo)
 .text          0x00000000        0x0 C:/Program Files (x86)/Microchip/MPLAB C32 Suite/bin/../lib/gcc/pic32mx/3.4.4/../../../../pic32mx/lib\libc.a(default-general-exception-handler.o)
 .data          0x00000000        0x0 C:/Program Files (x86)/Microchip/MPLAB C32 Suite/bin/../lib/gcc/pic32mx/3.4.4/../../../../pic32mx/lib\libc.a(default-general-exception-handler.o)
 .bss           0x00000000        0x0 C:/Program Files (x86)/Microchip/MPLAB C32 Suite/bin/../lib/gcc/pic32mx/3.4.4/../../../../pic32mx/lib\libc.a(default-general-exception-handler.o)
 .reginfo       0x00000000       0x18 C:/Program Files (x86)/Microchip/MPLAB C32 Suite/bin/../lib/gcc/pic32mx/3.4.4/../../../../pic32mx/lib\libc.a(default-general-exception-handler.o)
 .pdr           0x00000000       0x20 C:/Program Files (x86)/Microchip/MPLAB C32 Suite/bin/../lib/gcc/pic32mx/3.4.4/../../../../pic32mx/lib\libc.a(default-general-exception-handler.o)
 .text          0x00000000        0x0 C:/Program Files (x86)/Microchip/MPLAB C32 Suite/bin/../lib/gcc/pic32mx/3.4.4/../../../../pic32mx/lib\libc.a(default-bootstrap-exception-handler.o)
 .data          0x00000000        0x0 C:/Program Files (x86)/Microchip/MPLAB C32 Suite/bin/../lib/gcc/pic32mx/3.4.4/../../../../pic32mx/lib\libc.a(default-bootstrap-exception-handler.o)
 .bss           0x00000000        0x0 C:/Program Files (x86)/Microchip/MPLAB C32 Suite/bin/../lib/gcc/pic32mx/3.4.4/../../../../pic32mx/lib\libc.a(default-bootstrap-exception-handler.o)
 .reginfo       0x00000000       0x18 C:/Program Files (x86)/Microchip/MPLAB C32 Suite/bin/../lib/gcc/pic32mx/3.4.4/../../../../pic32mx/lib\libc.a(default-bootstrap-exception-handler.o)
 .pdr           0x00000000       0x20 C:/Program Files (x86)/Microchip/MPLAB C32 Suite/bin/../lib/gcc/pic32mx/3.4.4/../../../../pic32mx/lib\libc.a(default-bootstrap-exception-handler.o)
 .text          0x00000000        0x0 C:/Program Files (x86)/Microchip/MPLAB C32 Suite/bin/../lib/gcc/pic32mx/3.4.4/../../../../pic32mx/lib\libc.a(default-on-reset.o)
 .data          0x00000000        0x0 C:/Program Files (x86)/Microchip/MPLAB C32 Suite/bin/../lib/gcc/pic32mx/3.4.4/../../../../pic32mx/lib\libc.a(default-on-reset.o)
 .bss           0x00000000        0x0 C:/Program Files (x86)/Microchip/MPLAB C32 Suite/bin/../lib/gcc/pic32mx/3.4.4/../../../../pic32mx/lib\libc.a(default-on-reset.o)
 .reginfo       0x00000000       0x18 C:/Program Files (x86)/Microchip/MPLAB C32 Suite/bin/../lib/gcc/pic32mx/3.4.4/../../../../pic32mx/lib\libc.a(default-on-reset.o)
 .pdr           0x00000000       0x20 C:/Program Files (x86)/Microchip/MPLAB C32 Suite/bin/../lib/gcc/pic32mx/3.4.4/../../../../pic32mx/lib\libc.a(default-on-reset.o)
 .text          0x00000000        0x0 C:/Program Files (x86)/Microchip/MPLAB C32 Suite/bin/../lib/gcc/pic32mx/3.4.4/../../../../pic32mx/lib\libc.a(default-on-bootstrap.o)
 .data          0x00000000        0x0 C:/Program Files (x86)/Microchip/MPLAB C32 Suite/bin/../lib/gcc/pic32mx/3.4.4/../../../../pic32mx/lib\libc.a(default-on-bootstrap.o)
 .bss           0x00000000        0x0 C:/Program Files (x86)/Microchip/MPLAB C32 Suite/bin/../lib/gcc/pic32mx/3.4.4/../../../../pic32mx/lib\libc.a(default-on-bootstrap.o)
 .reginfo       0x00000000       0x18 C:/Program Files (x86)/Microchip/MPLAB C32 Suite/bin/../lib/gcc/pic32mx/3.4.4/../../../../pic32mx/lib\libc.a(default-on-bootstrap.o)
 .pdr           0x00000000       0x20 C:/Program Files (x86)/Microchip/MPLAB C32 Suite/bin/../lib/gcc/pic32mx/3.4.4/../../../../pic32mx/lib\libc.a(default-on-bootstrap.o)
 .data          0x00000000        0x0 C:/Program Files (x86)/Microchip/MPLAB C32 Suite/bin/../lib/gcc/pic32mx/3.4.4/../../../../pic32mx/lib\libc.a(default-nmi-handler.o)
 .bss           0x00000000        0x0 C:/Program Files (x86)/Microchip/MPLAB C32 Suite/bin/../lib/gcc/pic32mx/3.4.4/../../../../pic32mx/lib\libc.a(default-nmi-handler.o)
 .reginfo       0x00000000       0x18 C:/Program Files (x86)/Microchip/MPLAB C32 Suite/bin/../lib/gcc/pic32mx/3.4.4/../../../../pic32mx/lib\libc.a(default-nmi-handler.o)
 .pdr           0x00000000       0x20 C:/Program Files (x86)/Microchip/MPLAB C32 Suite/bin/../lib/gcc/pic32mx/3.4.4/../../../../pic32mx/lib\libc.a(default-nmi-handler.o)
 .text          0x00000000        0x0 C:/Program Files (x86)/Microchip/MPLAB C32 Suite/bin/../lib/gcc/pic32mx/3.4.4/../../../../pic32mx/lib\libc.a(_iob.o)
 .bss           0x00000000        0x0 C:/Program Files (x86)/Microchip/MPLAB C32 Suite/bin/../lib/gcc/pic32mx/3.4.4/../../../../pic32mx/lib\libc.a(_iob.o)
 .reginfo       0x00000000       0x18 C:/Program Files (x86)/Microchip/MPLAB C32 Suite/bin/../lib/gcc/pic32mx/3.4.4/../../../../pic32mx/lib\libc.a(_iob.o)
 .pdr           0x00000000        0x0 C:/Program Files (x86)/Microchip/MPLAB C32 Suite/bin/../lib/gcc/pic32mx/3.4.4/../../../../pic32mx/lib\libc.a(_iob.o)
 .sdata         0x00000000        0x4 C:/Program Files (x86)/Microchip/MPLAB C32 Suite/bin/../lib/gcc/pic32mx/3.4.4/../../../../pic32mx/lib\libc.a(_iob.o)
 .text          0x00000000        0x0 C:/Program Files (x86)/Microchip/MPLAB C32 Suite/bin/../lib/gcc/pic32mx/3.4.4/../../../../pic32mx/lib\libc.a(_fputc_simple.o)
 .data          0x00000000        0x0 C:/Program Files (x86)/Microchip/MPLAB C32 Suite/bin/../lib/gcc/pic32mx/3.4.4/../../../../pic32mx/lib\libc.a(_fputc_simple.o)
 .bss           0x00000000        0x0 C:/Program Files (x86)/Microchip/MPLAB C32 Suite/bin/../lib/gcc/pic32mx/3.4.4/../../../../pic32mx/lib\libc.a(_fputc_simple.o)
 .reginfo       0x00000000       0x18 C:/Program Files (x86)/Microchip/MPLAB C32 Suite/bin/../lib/gcc/pic32mx/3.4.4/../../../../pic32mx/lib\libc.a(_fputc_simple.o)
 .pdr           0x00000000       0x20 C:/Program Files (x86)/Microchip/MPLAB C32 Suite/bin/../lib/gcc/pic32mx/3.4.4/../../../../pic32mx/lib\libc.a(_fputc_simple.o)
 .text          0x00000000        0x0 C:/Program Files (x86)/Microchip/MPLAB C32 Suite/bin/../lib/gcc/pic32mx/3.4.4/../../../../pic32mx/lib\libc.a(doprnt_cdnopuxX.eo)
 .data          0x00000000        0x0 C:/Program Files (x86)/Microchip/MPLAB C32 Suite/bin/../lib/gcc/pic32mx/3.4.4/../../../../pic32mx/lib\libc.a(doprnt_cdnopuxX.eo)
 .bss           0x00000000        0x0 C:/Program Files (x86)/Microchip/MPLAB C32 Suite/bin/../lib/gcc/pic32mx/3.4.4/../../../../pic32mx/lib\libc.a(doprnt_cdnopuxX.eo)
 .reginfo       0x00000000       0x18 C:/Program Files (x86)/Microchip/MPLAB C32 Suite/bin/../lib/gcc/pic32mx/3.4.4/../../../../pic32mx/lib\libc.a(doprnt_cdnopuxX.eo)
 .pdr           0x00000000       0x20 C:/Program Files (x86)/Microchip/MPLAB C32 Suite/bin/../lib/gcc/pic32mx/3.4.4/../../../../pic32mx/lib\libc.a(doprnt_cdnopuxX.eo)
 .text          0x00000000        0x0 C:/Program Files (x86)/Microchip/MPLAB C32 Suite/bin/../lib/gcc/pic32mx/3.4.4/../../../../pic32mx/lib\libc.a(write.o)
 .data          0x00000000        0x0 C:/Program Files (x86)/Microchip/MPLAB C32 Suite/bin/../lib/gcc/pic32mx/3.4.4/../../../../pic32mx/lib\libc.a(write.o)
 .bss           0x00000000        0x0 C:/Program Files (x86)/Microchip/MPLAB C32 Suite/bin/../lib/gcc/pic32mx/3.4.4/../../../../pic32mx/lib\libc.a(write.o)
 .reginfo       0x00000000       0x18 C:/Program Files (x86)/Microchip/MPLAB C32 Suite/bin/../lib/gcc/pic32mx/3.4.4/../../../../pic32mx/lib\libc.a(write.o)
 .pdr           0x00000000       0x20 C:/Program Files (x86)/Microchip/MPLAB C32 Suite/bin/../lib/gcc/pic32mx/3.4.4/../../../../pic32mx/lib\libc.a(write.o)
 .text          0x00000000        0x0 C:/Program Files (x86)/Microchip/MPLAB C32 Suite/bin/../lib/gcc/pic32mx/3.4.4/../../../../pic32mx/lib\libc.a(_flsbuf_simple.o)
 .data          0x00000000        0x0 C:/Program Files (x86)/Microchip/MPLAB C32 Suite/bin/../lib/gcc/pic32mx/3.4.4/../../../../pic32mx/lib\libc.a(_flsbuf_simple.o)
 .bss           0x00000000        0x0 C:/Program Files (x86)/Microchip/MPLAB C32 Suite/bin/../lib/gcc/pic32mx/3.4.4/../../../../pic32mx/lib\libc.a(_flsbuf_simple.o)
 .reginfo       0x00000000       0x18 C:/Program Files (x86)/Microchip/MPLAB C32 Suite/bin/../lib/gcc/pic32mx/3.4.4/../../../../pic32mx/lib\libc.a(_flsbuf_simple.o)
 .pdr           0x00000000       0x20 C:/Program Files (x86)/Microchip/MPLAB C32 Suite/bin/../lib/gcc/pic32mx/3.4.4/../../../../pic32mx/lib\libc.a(_flsbuf_simple.o)
 .text          0x00000000        0x0 C:/Program Files (x86)/Microchip/MPLAB C32 Suite/bin/../lib/gcc/pic32mx/3.4.4/../../../../pic32mx/lib\libc.a(ctype.o)
 .data          0x00000000        0x0 C:/Program Files (x86)/Microchip/MPLAB C32 Suite/bin/../lib/gcc/pic32mx/3.4.4/../../../../pic32mx/lib\libc.a(ctype.o)
 .bss           0x00000000        0x0 C:/Program Files (x86)/Microchip/MPLAB C32 Suite/bin/../lib/gcc/pic32mx/3.4.4/../../../../pic32mx/lib\libc.a(ctype.o)
 .reginfo       0x00000000       0x18 C:/Program Files (x86)/Microchip/MPLAB C32 Suite/bin/../lib/gcc/pic32mx/3.4.4/../../../../pic32mx/lib\libc.a(ctype.o)
 .pdr           0x00000000        0x0 C:/Program Files (x86)/Microchip/MPLAB C32 Suite/bin/../lib/gcc/pic32mx/3.4.4/../../../../pic32mx/lib\libc.a(ctype.o)
 .text          0x00000000        0x0 C:/Program Files (x86)/Microchip/MPLAB C32 Suite/bin/../lib/gcc/pic32mx/3.4.4/../../../../pic32mx/lib\libc.a(_mon_putc.o)
 .data          0x00000000        0x0 C:/Program Files (x86)/Microchip/MPLAB C32 Suite/bin/../lib/gcc/pic32mx/3.4.4/../../../../pic32mx/lib\libc.a(_mon_putc.o)
 .bss           0x00000000        0x0 C:/Program Files (x86)/Microchip/MPLAB C32 Suite/bin/../lib/gcc/pic32mx/3.4.4/../../../../pic32mx/lib\libc.a(_mon_putc.o)
 .reginfo       0x00000000       0x18 C:/Program Files (x86)/Microchip/MPLAB C32 Suite/bin/../lib/gcc/pic32mx/3.4.4/../../../../pic32mx/lib\libc.a(_mon_putc.o)
 .pdr           0x00000000       0x20 C:/Program Files (x86)/Microchip/MPLAB C32 Suite/bin/../lib/gcc/pic32mx/3.4.4/../../../../pic32mx/lib\libc.a(_mon_putc.o)
 .text          0x00000000        0x0 C:/Program Files (x86)/Microchip/MPLAB C32 Suite/bin/../lib/gcc/pic32mx/3.4.4/../../../../pic32mx/lib\libc.a(c32_uart.o)
 .data          0x00000000        0x0 C:/Program Files (x86)/Microchip/MPLAB C32 Suite/bin/../lib/gcc/pic32mx/3.4.4/../../../../pic32mx/lib\libc.a(c32_uart.o)
 .bss           0x00000000        0x0 C:/Program Files (x86)/Microchip/MPLAB C32 Suite/bin/../lib/gcc/pic32mx/3.4.4/../../../../pic32mx/lib\libc.a(c32_uart.o)
 .reginfo       0x00000000       0x18 C:/Program Files (x86)/Microchip/MPLAB C32 Suite/bin/../lib/gcc/pic32mx/3.4.4/../../../../pic32mx/lib\libc.a(c32_uart.o)
 .pdr           0x00000000        0x0 C:/Program Files (x86)/Microchip/MPLAB C32 Suite/bin/../lib/gcc/pic32mx/3.4.4/../../../../pic32mx/lib\libc.a(c32_uart.o)
 .data          0x00000000        0x0 C:/Program Files (x86)/Microchip/MPLAB C32 Suite/bin/../lib/gcc/pic32mx/3.4.4/../../../../pic32mx/lib\libm.a(fp32.o)
 .bss           0x00000000        0x0 C:/Program Files (x86)/Microchip/MPLAB C32 Suite/bin/../lib/gcc/pic32mx/3.4.4/../../../../pic32mx/lib\libm.a(fp32.o)
 .reginfo       0x00000000       0x18 C:/Program Files (x86)/Microchip/MPLAB C32 Suite/bin/../lib/gcc/pic32mx/3.4.4/../../../../pic32mx/lib\libm.a(fp32.o)
 .pdr           0x00000000        0x0 C:/Program Files (x86)/Microchip/MPLAB C32 Suite/bin/../lib/gcc/pic32mx/3.4.4/../../../../pic32mx/lib\libm.a(fp32.o)
 .text          0x00000000        0x0 C:/Program Files (x86)/Microchip/MPLAB C32 Suite/bin/../lib/gcc/pic32mx/3.4.4/../../../../pic32mx/lib\libmchp_peripheral_32MX675F512H.a(int_enable_mv_int_lib.o)
 .data          0x00000000        0x0 C:/Program Files (x86)/Microchip/MPLAB C32 Suite/bin/../lib/gcc/pic32mx/3.4.4/../../../../pic32mx/lib\libmchp_peripheral_32MX675F512H.a(int_enable_mv_int_lib.o)
 .bss           0x00000000        0x0 C:/Program Files (x86)/Microchip/MPLAB C32 Suite/bin/../lib/gcc/pic32mx/3.4.4/../../../../pic32mx/lib\libmchp_peripheral_32MX675F512H.a(int_enable_mv_int_lib.o)
 .reginfo       0x00000000       0x18 C:/Program Files (x86)/Microchip/MPLAB C32 Suite/bin/../lib/gcc/pic32mx/3.4.4/../../../../pic32mx/lib\libmchp_peripheral_32MX675F512H.a(int_enable_mv_int_lib.o)
 .pdr           0x00000000       0x20 C:/Program Files (x86)/Microchip/MPLAB C32 Suite/bin/../lib/gcc/pic32mx/3.4.4/../../../../pic32mx/lib\libmchp_peripheral_32MX675F512H.a(int_enable_mv_int_lib.o)
 .text          0x00000000        0x0 C:/Program Files (x86)/Microchip/MPLAB C32 Suite/bin/../lib/gcc/pic32mx/3.4.4/../../../../pic32mx/lib\libmchp_peripheral_32MX675F512H.a(int_enable_interrupts_lib.o)
 .data          0x00000000        0x0 C:/Program Files (x86)/Microchip/MPLAB C32 Suite/bin/../lib/gcc/pic32mx/3.4.4/../../../../pic32mx/lib\libmchp_peripheral_32MX675F512H.a(int_enable_interrupts_lib.o)
 .bss           0x00000000        0x0 C:/Program Files (x86)/Microchip/MPLAB C32 Suite/bin/../lib/gcc/pic32mx/3.4.4/../../../../pic32mx/lib\libmchp_peripheral_32MX675F512H.a(int_enable_interrupts_lib.o)
 .reginfo       0x00000000       0x18 C:/Program Files (x86)/Microchip/MPLAB C32 Suite/bin/../lib/gcc/pic32mx/3.4.4/../../../../pic32mx/lib\libmchp_peripheral_32MX675F512H.a(int_enable_interrupts_lib.o)
 .pdr           0x00000000       0x20 C:/Program Files (x86)/Microchip/MPLAB C32 Suite/bin/../lib/gcc/pic32mx/3.4.4/../../../../pic32mx/lib\libmchp_peripheral_32MX675F512H.a(int_enable_interrupts_lib.o)
 .data          0x00000000        0x0 C:/Program Files (x86)/Microchip/MPLAB C32 Suite/bin/../lib/gcc/pic32mx/3.4.4\libgcc.a(_udivdi3.o)
 .bss           0x00000000        0x0 C:/Program Files (x86)/Microchip/MPLAB C32 Suite/bin/../lib/gcc/pic32mx/3.4.4\libgcc.a(_udivdi3.o)
 .reginfo       0x00000000       0x18 C:/Program Files (x86)/Microchip/MPLAB C32 Suite/bin/../lib/gcc/pic32mx/3.4.4\libgcc.a(_udivdi3.o)
 .pdr           0x00000000       0x20 C:/Program Files (x86)/Microchip/MPLAB C32 Suite/bin/../lib/gcc/pic32mx/3.4.4\libgcc.a(_udivdi3.o)
 .data          0x00000000        0x0 C:/Program Files (x86)/Microchip/MPLAB C32 Suite/bin/../lib/gcc/pic32mx/3.4.4\libgcc.a(_umoddi3.o)
 .bss           0x00000000        0x0 C:/Program Files (x86)/Microchip/MPLAB C32 Suite/bin/../lib/gcc/pic32mx/3.4.4\libgcc.a(_umoddi3.o)
 .reginfo       0x00000000       0x18 C:/Program Files (x86)/Microchip/MPLAB C32 Suite/bin/../lib/gcc/pic32mx/3.4.4\libgcc.a(_umoddi3.o)
 .pdr           0x00000000       0x20 C:/Program Files (x86)/Microchip/MPLAB C32 Suite/bin/../lib/gcc/pic32mx/3.4.4\libgcc.a(_umoddi3.o)
 .text          0x00000000        0x0 C:/Program Files (x86)/Microchip/MPLAB C32 Suite/bin/../lib/gcc/pic32mx/3.4.4/../../../../pic32mx/lib/./proc/32MX675F512H\processor.o
 .data          0x00000000        0x0 C:/Program Files (x86)/Microchip/MPLAB C32 Suite/bin/../lib/gcc/pic32mx/3.4.4/../../../../pic32mx/lib/./proc/32MX675F512H\processor.o
 .bss           0x00000000        0x0 C:/Program Files (x86)/Microchip/MPLAB C32 Suite/bin/../lib/gcc/pic32mx/3.4.4/../../../../pic32mx/lib/./proc/32MX675F512H\processor.o
 .reginfo       0x00000000       0x18 C:/Program Files (x86)/Microchip/MPLAB C32 Suite/bin/../lib/gcc/pic32mx/3.4.4/../../../../pic32mx/lib/./proc/32MX675F512H\processor.o
 .pdr           0x00000000        0x0 C:/Program Files (x86)/Microchip/MPLAB C32 Suite/bin/../lib/gcc/pic32mx/3.4.4/../../../../pic32mx/lib/./proc/32MX675F512H\processor.o

Memory Configuration

Name             Origin             Length             Attributes
kseg0_program_mem 0x9d000000         0x00080000         xr
kseg0_boot_mem   0x9fc00490         0x00000970
exception_mem    0x9fc01000         0x00001000
kseg1_boot_mem   0xbfc00000         0x00000490
debug_exec_mem   0xbfc02000         0x00000ff0
config3          0xbfc02ff0         0x00000004
config2          0xbfc02ff4         0x00000004
config1          0xbfc02ff8         0x00000004
config0          0xbfc02ffc         0x00000004
kseg1_data_mem   0xa0000000         0x00010000         w !x
sfrs             0xbf800000         0x00100000
configsfrs       0xbfc02ff0         0x00000010
*default*        0x00000000         0xffffffff

Linker script and memory map

LOAD C:/Program Files (x86)/Microchip/MPLAB C32 Suite/bin/../lib/gcc/pic32mx/3.4.4/../../../../pic32mx/lib/crt0.o
                0x00000001                _DEBUGGER = 0x1
LOAD pic_slave.o
                0x00000001                __MPLAB_BUILD = 0x1
                0x00000001                __MPLAB_DEBUG = 0x1
                0x00000001                __MPLAB_DEBUGGER_ICD3 = 0x1
                0x00000001                __ICD2RAM = 0x1
LOAD C:/Program Files (x86)/Microchip/MPLAB C32 Suite/bin/../lib/gcc/pic32mx/3.4.4\libgcc.a
START GROUP
LOAD C:/Program Files (x86)/Microchip/MPLAB C32 Suite/bin/../lib/gcc/pic32mx/3.4.4/../../../../pic32mx/lib\libdebug.a
LOAD C:/Program Files (x86)/Microchip/MPLAB C32 Suite/bin/../lib/gcc/pic32mx/3.4.4/../../../../pic32mx/lib\libc.a
LOAD C:/Program Files (x86)/Microchip/MPLAB C32 Suite/bin/../lib/gcc/pic32mx/3.4.4/../../../../pic32mx/lib\libm.a
LOAD C:/Program Files (x86)/Microchip/MPLAB C32 Suite/bin/../lib/gcc/pic32mx/3.4.4/../../../../pic32mx/lib\libe.a
LOAD C:/Program Files (x86)/Microchip/MPLAB C32 Suite/bin/../lib/gcc/pic32mx/3.4.4/../../../../pic32mx/lib\libdsp.a
LOAD C:/Program Files (x86)/Microchip/MPLAB C32 Suite/bin/../lib/gcc/pic32mx/3.4.4/../../../../pic32mx/lib\libmchp_peripheral.a
LOAD C:/Program Files (x86)/Microchip/MPLAB C32 Suite/bin/../lib/gcc/pic32mx/3.4.4/../../../../pic32mx/lib\libmchp_peripheral_32MX675F512H.a
END GROUP
LOAD C:/Program Files (x86)/Microchip/MPLAB C32 Suite/bin/../lib/gcc/pic32mx/3.4.4\libgcc.a
                0x00000400                PROVIDE (_min_stack_size, 0x400)
                0x00000000                PROVIDE (_min_heap_size, 0x0)
LOAD C:/Program Files (x86)/Microchip/MPLAB C32 Suite/bin/../lib/gcc/pic32mx/3.4.4/../../../../pic32mx/lib/./proc/32MX675F512H\processor.o
                0x00000001                PROVIDE (_vector_spacing, 0x1)
                0x9fc01000                _ebase_address = 0x9fc01000
                0xbfc00000                _RESET_ADDR = 0xbfc00000
                0xbfc00380                _BEV_EXCPT_ADDR = 0xbfc00380
                0xbfc00480                _DBG_EXCPT_ADDR = 0xbfc00480
                0xbfc02000                _DBG_CODE_ADDR = 0xbfc02000
                0x9fc01180                _GEN_EXCPT_ADDR = (_ebase_address + 0x180)

.config_BFC02FF0
 *(.config_BFC02FF0)

.config_BFC02FF4
 *(.config_BFC02FF4)

.config_BFC02FF8
 *(.config_BFC02FF8)

.config_BFC02FFC
 *(.config_BFC02FFC)

.reset          0xbfc00000       0x10
 *(.reset)
 .reset         0xbfc00000       0x10 C:/Program Files (x86)/Microchip/MPLAB C32 Suite/bin/../lib/gcc/pic32mx/3.4.4/../../../../pic32mx/lib/crt0.o
                0xbfc00000                _reset

.bev_excpt      0xbfc00380       0x10
 *(.bev_handler)
 .bev_handler   0xbfc00380       0x10 C:/Program Files (x86)/Microchip/MPLAB C32 Suite/bin/../lib/gcc/pic32mx/3.4.4/../../../../pic32mx/lib/crt0.o

.dbg_excpt      0xbfc00480        0x8
                0xbfc00480                . = (. + DEFINED (_DEBUGGER)?0x8:0x0)
 *fill*         0xbfc00480        0x8 00

.dbg_code       0xbfc02000      0xff0
                0xbfc02000                . = (. + DEFINED (_DEBUGGER)?0xff0:0x0)
 *fill*         0xbfc02000      0xff0 00

.app_excpt      0x9fc01180       0x10
 *(.gen_handler)
 .gen_handler   0x9fc01180       0x10 C:/Program Files (x86)/Microchip/MPLAB C32 Suite/bin/../lib/gcc/pic32mx/3.4.4/../../../../pic32mx/lib/crt0.o

.vector_0       0x9fc01200        0x0
 *(.vector_0)
                0x00000001                ASSERT (((_vector_spacing == 0x0) || (SIZEOF (.vector_0) <= (_vector_spacing << 0x5))), function at exception vector 0 too large)

.vector_1       0x9fc01220        0x0
 *(.vector_1)
                0x00000001                ASSERT (((_vector_spacing == 0x0) || (SIZEOF (.vector_1) <= (_vector_spacing << 0x5))), function at exception vector 1 too large)

.vector_2       0x9fc01240        0x0
 *(.vector_2)
                0x00000001                ASSERT (((_vector_spacing == 0x0) || (SIZEOF (.vector_2) <= (_vector_spacing << 0x5))), function at exception vector 2 too large)

.vector_3       0x9fc01260        0x0
 *(.vector_3)
                0x00000001                ASSERT (((_vector_spacing == 0x0) || (SIZEOF (.vector_3) <= (_vector_spacing << 0x5))), function at exception vector 3 too large)

.vector_4       0x9fc01280        0x0
 *(.vector_4)
                0x00000001                ASSERT (((_vector_spacing == 0x0) || (SIZEOF (.vector_4) <= (_vector_spacing << 0x5))), function at exception vector 4 too large)

.vector_5       0x9fc012a0        0x0
 *(.vector_5)
                0x00000001                ASSERT (((_vector_spacing == 0x0) || (SIZEOF (.vector_5) <= (_vector_spacing << 0x5))), function at exception vector 5 too large)

.vector_6       0x9fc012c0        0x0
 *(.vector_6)
                0x00000001                ASSERT (((_vector_spacing == 0x0) || (SIZEOF (.vector_6) <= (_vector_spacing << 0x5))), function at exception vector 6 too large)

.vector_7       0x9fc012e0        0x0
 *(.vector_7)
                0x00000001                ASSERT (((_vector_spacing == 0x0) || (SIZEOF (.vector_7) <= (_vector_spacing << 0x5))), function at exception vector 7 too large)

.vector_8       0x9fc01300        0x8
 *(.vector_8)
 .vector_8      0x9fc01300        0x8 pic_slave.o
                0x00000001                ASSERT (((_vector_spacing == 0x0) || (SIZEOF (.vector_8) <= (_vector_spacing << 0x5))), function at exception vector 8 too large)

.vector_9       0x9fc01320        0x0
 *(.vector_9)
                0x00000001                ASSERT (((_vector_spacing == 0x0) || (SIZEOF (.vector_9) <= (_vector_spacing << 0x5))), function at exception vector 9 too large)

.vector_10      0x9fc01340        0x0
 *(.vector_10)
                0x00000001                ASSERT (((_vector_spacing == 0x0) || (SIZEOF (.vector_10) <= (_vector_spacing << 0x5))), function at exception vector 10 too large)

.vector_11      0x9fc01360        0x0
 *(.vector_11)
                0x00000001                ASSERT (((_vector_spacing == 0x0) || (SIZEOF (.vector_11) <= (_vector_spacing << 0x5))), function at exception vector 11 too large)

.vector_12      0x9fc01380        0x0
 *(.vector_12)
                0x00000001                ASSERT (((_vector_spacing == 0x0) || (SIZEOF (.vector_12) <= (_vector_spacing << 0x5))), function at exception vector 12 too large)

.vector_13      0x9fc013a0        0x0
 *(.vector_13)
                0x00000001                ASSERT (((_vector_spacing == 0x0) || (SIZEOF (.vector_13) <= (_vector_spacing << 0x5))), function at exception vector 13 too large)

.vector_14      0x9fc013c0        0x0
 *(.vector_14)
                0x00000001                ASSERT (((_vector_spacing == 0x0) || (SIZEOF (.vector_14) <= (_vector_spacing << 0x5))), function at exception vector 14 too large)

.vector_15      0x9fc013e0        0x0
 *(.vector_15)
                0x00000001                ASSERT (((_vector_spacing == 0x0) || (SIZEOF (.vector_15) <= (_vector_spacing << 0x5))), function at exception vector 15 too large)

.vector_16      0x9fc01400        0x0
 *(.vector_16)
                0x00000001                ASSERT (((_vector_spacing == 0x0) || (SIZEOF (.vector_16) <= (_vector_spacing << 0x5))), function at exception vector 16 too large)

.vector_17      0x9fc01420        0x0
 *(.vector_17)
                0x00000001                ASSERT (((_vector_spacing == 0x0) || (SIZEOF (.vector_17) <= (_vector_spacing << 0x5))), function at exception vector 17 too large)

.vector_18      0x9fc01440        0x0
 *(.vector_18)
                0x00000001                ASSERT (((_vector_spacing == 0x0) || (SIZEOF (.vector_18) <= (_vector_spacing << 0x5))), function at exception vector 18 too large)

.vector_19      0x9fc01460        0x0
 *(.vector_19)
                0x00000001                ASSERT (((_vector_spacing == 0x0) || (SIZEOF (.vector_19) <= (_vector_spacing << 0x5))), function at exception vector 19 too large)

.vector_20      0x9fc01480        0x0
 *(.vector_20)
                0x00000001                ASSERT (((_vector_spacing == 0x0) || (SIZEOF (.vector_20) <= (_vector_spacing << 0x5))), function at exception vector 20 too large)

.vector_21      0x9fc014a0        0x0
 *(.vector_21)
                0x00000001                ASSERT (((_vector_spacing == 0x0) || (SIZEOF (.vector_21) <= (_vector_spacing << 0x5))), function at exception vector 21 too large)

.vector_22      0x9fc014c0        0x0
 *(.vector_22)
                0x00000001                ASSERT (((_vector_spacing == 0x0) || (SIZEOF (.vector_22) <= (_vector_spacing << 0x5))), function at exception vector 22 too large)

.vector_23      0x9fc014e0        0x0
 *(.vector_23)
                0x00000001                ASSERT (((_vector_spacing == 0x0) || (SIZEOF (.vector_23) <= (_vector_spacing << 0x5))), function at exception vector 23 too large)

.vector_24      0x9fc01500        0x0
 *(.vector_24)
                0x00000001                ASSERT (((_vector_spacing == 0x0) || (SIZEOF (.vector_24) <= (_vector_spacing << 0x5))), function at exception vector 24 too large)

.vector_25      0x9fc01520        0x0
 *(.vector_25)
                0x00000001                ASSERT (((_vector_spacing == 0x0) || (SIZEOF (.vector_25) <= (_vector_spacing << 0x5))), function at exception vector 25 too large)

.vector_26      0x9fc01540        0x0
 *(.vector_26)
                0x00000001                ASSERT (((_vector_spacing == 0x0) || (SIZEOF (.vector_26) <= (_vector_spacing << 0x5))), function at exception vector 26 too large)

.vector_27      0x9fc01560        0x0
 *(.vector_27)
                0x00000001                ASSERT (((_vector_spacing == 0x0) || (SIZEOF (.vector_27) <= (_vector_spacing << 0x5))), function at exception vector 27 too large)

.vector_28      0x9fc01580        0x0
 *(.vector_28)
                0x00000001                ASSERT (((_vector_spacing == 0x0) || (SIZEOF (.vector_28) <= (_vector_spacing << 0x5))), function at exception vector 28 too large)

.vector_29      0x9fc015a0        0x0
 *(.vector_29)
                0x00000001                ASSERT (((_vector_spacing == 0x0) || (SIZEOF (.vector_29) <= (_vector_spacing << 0x5))), function at exception vector 29 too large)

.vector_30      0x9fc015c0        0x0
 *(.vector_30)
                0x00000001                ASSERT (((_vector_spacing == 0x0) || (SIZEOF (.vector_30) <= (_vector_spacing << 0x5))), function at exception vector 30 too large)

.vector_31      0x9fc015e0        0x0
 *(.vector_31)
                0x00000001                ASSERT (((_vector_spacing == 0x0) || (SIZEOF (.vector_31) <= (_vector_spacing << 0x5))), function at exception vector 31 too large)

.vector_32      0x9fc01600        0x0
 *(.vector_32)
                0x00000001                ASSERT (((_vector_spacing == 0x0) || (SIZEOF (.vector_32) <= (_vector_spacing << 0x5))), function at exception vector 32 too large)

.vector_33      0x9fc01620        0x0
 *(.vector_33)
                0x00000001                ASSERT (((_vector_spacing == 0x0) || (SIZEOF (.vector_33) <= (_vector_spacing << 0x5))), function at exception vector 33 too large)

.vector_34      0x9fc01640        0x0
 *(.vector_34)
                0x00000001                ASSERT (((_vector_spacing == 0x0) || (SIZEOF (.vector_34) <= (_vector_spacing << 0x5))), function at exception vector 34 too large)

.vector_35      0x9fc01660        0x0
 *(.vector_35)
                0x00000001                ASSERT (((_vector_spacing == 0x0) || (SIZEOF (.vector_35) <= (_vector_spacing << 0x5))), function at exception vector 35 too large)

.vector_36      0x9fc01680        0x0
 *(.vector_36)
                0x00000001                ASSERT (((_vector_spacing == 0x0) || (SIZEOF (.vector_36) <= (_vector_spacing << 0x5))), function at exception vector 36 too large)

.vector_37      0x9fc016a0        0x0
 *(.vector_37)
                0x00000001                ASSERT (((_vector_spacing == 0x0) || (SIZEOF (.vector_37) <= (_vector_spacing << 0x5))), function at exception vector 37 too large)

.vector_38      0x9fc016c0        0x0
 *(.vector_38)
                0x00000001                ASSERT (((_vector_spacing == 0x0) || (SIZEOF (.vector_38) <= (_vector_spacing << 0x5))), function at exception vector 38 too large)

.vector_39      0x9fc016e0        0x0
 *(.vector_39)
                0x00000001                ASSERT (((_vector_spacing == 0x0) || (SIZEOF (.vector_39) <= (_vector_spacing << 0x5))), function at exception vector 39 too large)

.vector_40      0x9fc01700        0x0
 *(.vector_40)
                0x00000001                ASSERT (((_vector_spacing == 0x0) || (SIZEOF (.vector_40) <= (_vector_spacing << 0x5))), function at exception vector 40 too large)

.vector_41      0x9fc01720        0x0
 *(.vector_41)
                0x00000001                ASSERT (((_vector_spacing == 0x0) || (SIZEOF (.vector_41) <= (_vector_spacing << 0x5))), function at exception vector 41 too large)

.vector_42      0x9fc01740        0x0
 *(.vector_42)
                0x00000001                ASSERT (((_vector_spacing == 0x0) || (SIZEOF (.vector_42) <= (_vector_spacing << 0x5))), function at exception vector 42 too large)

.vector_43      0x9fc01760        0x0
 *(.vector_43)
                0x00000001                ASSERT (((_vector_spacing == 0x0) || (SIZEOF (.vector_43) <= (_vector_spacing << 0x5))), function at exception vector 43 too large)

.vector_44      0x9fc01780        0x0
 *(.vector_44)
                0x00000001                ASSERT (((_vector_spacing == 0x0) || (SIZEOF (.vector_44) <= (_vector_spacing << 0x5))), function at exception vector 44 too large)

.vector_45      0x9fc017a0        0x0
 *(.vector_45)
                0x00000001                ASSERT (((_vector_spacing == 0x0) || (SIZEOF (.vector_45) <= (_vector_spacing << 0x5))), function at exception vector 45 too large)

.vector_46      0x9fc017c0        0x0
 *(.vector_46)
                0x00000001                ASSERT (((_vector_spacing == 0x0) || (SIZEOF (.vector_46) <= (_vector_spacing << 0x5))), function at exception vector 46 too large)

.vector_47      0x9fc017e0        0x0
 *(.vector_47)
                0x00000001                ASSERT (((_vector_spacing == 0x0) || (SIZEOF (.vector_47) <= (_vector_spacing << 0x5))), function at exception vector 47 too large)

.vector_48      0x9fc01800        0x0
 *(.vector_48)
                0x00000001                ASSERT (((_vector_spacing == 0x0) || (SIZEOF (.vector_48) <= (_vector_spacing << 0x5))), function at exception vector 48 too large)

.vector_49      0x9fc01820        0x0
 *(.vector_49)
                0x00000001                ASSERT (((_vector_spacing == 0x0) || (SIZEOF (.vector_49) <= (_vector_spacing << 0x5))), function at exception vector 49 too large)

.vector_50      0x9fc01840        0x0
 *(.vector_50)
                0x00000001                ASSERT (((_vector_spacing == 0x0) || (SIZEOF (.vector_50) <= (_vector_spacing << 0x5))), function at exception vector 50 too large)

.vector_51      0x9fc01860        0x0
 *(.vector_51)
                0x00000001                ASSERT (((_vector_spacing == 0x0) || (SIZEOF (.vector_51) <= (_vector_spacing << 0x5))), function at exception vector 51 too large)

.vector_52      0x9fc01880        0x0
 *(.vector_52)
                0x00000001                ASSERT (((_vector_spacing == 0x0) || (SIZEOF (.vector_52) <= (_vector_spacing << 0x5))), function at exception vector 52 too large)

.vector_53      0x9fc018a0        0x0
 *(.vector_53)
                0x00000001                ASSERT (((_vector_spacing == 0x0) || (SIZEOF (.vector_53) <= (_vector_spacing << 0x5))), function at exception vector 53 too large)

.vector_54      0x9fc018c0        0x0
 *(.vector_54)
                0x00000001                ASSERT (((_vector_spacing == 0x0) || (SIZEOF (.vector_54) <= (_vector_spacing << 0x5))), function at exception vector 54 too large)

.vector_55      0x9fc018e0        0x0
 *(.vector_55)
                0x00000001                ASSERT (((_vector_spacing == 0x0) || (SIZEOF (.vector_55) <= (_vector_spacing << 0x5))), function at exception vector 55 too large)

.vector_56      0x9fc01900        0x0
 *(.vector_56)
                0x00000001                ASSERT (((_vector_spacing == 0x0) || (SIZEOF (.vector_56) <= (_vector_spacing << 0x5))), function at exception vector 56 too large)

.vector_57      0x9fc01920        0x0
 *(.vector_57)
                0x00000001                ASSERT (((_vector_spacing == 0x0) || (SIZEOF (.vector_57) <= (_vector_spacing << 0x5))), function at exception vector 57 too large)

.vector_58      0x9fc01940        0x0
 *(.vector_58)
                0x00000001                ASSERT (((_vector_spacing == 0x0) || (SIZEOF (.vector_58) <= (_vector_spacing << 0x5))), function at exception vector 58 too large)

.vector_59      0x9fc01960        0x0
 *(.vector_59)
                0x00000001                ASSERT (((_vector_spacing == 0x0) || (SIZEOF (.vector_59) <= (_vector_spacing << 0x5))), function at exception vector 59 too large)

.vector_60      0x9fc01980        0x0
 *(.vector_60)
                0x00000001                ASSERT (((_vector_spacing == 0x0) || (SIZEOF (.vector_60) <= (_vector_spacing << 0x5))), function at exception vector 60 too large)

.vector_61      0x9fc019a0        0x0
 *(.vector_61)
                0x00000001                ASSERT (((_vector_spacing == 0x0) || (SIZEOF (.vector_61) <= (_vector_spacing << 0x5))), function at exception vector 61 too large)

.vector_62      0x9fc019c0        0x0
 *(.vector_62)
                0x00000001                ASSERT (((_vector_spacing == 0x0) || (SIZEOF (.vector_62) <= (_vector_spacing << 0x5))), function at exception vector 62 too large)

.vector_63      0x9fc019e0        0x0
 *(.vector_63)
                0x00000001                ASSERT (((_vector_spacing == 0x0) || (SIZEOF (.vector_63) <= (_vector_spacing << 0x5))), function at exception vector 63 too large)

.startup        0x9fc00490      0x1e0
 *(.startup)
 .startup       0x9fc00490      0x1e0 C:/Program Files (x86)/Microchip/MPLAB C32 Suite/bin/../lib/gcc/pic32mx/3.4.4/../../../../pic32mx/lib/crt0.o

.text           0x9d000000     0x28ac
                0x9d000000                _text_begin = .
 *(.text .stub .text.* .gnu.linkonce.t.*)
 .text          0x9d000000       0x10 C:/Program Files (x86)/Microchip/MPLAB C32 Suite/bin/../lib/gcc/pic32mx/3.4.4/../../../../pic32mx/lib/crt0.o
                0x9d000008                __crt0_exit
 .text          0x9d000010      0x608 pic_slave.o
                0x9d000010                initTimer
                0x9d000078                initPWM
                0x9d0000f4                setupInterrupt
                0x9d000138                initSPI
                0x9d000220                spi_send_receive
                0x9d000274                initUART
                0x9d0002dc                main
                0x9d000434                T2_IntHandler
 .text.general_exception
                0x9d000618       0xd0 C:/Program Files (x86)/Microchip/MPLAB C32 Suite/bin/../lib/gcc/pic32mx/3.4.4/../../../../pic32mx/lib\libc.a(general-exception.o)
                0x9d000618                _general_exception_context
 .text.fputs    0x9d0006e8       0x7c C:/Program Files (x86)/Microchip/MPLAB C32 Suite/bin/../lib/gcc/pic32mx/3.4.4/../../../../pic32mx/lib\libc.a(puts.o)
                0x9d0006e8                fputs
 .text.puts     0x9d000764       0x48 C:/Program Files (x86)/Microchip/MPLAB C32 Suite/bin/../lib/gcc/pic32mx/3.4.4/../../../../pic32mx/lib\libc.a(puts.o)
                0x9d000764                puts
 .text._printf_cdnopuxX
                0x9d0007ac       0x38 C:/Program Files (x86)/Microchip/MPLAB C32 Suite/bin/../lib/gcc/pic32mx/3.4.4/../../../../pic32mx/lib\libc.a(printf_cdnopuxX.eo)
                0x9d0007ac                _printf_cdnopuxX
 .text._general_exception_handler
                0x9d0007e4        0x8 C:/Program Files (x86)/Microchip/MPLAB C32 Suite/bin/../lib/gcc/pic32mx/3.4.4/../../../../pic32mx/lib\libc.a(default-general-exception-handler.o)
                0x9d0007e4                _general_exception_handler
 .text._bootstrap_exception_handler
                0x9d0007ec        0x8 C:/Program Files (x86)/Microchip/MPLAB C32 Suite/bin/../lib/gcc/pic32mx/3.4.4/../../../../pic32mx/lib\libc.a(default-bootstrap-exception-handler.o)
                0x9d0007ec                _bootstrap_exception_handler
 .text._on_reset
                0x9d0007f4        0x8 C:/Program Files (x86)/Microchip/MPLAB C32 Suite/bin/../lib/gcc/pic32mx/3.4.4/../../../../pic32mx/lib\libc.a(default-on-reset.o)
                0x9d0007f4                _on_reset
 .text._on_bootstrap
                0x9d0007fc        0x8 C:/Program Files (x86)/Microchip/MPLAB C32 Suite/bin/../lib/gcc/pic32mx/3.4.4/../../../../pic32mx/lib\libc.a(default-on-bootstrap.o)
                0x9d0007fc                _on_bootstrap
 .text          0x9d000804       0x18 C:/Program Files (x86)/Microchip/MPLAB C32 Suite/bin/../lib/gcc/pic32mx/3.4.4/../../../../pic32mx/lib\libc.a(default-nmi-handler.o)
                0x9d000804                _nmi_handler
 .text.fputc    0x9d00081c      0x144 C:/Program Files (x86)/Microchip/MPLAB C32 Suite/bin/../lib/gcc/pic32mx/3.4.4/../../../../pic32mx/lib\libc.a(_fputc_simple.o)
                0x9d00081c                fputc
 .text._vfprintf_cdnopuxX
                0x9d000960      0xaa4 C:/Program Files (x86)/Microchip/MPLAB C32 Suite/bin/../lib/gcc/pic32mx/3.4.4/../../../../pic32mx/lib\libc.a(doprnt_cdnopuxX.eo)
                0x9d000960                _vfprintf_cdnopuxX
 .text.write    0x9d001404       0xa8 C:/Program Files (x86)/Microchip/MPLAB C32 Suite/bin/../lib/gcc/pic32mx/3.4.4/../../../../pic32mx/lib\libc.a(write.o)
                0x9d001404                write
 .text._flsbuf  0x9d0014ac      0x12c C:/Program Files (x86)/Microchip/MPLAB C32 Suite/bin/../lib/gcc/pic32mx/3.4.4/../../../../pic32mx/lib\libc.a(_flsbuf_simple.o)
                0x9d0014ac                _flsbuf
 .text._mon_putc
                0x9d0015d8       0xa4 C:/Program Files (x86)/Microchip/MPLAB C32 Suite/bin/../lib/gcc/pic32mx/3.4.4/../../../../pic32mx/lib\libc.a(_mon_putc.o)
                0x9d0015d8                _mon_putc
 .text          0x9d00167c      0x8ec C:/Program Files (x86)/Microchip/MPLAB C32 Suite/bin/../lib/gcc/pic32mx/3.4.4/../../../../pic32mx/lib\libm.a(fp32.o)
                0x9d00167c                fpsub
                0x9d00167c                __subsf3
                0x9d001684                __addsf3
                0x9d001684                fpadd
                0x9d0018f0                __mulsf3
                0x9d0018f0                fpmul
                0x9d001aa8                fpdiv
                0x9d001aa8                __divsf3
                0x9d001cd4                sitofp
                0x9d001cd4                litofp
                0x9d001cd4                __floatsisf
                0x9d001d30                ultofp
                0x9d001d30                uitofp
                0x9d001d7c                fptosi
                0x9d001d7c                fptoli
                0x9d001d7c                __fixsfsi
                0x9d001df4                fptoui
                0x9d001df4                __fixunssfsi
                0x9d001df4                fptoul
                0x9d001e68                __nesf2
                0x9d001e68                fpcmp
                0x9d001e68                __eqsf2
                0x9d001e68                __gesf2
                0x9d001e68                __ltsf2
                0x9d001e68                __gtsf2
                0x9d001e68                __lesf2
                0x9d001efc                fpfabs
                0x9d001efc                fabsf
                0x9d001f0c                __negsf2
                0x9d001f1c                fpnan
                0x9d001f1c                nanf
 .text.INTEnableSystemMultiVectoredInt
                0x9d001f68       0x34 C:/Program Files (x86)/Microchip/MPLAB C32 Suite/bin/../lib/gcc/pic32mx/3.4.4/../../../../pic32mx/lib\libmchp_peripheral_32MX675F512H.a(int_enable_mv_int_lib.o)
                0x9d001f68                INTEnableSystemMultiVectoredInt
 .text.INTEnableInterrupts
                0x9d001f9c        0x8 C:/Program Files (x86)/Microchip/MPLAB C32 Suite/bin/../lib/gcc/pic32mx/3.4.4/../../../../pic32mx/lib\libmchp_peripheral_32MX675F512H.a(int_enable_interrupts_lib.o)
                0x9d001f9c                INTEnableInterrupts
 .text          0x9d001fa4      0x47c C:/Program Files (x86)/Microchip/MPLAB C32 Suite/bin/../lib/gcc/pic32mx/3.4.4\libgcc.a(_udivdi3.o)
                0x9d001fa4                __udivdi3
 .text          0x9d002420      0x48c C:/Program Files (x86)/Microchip/MPLAB C32 Suite/bin/../lib/gcc/pic32mx/3.4.4\libgcc.a(_umoddi3.o)
                0x9d002420                __umoddi3
 *(.text.*personality*)
 *(.gnu.warning)
 *(.mips16.fn.*)
 *(.mips16.call.*)
                0x9d0028ac                _text_end = .

.rodata         0x9d0028b0      0x348
 *(.rodata .rodata.* .gnu.linkonce.r.*)
 .rodata        0x9d0028b0       0x3c pic_slave.o
 *fill*         0x9d0028ec        0x4 00
 .rodata        0x9d0028f0      0x1d0 C:/Program Files (x86)/Microchip/MPLAB C32 Suite/bin/../lib/gcc/pic32mx/3.4.4/../../../../pic32mx/lib\libc.a(doprnt_cdnopuxX.eo)
 .rodata.str1.4
                0x9d002ac0       0x30 C:/Program Files (x86)/Microchip/MPLAB C32 Suite/bin/../lib/gcc/pic32mx/3.4.4/../../../../pic32mx/lib\libc.a(doprnt_cdnopuxX.eo)
 .rodata.cst4   0x9d002af0        0x4 C:/Program Files (x86)/Microchip/MPLAB C32 Suite/bin/../lib/gcc/pic32mx/3.4.4/../../../../pic32mx/lib\libc.a(doprnt_cdnopuxX.eo)
 .rodata        0x9d002af4      0x104 C:/Program Files (x86)/Microchip/MPLAB C32 Suite/bin/../lib/gcc/pic32mx/3.4.4/../../../../pic32mx/lib\libc.a(ctype.o)
                0x9d002af4                _ctype
 *(.rodata1)
                0x9d002bf8                . = ALIGN (0x4)

.sdata2         0x9d002bf8        0x0
 *(.sdata2 .sdata2.* .gnu.linkonce.s2.*)
                0x9d002bf8                . = ALIGN (0x4)

.sbss2          0x9d002bf8        0x0
 *(.sbss2 .sbss2.* .gnu.linkonce.sb2.*)
                0x9d002bf8                . = ALIGN (0x4)

.eh_frame_hdr
 *(.eh_frame_hdr)

.eh_frame       0x9d002bf8       0x40
 *(.eh_frame)
 .eh_frame      0x9d002bf8       0x20 C:/Program Files (x86)/Microchip/MPLAB C32 Suite/bin/../lib/gcc/pic32mx/3.4.4\libgcc.a(_udivdi3.o)
 .eh_frame      0x9d002c18       0x20 C:/Program Files (x86)/Microchip/MPLAB C32 Suite/bin/../lib/gcc/pic32mx/3.4.4\libgcc.a(_umoddi3.o)

.dbg_data       0xa0000000      0x200
                0xa0000000                . = (. + DEFINED (_DEBUGGER)?0x200:0x0)
 *fill*         0xa0000000      0x200 00

.persist        0xa0000200        0x0
                0xa0000200                _persist_begin = .
 *(.persist .persist.*)
                0xa0000200                _persist_end = .

.data           0xa0000200       0xa0 load address 0x9d002c38
                0xa0000200                _data_begin = .
 *(.data .data.* .gnu.linkonce.d.*)
 .data          0xa0000200       0xa0 C:/Program Files (x86)/Microchip/MPLAB C32 Suite/bin/../lib/gcc/pic32mx/3.4.4/../../../../pic32mx/lib\libc.a(_iob.o)
                0xa0000200                _iob
 *(.gnu.linkonce.d.*personality*)
 *(.data1)
                0x9d002c38                _data_image_begin = LOADADDR (.data)

.eh_frame
 *(.eh_frame)
                0xa00002a0                . = .
                0xa0008290                _gp = (ALIGN (0x10) + 0x7ff0)

.got
 *(.got.plt)
 *(.got)

.sdata          0xa00002a0        0x8 load address 0x9d002cd8
                0xa00002a0                _sdata_begin = .
 *(.sdata .sdata.* .gnu.linkonce.s.*)
 .sdata         0xa00002a0        0x2 pic_slave.o
                0xa00002a0                NUM_DATA
 *fill*         0xa00002a2        0x2 00
 .sdata         0xa00002a4        0x4 C:/Program Files (x86)/Microchip/MPLAB C32 Suite/bin/../lib/gcc/pic32mx/3.4.4/../../../../pic32mx/lib\libc.a(c32_uart.o)
                0xa00002a4                __C32_UART
                0xa00002a8                _sdata_end = .

.lit8
 *(.lit8)

.lit4
 *(.lit4)
                0xa00002a8                . = ALIGN (0x4)
                0xa00002a8                _data_end = .
                0xa00002a8                _bss_begin = .

.sbss           0xa00002a8        0x3 load address 0x9d002ce0
                0xa00002a8                _sbss_begin = .
 *(.dynsbss)
 *(.sbss .sbss.* .gnu.linkonce.sb.*)
 .sbss          0xa00002a8        0x2 pic_slave.o
                0xa00002a8                i
 *(.scommon)
 .scommon       0xa00002aa        0x1 C:/Program Files (x86)/Microchip/MPLAB C32 Suite/bin/../lib/gcc/pic32mx/3.4.4/../../../../pic32mx/lib\libc.a(_iob.o)
                0xa00002aa                _outdone
                0xa00002ab                _sbss_end = .

.bss            0xa00002ac     0x1f80 load address 0x9d002ce0
 *(.dynbss)
 *(.bss .bss.* .gnu.linkonce.b.*)
 *(COMMON)
 COMMON         0xa00002ac     0x1f40 pic_slave.o
                0xa00002ac                audio
 COMMON         0xa00021ec       0x40 C:/Program Files (x86)/Microchip/MPLAB C32 Suite/bin/../lib/gcc/pic32mx/3.4.4/../../../../pic32mx/lib\libc.a(_iob.o)
                0xa00021ec                _sibuf
                0xa000220c                _sobuf
                0xa000222c                . = ALIGN (0x4)
                0xa000222c                . = ALIGN (0x4)
                0xa000222c                _end = .
                0xa000222c                _bss_end = .

.heap           0xa0002230        0x0 load address 0x9d002ce0
                0xa0002230                _heap = .
                0xa0002230                . = (. + _min_heap_size)
                0xa0002230                . = ALIGN (0x8)

.stack          0xa0002230      0x400 load address 0x9d002ce0
                0xa0002230                _splim = .
                0xa0002230                _SPLIM = .
                0xa0002630                . = (. + _min_stack_size)
 *fill*         0xa0002230      0x400 00
                0xa0002630                . = ALIGN (0x8)

.ramfunc        0xa0002800        0x0 load address 0x9d002ce0
                0xa0002800                _ramfunc_begin = .
 *(.ramfunc .ramfunc.*)
                0xa0002800                . = ALIGN (0x4)
                0xa0002800                _ramfunc_end = .
                0x9d002ce0                _ramfunc_image_begin = LOADADDR (.ramfunc)
                0x00000000                _ramfunc_length = SIZEOF (.ramfunc)
                0x00002800                _bmxdkpba_address = (_ramfunc_begin - 0xa0000000)
                0x00010000                _bmxdudba_address = 0x10000
                0x00010000                _bmxdupba_address = 0x10000
                0xa0010000                _stack = (_ramfunc_length > 0x0)?(_ramfunc_begin - 0x8):0xa0010000
                0x00000001                ASSERT (((_min_stack_size + _min_heap_size) <= (_stack - _heap)), Not enough space to allocate both stack and heap.  Reduce heap and/or stack size.)

/DISCARD/
 *(.pdr)
 *(.reginfo)
 *(.rel.dyn)
 *(.note.GNU-stack)

.stab
 *(.stab)

.stabstr
 *(.stabstr)

.stab.excl
 *(.stab.excl)

.stab.exclstr
 *(.stab.exclstr)

.stab.index
 *(.stab.index)

.stab.indexstr
 *(.stab.indexstr)

.mdebug.abi32   0x00000000        0x0
 .mdebug.abi32  0x00000000        0x0 pic_slave.o
 .mdebug.abi32  0x00000000        0x0 C:/Program Files (x86)/Microchip/MPLAB C32 Suite/bin/../lib/gcc/pic32mx/3.4.4/../../../../pic32mx/lib\libc.a(puts.o)
 .mdebug.abi32  0x00000000        0x0 C:/Program Files (x86)/Microchip/MPLAB C32 Suite/bin/../lib/gcc/pic32mx/3.4.4/../../../../pic32mx/lib\libc.a(printf_cdnopuxX.eo)
 .mdebug.abi32  0x00000000        0x0 C:/Program Files (x86)/Microchip/MPLAB C32 Suite/bin/../lib/gcc/pic32mx/3.4.4/../../../../pic32mx/lib\libc.a(default-general-exception-handler.o)
 .mdebug.abi32  0x00000000        0x0 C:/Program Files (x86)/Microchip/MPLAB C32 Suite/bin/../lib/gcc/pic32mx/3.4.4/../../../../pic32mx/lib\libc.a(default-bootstrap-exception-handler.o)
 .mdebug.abi32  0x00000000        0x0 C:/Program Files (x86)/Microchip/MPLAB C32 Suite/bin/../lib/gcc/pic32mx/3.4.4/../../../../pic32mx/lib\libc.a(default-on-reset.o)
 .mdebug.abi32  0x00000000        0x0 C:/Program Files (x86)/Microchip/MPLAB C32 Suite/bin/../lib/gcc/pic32mx/3.4.4/../../../../pic32mx/lib\libc.a(default-on-bootstrap.o)
 .mdebug.abi32  0x00000000        0x0 C:/Program Files (x86)/Microchip/MPLAB C32 Suite/bin/../lib/gcc/pic32mx/3.4.4/../../../../pic32mx/lib\libc.a(_iob.o)
 .mdebug.abi32  0x00000000        0x0 C:/Program Files (x86)/Microchip/MPLAB C32 Suite/bin/../lib/gcc/pic32mx/3.4.4/../../../../pic32mx/lib\libc.a(_fputc_simple.o)
 .mdebug.abi32  0x00000000        0x0 C:/Program Files (x86)/Microchip/MPLAB C32 Suite/bin/../lib/gcc/pic32mx/3.4.4/../../../../pic32mx/lib\libc.a(doprnt_cdnopuxX.eo)
 .mdebug.abi32  0x00000000        0x0 C:/Program Files (x86)/Microchip/MPLAB C32 Suite/bin/../lib/gcc/pic32mx/3.4.4/../../../../pic32mx/lib\libc.a(write.o)
 .mdebug.abi32  0x00000000        0x0 C:/Program Files (x86)/Microchip/MPLAB C32 Suite/bin/../lib/gcc/pic32mx/3.4.4/../../../../pic32mx/lib\libc.a(_flsbuf_simple.o)
 .mdebug.abi32  0x00000000        0x0 C:/Program Files (x86)/Microchip/MPLAB C32 Suite/bin/../lib/gcc/pic32mx/3.4.4/../../../../pic32mx/lib\libc.a(ctype.o)
 .mdebug.abi32  0x00000000        0x0 C:/Program Files (x86)/Microchip/MPLAB C32 Suite/bin/../lib/gcc/pic32mx/3.4.4/../../../../pic32mx/lib\libc.a(_mon_putc.o)
 .mdebug.abi32  0x00000000        0x0 C:/Program Files (x86)/Microchip/MPLAB C32 Suite/bin/../lib/gcc/pic32mx/3.4.4/../../../../pic32mx/lib\libc.a(c32_uart.o)
 .mdebug.abi32  0x00000000        0x0 C:/Program Files (x86)/Microchip/MPLAB C32 Suite/bin/../lib/gcc/pic32mx/3.4.4/../../../../pic32mx/lib\libmchp_peripheral_32MX675F512H.a(int_enable_mv_int_lib.o)
 .mdebug.abi32  0x00000000        0x0 C:/Program Files (x86)/Microchip/MPLAB C32 Suite/bin/../lib/gcc/pic32mx/3.4.4/../../../../pic32mx/lib\libmchp_peripheral_32MX675F512H.a(int_enable_interrupts_lib.o)
 .mdebug.abi32  0x00000000        0x0 C:/Program Files (x86)/Microchip/MPLAB C32 Suite/bin/../lib/gcc/pic32mx/3.4.4\libgcc.a(_udivdi3.o)
 .mdebug.abi32  0x00000000        0x0 C:/Program Files (x86)/Microchip/MPLAB C32 Suite/bin/../lib/gcc/pic32mx/3.4.4\libgcc.a(_umoddi3.o)

.comment        0x00000000      0x605
 *(.comment)
 .comment       0x00000000       0x4d pic_slave.o
 .comment       0x0000004d       0x4d C:/Program Files (x86)/Microchip/MPLAB C32 Suite/bin/../lib/gcc/pic32mx/3.4.4/../../../../pic32mx/lib\libc.a(puts.o)
 .comment       0x0000009a       0x4d C:/Program Files (x86)/Microchip/MPLAB C32 Suite/bin/../lib/gcc/pic32mx/3.4.4/../../../../pic32mx/lib\libc.a(printf_cdnopuxX.eo)
 .comment       0x000000e7       0x4d C:/Program Files (x86)/Microchip/MPLAB C32 Suite/bin/../lib/gcc/pic32mx/3.4.4/../../../../pic32mx/lib\libc.a(default-general-exception-handler.o)
 .comment       0x00000134       0x4d C:/Program Files (x86)/Microchip/MPLAB C32 Suite/bin/../lib/gcc/pic32mx/3.4.4/../../../../pic32mx/lib\libc.a(default-bootstrap-exception-handler.o)
 .comment       0x00000181       0x4d C:/Program Files (x86)/Microchip/MPLAB C32 Suite/bin/../lib/gcc/pic32mx/3.4.4/../../../../pic32mx/lib\libc.a(default-on-reset.o)
 .comment       0x000001ce       0x4d C:/Program Files (x86)/Microchip/MPLAB C32 Suite/bin/../lib/gcc/pic32mx/3.4.4/../../../../pic32mx/lib\libc.a(default-on-bootstrap.o)
 .comment       0x0000021b       0x4d C:/Program Files (x86)/Microchip/MPLAB C32 Suite/bin/../lib/gcc/pic32mx/3.4.4/../../../../pic32mx/lib\libc.a(_iob.o)
 .comment       0x00000268       0x4d C:/Program Files (x86)/Microchip/MPLAB C32 Suite/bin/../lib/gcc/pic32mx/3.4.4/../../../../pic32mx/lib\libc.a(_fputc_simple.o)
 .comment       0x000002b5       0x4d C:/Program Files (x86)/Microchip/MPLAB C32 Suite/bin/../lib/gcc/pic32mx/3.4.4/../../../../pic32mx/lib\libc.a(doprnt_cdnopuxX.eo)
 .comment       0x00000302       0x4d C:/Program Files (x86)/Microchip/MPLAB C32 Suite/bin/../lib/gcc/pic32mx/3.4.4/../../../../pic32mx/lib\libc.a(write.o)
 .comment       0x0000034f       0x4d C:/Program Files (x86)/Microchip/MPLAB C32 Suite/bin/../lib/gcc/pic32mx/3.4.4/../../../../pic32mx/lib\libc.a(_flsbuf_simple.o)
 .comment       0x0000039c       0x9b C:/Program Files (x86)/Microchip/MPLAB C32 Suite/bin/../lib/gcc/pic32mx/3.4.4/../../../../pic32mx/lib\libc.a(ctype.o)
 .comment       0x00000437       0x4d C:/Program Files (x86)/Microchip/MPLAB C32 Suite/bin/../lib/gcc/pic32mx/3.4.4/../../../../pic32mx/lib\libc.a(_mon_putc.o)
 .comment       0x00000484       0x4d C:/Program Files (x86)/Microchip/MPLAB C32 Suite/bin/../lib/gcc/pic32mx/3.4.4/../../../../pic32mx/lib\libc.a(c32_uart.o)
 .comment       0x000004d1       0x4d C:/Program Files (x86)/Microchip/MPLAB C32 Suite/bin/../lib/gcc/pic32mx/3.4.4/../../../../pic32mx/lib\libmchp_peripheral_32MX675F512H.a(int_enable_mv_int_lib.o)
 .comment       0x0000051e       0x4d C:/Program Files (x86)/Microchip/MPLAB C32 Suite/bin/../lib/gcc/pic32mx/3.4.4/../../../../pic32mx/lib\libmchp_peripheral_32MX675F512H.a(int_enable_interrupts_lib.o)
 .comment       0x0000056b       0x4d C:/Program Files (x86)/Microchip/MPLAB C32 Suite/bin/../lib/gcc/pic32mx/3.4.4\libgcc.a(_udivdi3.o)
 .comment       0x000005b8       0x4d C:/Program Files (x86)/Microchip/MPLAB C32 Suite/bin/../lib/gcc/pic32mx/3.4.4\libgcc.a(_umoddi3.o)

.debug
 *(.debug)

.line
 *(.line)

.debug_srcinfo
 *(.debug_srcinfo)

.debug_sfnames
 *(.debug_sfnames)

.debug_aranges  0x00000000      0x230
 *(.debug_aranges)
 .debug_aranges
                0x00000000       0x20 pic_slave.o
 .debug_aranges
                0x00000020       0x30 C:/Program Files (x86)/Microchip/MPLAB C32 Suite/bin/../lib/gcc/pic32mx/3.4.4/../../../../pic32mx/lib\libc.a(puts.o)
 .debug_aranges
                0x00000050       0x28 C:/Program Files (x86)/Microchip/MPLAB C32 Suite/bin/../lib/gcc/pic32mx/3.4.4/../../../../pic32mx/lib\libc.a(printf_cdnopuxX.eo)
 .debug_aranges
                0x00000078       0x28 C:/Program Files (x86)/Microchip/MPLAB C32 Suite/bin/../lib/gcc/pic32mx/3.4.4/../../../../pic32mx/lib\libc.a(default-general-exception-handler.o)
 .debug_aranges
                0x000000a0       0x28 C:/Program Files (x86)/Microchip/MPLAB C32 Suite/bin/../lib/gcc/pic32mx/3.4.4/../../../../pic32mx/lib\libc.a(default-bootstrap-exception-handler.o)
 .debug_aranges
                0x000000c8       0x28 C:/Program Files (x86)/Microchip/MPLAB C32 Suite/bin/../lib/gcc/pic32mx/3.4.4/../../../../pic32mx/lib\libc.a(default-on-reset.o)
 .debug_aranges
                0x000000f0       0x28 C:/Program Files (x86)/Microchip/MPLAB C32 Suite/bin/../lib/gcc/pic32mx/3.4.4/../../../../pic32mx/lib\libc.a(default-on-bootstrap.o)
 .debug_aranges
                0x00000118       0x28 C:/Program Files (x86)/Microchip/MPLAB C32 Suite/bin/../lib/gcc/pic32mx/3.4.4/../../../../pic32mx/lib\libc.a(_fputc_simple.o)
 .debug_aranges
                0x00000140       0x28 C:/Program Files (x86)/Microchip/MPLAB C32 Suite/bin/../lib/gcc/pic32mx/3.4.4/../../../../pic32mx/lib\libc.a(doprnt_cdnopuxX.eo)
 .debug_aranges
                0x00000168       0x28 C:/Program Files (x86)/Microchip/MPLAB C32 Suite/bin/../lib/gcc/pic32mx/3.4.4/../../../../pic32mx/lib\libc.a(write.o)
 .debug_aranges
                0x00000190       0x28 C:/Program Files (x86)/Microchip/MPLAB C32 Suite/bin/../lib/gcc/pic32mx/3.4.4/../../../../pic32mx/lib\libc.a(_flsbuf_simple.o)
 .debug_aranges
                0x000001b8       0x28 C:/Program Files (x86)/Microchip/MPLAB C32 Suite/bin/../lib/gcc/pic32mx/3.4.4/../../../../pic32mx/lib\libc.a(_mon_putc.o)
 .debug_aranges
                0x000001e0       0x28 C:/Program Files (x86)/Microchip/MPLAB C32 Suite/bin/../lib/gcc/pic32mx/3.4.4/../../../../pic32mx/lib\libmchp_peripheral_32MX675F512H.a(int_enable_mv_int_lib.o)
 .debug_aranges
                0x00000208       0x28 C:/Program Files (x86)/Microchip/MPLAB C32 Suite/bin/../lib/gcc/pic32mx/3.4.4/../../../../pic32mx/lib\libmchp_peripheral_32MX675F512H.a(int_enable_interrupts_lib.o)

.debug_pubnames
                0x00000000      0x31f
 *(.debug_pubnames)
 .debug_pubnames
                0x00000000       0xa5 pic_slave.o
 .debug_pubnames
                0x000000a5       0x25 C:/Program Files (x86)/Microchip/MPLAB C32 Suite/bin/../lib/gcc/pic32mx/3.4.4/../../../../pic32mx/lib\libc.a(puts.o)
 .debug_pubnames
                0x000000ca       0x27 C:/Program Files (x86)/Microchip/MPLAB C32 Suite/bin/../lib/gcc/pic32mx/3.4.4/../../../../pic32mx/lib\libc.a(printf_cdnopuxX.eo)
 .debug_pubnames
                0x000000f1       0x31 C:/Program Files (x86)/Microchip/MPLAB C32 Suite/bin/../lib/gcc/pic32mx/3.4.4/../../../../pic32mx/lib\libc.a(default-general-exception-handler.o)
 .debug_pubnames
                0x00000122       0x33 C:/Program Files (x86)/Microchip/MPLAB C32 Suite/bin/../lib/gcc/pic32mx/3.4.4/../../../../pic32mx/lib\libc.a(default-bootstrap-exception-handler.o)
 .debug_pubnames
                0x00000155       0x20 C:/Program Files (x86)/Microchip/MPLAB C32 Suite/bin/../lib/gcc/pic32mx/3.4.4/../../../../pic32mx/lib\libc.a(default-on-reset.o)
 .debug_pubnames
                0x00000175       0x24 C:/Program Files (x86)/Microchip/MPLAB C32 Suite/bin/../lib/gcc/pic32mx/3.4.4/../../../../pic32mx/lib\libc.a(default-on-bootstrap.o)
 .debug_pubnames
                0x00000199       0x49 C:/Program Files (x86)/Microchip/MPLAB C32 Suite/bin/../lib/gcc/pic32mx/3.4.4/../../../../pic32mx/lib\libc.a(_iob.o)
 .debug_pubnames
                0x000001e2       0x1c C:/Program Files (x86)/Microchip/MPLAB C32 Suite/bin/../lib/gcc/pic32mx/3.4.4/../../../../pic32mx/lib\libc.a(_fputc_simple.o)
 .debug_pubnames
                0x000001fe       0x29 C:/Program Files (x86)/Microchip/MPLAB C32 Suite/bin/../lib/gcc/pic32mx/3.4.4/../../../../pic32mx/lib\libc.a(doprnt_cdnopuxX.eo)
 .debug_pubnames
                0x00000227       0x1c C:/Program Files (x86)/Microchip/MPLAB C32 Suite/bin/../lib/gcc/pic32mx/3.4.4/../../../../pic32mx/lib\libc.a(write.o)
 .debug_pubnames
                0x00000243       0x1e C:/Program Files (x86)/Microchip/MPLAB C32 Suite/bin/../lib/gcc/pic32mx/3.4.4/../../../../pic32mx/lib\libc.a(_flsbuf_simple.o)
 .debug_pubnames
                0x00000261       0x1d C:/Program Files (x86)/Microchip/MPLAB C32 Suite/bin/../lib/gcc/pic32mx/3.4.4/../../../../pic32mx/lib\libc.a(ctype.o)
 .debug_pubnames
                0x0000027e       0x20 C:/Program Files (x86)/Microchip/MPLAB C32 Suite/bin/../lib/gcc/pic32mx/3.4.4/../../../../pic32mx/lib\libc.a(_mon_putc.o)
 .debug_pubnames
                0x0000029e       0x21 C:/Program Files (x86)/Microchip/MPLAB C32 Suite/bin/../lib/gcc/pic32mx/3.4.4/../../../../pic32mx/lib\libc.a(c32_uart.o)
 .debug_pubnames
                0x000002bf       0x36 C:/Program Files (x86)/Microchip/MPLAB C32 Suite/bin/../lib/gcc/pic32mx/3.4.4/../../../../pic32mx/lib\libmchp_peripheral_32MX675F512H.a(int_enable_mv_int_lib.o)
 .debug_pubnames
                0x000002f5       0x2a C:/Program Files (x86)/Microchip/MPLAB C32 Suite/bin/../lib/gcc/pic32mx/3.4.4/../../../../pic32mx/lib\libmchp_peripheral_32MX675F512H.a(int_enable_interrupts_lib.o)

.debug_info     0x00000000     0x16ad
 *(.debug_info .gnu.linkonce.wi.*)
 .debug_info    0x00000000      0xa7a pic_slave.o
 .debug_info    0x00000a7a      0x158 C:/Program Files (x86)/Microchip/MPLAB C32 Suite/bin/../lib/gcc/pic32mx/3.4.4/../../../../pic32mx/lib\libc.a(puts.o)
 .debug_info    0x00000bd2      0x13e C:/Program Files (x86)/Microchip/MPLAB C32 Suite/bin/../lib/gcc/pic32mx/3.4.4/../../../../pic32mx/lib\libc.a(printf_cdnopuxX.eo)
 .debug_info    0x00000d10       0x31 C:/Program Files (x86)/Microchip/MPLAB C32 Suite/bin/../lib/gcc/pic32mx/3.4.4/../../../../pic32mx/lib\libc.a(default-general-exception-handler.o)
 .debug_info    0x00000d41       0x31 C:/Program Files (x86)/Microchip/MPLAB C32 Suite/bin/../lib/gcc/pic32mx/3.4.4/../../../../pic32mx/lib\libc.a(default-bootstrap-exception-handler.o)
 .debug_info    0x00000d72       0x31 C:/Program Files (x86)/Microchip/MPLAB C32 Suite/bin/../lib/gcc/pic32mx/3.4.4/../../../../pic32mx/lib\libc.a(default-on-reset.o)
 .debug_info    0x00000da3       0x31 C:/Program Files (x86)/Microchip/MPLAB C32 Suite/bin/../lib/gcc/pic32mx/3.4.4/../../../../pic32mx/lib\libc.a(default-on-bootstrap.o)
 .debug_info    0x00000dd4      0x150 C:/Program Files (x86)/Microchip/MPLAB C32 Suite/bin/../lib/gcc/pic32mx/3.4.4/../../../../pic32mx/lib\libc.a(_iob.o)
 .debug_info    0x00000f24      0x12a C:/Program Files (x86)/Microchip/MPLAB C32 Suite/bin/../lib/gcc/pic32mx/3.4.4/../../../../pic32mx/lib\libc.a(_fputc_simple.o)
 .debug_info    0x0000104e      0x2c6 C:/Program Files (x86)/Microchip/MPLAB C32 Suite/bin/../lib/gcc/pic32mx/3.4.4/../../../../pic32mx/lib\libc.a(doprnt_cdnopuxX.eo)
 .debug_info    0x00001314       0x7c C:/Program Files (x86)/Microchip/MPLAB C32 Suite/bin/../lib/gcc/pic32mx/3.4.4/../../../../pic32mx/lib\libc.a(write.o)
 .debug_info    0x00001390      0x122 C:/Program Files (x86)/Microchip/MPLAB C32 Suite/bin/../lib/gcc/pic32mx/3.4.4/../../../../pic32mx/lib\libc.a(_flsbuf_simple.o)
 .debug_info    0x000014b2       0x61 C:/Program Files (x86)/Microchip/MPLAB C32 Suite/bin/../lib/gcc/pic32mx/3.4.4/../../../../pic32mx/lib\libc.a(ctype.o)
 .debug_info    0x00001513       0xfb C:/Program Files (x86)/Microchip/MPLAB C32 Suite/bin/../lib/gcc/pic32mx/3.4.4/../../../../pic32mx/lib\libc.a(_mon_putc.o)
 .debug_info    0x0000160e       0x3f C:/Program Files (x86)/Microchip/MPLAB C32 Suite/bin/../lib/gcc/pic32mx/3.4.4/../../../../pic32mx/lib\libc.a(c32_uart.o)
 .debug_info    0x0000164d       0x30 C:/Program Files (x86)/Microchip/MPLAB C32 Suite/bin/../lib/gcc/pic32mx/3.4.4/../../../../pic32mx/lib\libmchp_peripheral_32MX675F512H.a(int_enable_mv_int_lib.o)
 .debug_info    0x0000167d       0x30 C:/Program Files (x86)/Microchip/MPLAB C32 Suite/bin/../lib/gcc/pic32mx/3.4.4/../../../../pic32mx/lib\libmchp_peripheral_32MX675F512H.a(int_enable_interrupts_lib.o)

.debug_abbrev   0x00000000      0x859
 *(.debug_abbrev)
 .debug_abbrev  0x00000000      0x184 pic_slave.o
 .debug_abbrev  0x00000184       0xb9 C:/Program Files (x86)/Microchip/MPLAB C32 Suite/bin/../lib/gcc/pic32mx/3.4.4/../../../../pic32mx/lib\libc.a(puts.o)
 .debug_abbrev  0x0000023d       0xc7 C:/Program Files (x86)/Microchip/MPLAB C32 Suite/bin/../lib/gcc/pic32mx/3.4.4/../../../../pic32mx/lib\libc.a(printf_cdnopuxX.eo)
 .debug_abbrev  0x00000304       0x25 C:/Program Files (x86)/Microchip/MPLAB C32 Suite/bin/../lib/gcc/pic32mx/3.4.4/../../../../pic32mx/lib\libc.a(default-general-exception-handler.o)
 .debug_abbrev  0x00000329       0x25 C:/Program Files (x86)/Microchip/MPLAB C32 Suite/bin/../lib/gcc/pic32mx/3.4.4/../../../../pic32mx/lib\libc.a(default-bootstrap-exception-handler.o)
 .debug_abbrev  0x0000034e       0x25 C:/Program Files (x86)/Microchip/MPLAB C32 Suite/bin/../lib/gcc/pic32mx/3.4.4/../../../../pic32mx/lib\libc.a(default-on-reset.o)
 .debug_abbrev  0x00000373       0x25 C:/Program Files (x86)/Microchip/MPLAB C32 Suite/bin/../lib/gcc/pic32mx/3.4.4/../../../../pic32mx/lib\libc.a(default-on-bootstrap.o)
 .debug_abbrev  0x00000398       0x81 C:/Program Files (x86)/Microchip/MPLAB C32 Suite/bin/../lib/gcc/pic32mx/3.4.4/../../../../pic32mx/lib\libc.a(_iob.o)
 .debug_abbrev  0x00000419       0xb4 C:/Program Files (x86)/Microchip/MPLAB C32 Suite/bin/../lib/gcc/pic32mx/3.4.4/../../../../pic32mx/lib\libc.a(_fputc_simple.o)
 .debug_abbrev  0x000004cd      0x12a C:/Program Files (x86)/Microchip/MPLAB C32 Suite/bin/../lib/gcc/pic32mx/3.4.4/../../../../pic32mx/lib\libc.a(doprnt_cdnopuxX.eo)
 .debug_abbrev  0x000005f7       0x73 C:/Program Files (x86)/Microchip/MPLAB C32 Suite/bin/../lib/gcc/pic32mx/3.4.4/../../../../pic32mx/lib\libc.a(write.o)
 .debug_abbrev  0x0000066a       0xa7 C:/Program Files (x86)/Microchip/MPLAB C32 Suite/bin/../lib/gcc/pic32mx/3.4.4/../../../../pic32mx/lib\libc.a(_flsbuf_simple.o)
 .debug_abbrev  0x00000711       0x49 C:/Program Files (x86)/Microchip/MPLAB C32 Suite/bin/../lib/gcc/pic32mx/3.4.4/../../../../pic32mx/lib\libc.a(ctype.o)
 .debug_abbrev  0x0000075a       0x89 C:/Program Files (x86)/Microchip/MPLAB C32 Suite/bin/../lib/gcc/pic32mx/3.4.4/../../../../pic32mx/lib\libc.a(_mon_putc.o)
 .debug_abbrev  0x000007e3       0x30 C:/Program Files (x86)/Microchip/MPLAB C32 Suite/bin/../lib/gcc/pic32mx/3.4.4/../../../../pic32mx/lib\libc.a(c32_uart.o)
 .debug_abbrev  0x00000813       0x23 C:/Program Files (x86)/Microchip/MPLAB C32 Suite/bin/../lib/gcc/pic32mx/3.4.4/../../../../pic32mx/lib\libmchp_peripheral_32MX675F512H.a(int_enable_mv_int_lib.o)
 .debug_abbrev  0x00000836       0x23 C:/Program Files (x86)/Microchip/MPLAB C32 Suite/bin/../lib/gcc/pic32mx/3.4.4/../../../../pic32mx/lib\libmchp_peripheral_32MX675F512H.a(int_enable_interrupts_lib.o)

.debug_line     0x00000000     0x1572
 *(.debug_line)
 .debug_line    0x00000000      0x22d pic_slave.o
 .debug_line    0x0000022d      0x1cf C:/Program Files (x86)/Microchip/MPLAB C32 Suite/bin/../lib/gcc/pic32mx/3.4.4/../../../../pic32mx/lib\libc.a(puts.o)
 .debug_line    0x000003fc      0x161 C:/Program Files (x86)/Microchip/MPLAB C32 Suite/bin/../lib/gcc/pic32mx/3.4.4/../../../../pic32mx/lib\libc.a(printf_cdnopuxX.eo)
 .debug_line    0x0000055d       0xba C:/Program Files (x86)/Microchip/MPLAB C32 Suite/bin/../lib/gcc/pic32mx/3.4.4/../../../../pic32mx/lib\libc.a(default-general-exception-handler.o)
 .debug_line    0x00000617       0xbc C:/Program Files (x86)/Microchip/MPLAB C32 Suite/bin/../lib/gcc/pic32mx/3.4.4/../../../../pic32mx/lib\libc.a(default-bootstrap-exception-handler.o)
 .debug_line    0x000006d3       0xa9 C:/Program Files (x86)/Microchip/MPLAB C32 Suite/bin/../lib/gcc/pic32mx/3.4.4/../../../../pic32mx/lib\libc.a(default-on-reset.o)
 .debug_line    0x0000077c       0xad C:/Program Files (x86)/Microchip/MPLAB C32 Suite/bin/../lib/gcc/pic32mx/3.4.4/../../../../pic32mx/lib\libc.a(default-on-bootstrap.o)
 .debug_line    0x00000829      0x196 C:/Program Files (x86)/Microchip/MPLAB C32 Suite/bin/../lib/gcc/pic32mx/3.4.4/../../../../pic32mx/lib\libc.a(_iob.o)
 .debug_line    0x000009bf      0x197 C:/Program Files (x86)/Microchip/MPLAB C32 Suite/bin/../lib/gcc/pic32mx/3.4.4/../../../../pic32mx/lib\libc.a(_fputc_simple.o)
 .debug_line    0x00000b56      0x403 C:/Program Files (x86)/Microchip/MPLAB C32 Suite/bin/../lib/gcc/pic32mx/3.4.4/../../../../pic32mx/lib\libc.a(doprnt_cdnopuxX.eo)
 .debug_line    0x00000f59       0xc2 C:/Program Files (x86)/Microchip/MPLAB C32 Suite/bin/../lib/gcc/pic32mx/3.4.4/../../../../pic32mx/lib\libc.a(write.o)
 .debug_line    0x0000101b      0x19d C:/Program Files (x86)/Microchip/MPLAB C32 Suite/bin/../lib/gcc/pic32mx/3.4.4/../../../../pic32mx/lib\libc.a(_flsbuf_simple.o)
 .debug_line    0x000011b8      0x102 C:/Program Files (x86)/Microchip/MPLAB C32 Suite/bin/../lib/gcc/pic32mx/3.4.4/../../../../pic32mx/lib\libc.a(ctype.o)
 .debug_line    0x000012ba       0xd3 C:/Program Files (x86)/Microchip/MPLAB C32 Suite/bin/../lib/gcc/pic32mx/3.4.4/../../../../pic32mx/lib\libc.a(_mon_putc.o)
 .debug_line    0x0000138d       0x8f C:/Program Files (x86)/Microchip/MPLAB C32 Suite/bin/../lib/gcc/pic32mx/3.4.4/../../../../pic32mx/lib\libc.a(c32_uart.o)
 .debug_line    0x0000141c       0xa9 C:/Program Files (x86)/Microchip/MPLAB C32 Suite/bin/../lib/gcc/pic32mx/3.4.4/../../../../pic32mx/lib\libmchp_peripheral_32MX675F512H.a(int_enable_mv_int_lib.o)
 .debug_line    0x000014c5       0xad C:/Program Files (x86)/Microchip/MPLAB C32 Suite/bin/../lib/gcc/pic32mx/3.4.4/../../../../pic32mx/lib\libmchp_peripheral_32MX675F512H.a(int_enable_interrupts_lib.o)

.debug_frame    0x00000000      0x320
 *(.debug_frame)
 .debug_frame   0x00000000       0xec pic_slave.o
 .debug_frame   0x000000ec       0x50 C:/Program Files (x86)/Microchip/MPLAB C32 Suite/bin/../lib/gcc/pic32mx/3.4.4/../../../../pic32mx/lib\libc.a(puts.o)
 .debug_frame   0x0000013c       0x28 C:/Program Files (x86)/Microchip/MPLAB C32 Suite/bin/../lib/gcc/pic32mx/3.4.4/../../../../pic32mx/lib\libc.a(printf_cdnopuxX.eo)
 .debug_frame   0x00000164       0x20 C:/Program Files (x86)/Microchip/MPLAB C32 Suite/bin/../lib/gcc/pic32mx/3.4.4/../../../../pic32mx/lib\libc.a(default-general-exception-handler.o)
 .debug_frame   0x00000184       0x20 C:/Program Files (x86)/Microchip/MPLAB C32 Suite/bin/../lib/gcc/pic32mx/3.4.4/../../../../pic32mx/lib\libc.a(default-bootstrap-exception-handler.o)
 .debug_frame   0x000001a4       0x20 C:/Program Files (x86)/Microchip/MPLAB C32 Suite/bin/../lib/gcc/pic32mx/3.4.4/../../../../pic32mx/lib\libc.a(default-on-reset.o)
 .debug_frame   0x000001c4       0x20 C:/Program Files (x86)/Microchip/MPLAB C32 Suite/bin/../lib/gcc/pic32mx/3.4.4/../../../../pic32mx/lib\libc.a(default-on-bootstrap.o)
 .debug_frame   0x000001e4       0x30 C:/Program Files (x86)/Microchip/MPLAB C32 Suite/bin/../lib/gcc/pic32mx/3.4.4/../../../../pic32mx/lib\libc.a(_fputc_simple.o)
 .debug_frame   0x00000214       0x44 C:/Program Files (x86)/Microchip/MPLAB C32 Suite/bin/../lib/gcc/pic32mx/3.4.4/../../../../pic32mx/lib\libc.a(doprnt_cdnopuxX.eo)
 .debug_frame   0x00000258       0x34 C:/Program Files (x86)/Microchip/MPLAB C32 Suite/bin/../lib/gcc/pic32mx/3.4.4/../../../../pic32mx/lib\libc.a(write.o)
 .debug_frame   0x0000028c       0x2c C:/Program Files (x86)/Microchip/MPLAB C32 Suite/bin/../lib/gcc/pic32mx/3.4.4/../../../../pic32mx/lib\libc.a(_flsbuf_simple.o)
 .debug_frame   0x000002b8       0x20 C:/Program Files (x86)/Microchip/MPLAB C32 Suite/bin/../lib/gcc/pic32mx/3.4.4/../../../../pic32mx/lib\libc.a(_mon_putc.o)
 .debug_frame   0x000002d8       0x28 C:/Program Files (x86)/Microchip/MPLAB C32 Suite/bin/../lib/gcc/pic32mx/3.4.4/../../../../pic32mx/lib\libmchp_peripheral_32MX675F512H.a(int_enable_mv_int_lib.o)
 .debug_frame   0x00000300       0x20 C:/Program Files (x86)/Microchip/MPLAB C32 Suite/bin/../lib/gcc/pic32mx/3.4.4/../../../../pic32mx/lib\libmchp_peripheral_32MX675F512H.a(int_enable_interrupts_lib.o)

.debug_str      0x00000000      0x8f1
 *(.debug_str)
 .debug_str     0x00000000       0x12 pic_slave.o
 .debug_str     0x00000012      0x113 C:/Program Files (x86)/Microchip/MPLAB C32 Suite/bin/../lib/gcc/pic32mx/3.4.4/../../../../pic32mx/lib\libc.a(puts.o)
                                0x13c (size before relaxing)
 .debug_str     0x00000125       0x8f C:/Program Files (x86)/Microchip/MPLAB C32 Suite/bin/../lib/gcc/pic32mx/3.4.4/../../../../pic32mx/lib\libc.a(printf_cdnopuxX.eo)
                                0x15d (size before relaxing)
 .debug_str     0x000001b4       0xa5 C:/Program Files (x86)/Microchip/MPLAB C32 Suite/bin/../lib/gcc/pic32mx/3.4.4/../../../../pic32mx/lib\libc.a(default-general-exception-handler.o)
                                 0xec (size before relaxing)
 .debug_str     0x00000259       0xa9 C:/Program Files (x86)/Microchip/MPLAB C32 Suite/bin/../lib/gcc/pic32mx/3.4.4/../../../../pic32mx/lib\libc.a(default-bootstrap-exception-handler.o)
                                 0xf0 (size before relaxing)
 .debug_str     0x00000302       0x83 C:/Program Files (x86)/Microchip/MPLAB C32 Suite/bin/../lib/gcc/pic32mx/3.4.4/../../../../pic32mx/lib\libc.a(default-on-reset.o)
                                 0xca (size before relaxing)
 .debug_str     0x00000385       0x8b C:/Program Files (x86)/Microchip/MPLAB C32 Suite/bin/../lib/gcc/pic32mx/3.4.4/../../../../pic32mx/lib\libc.a(default-on-bootstrap.o)
                                 0xd2 (size before relaxing)
 .debug_str     0x00000410       0x89 C:/Program Files (x86)/Microchip/MPLAB C32 Suite/bin/../lib/gcc/pic32mx/3.4.4/../../../../pic32mx/lib\libc.a(_iob.o)
                                0x14f (size before relaxing)
 .debug_str     0x00000499       0x1b C:/Program Files (x86)/Microchip/MPLAB C32 Suite/bin/../lib/gcc/pic32mx/3.4.4/../../../../pic32mx/lib\libc.a(_fputc_simple.o)
                                0x149 (size before relaxing)
 .debug_str     0x000004b4       0xa3 C:/Program Files (x86)/Microchip/MPLAB C32 Suite/bin/../lib/gcc/pic32mx/3.4.4/../../../../pic32mx/lib\libc.a(doprnt_cdnopuxX.eo)
                                0x1df (size before relaxing)
 .debug_str     0x00000557       0x7c C:/Program Files (x86)/Microchip/MPLAB C32 Suite/bin/../lib/gcc/pic32mx/3.4.4/../../../../pic32mx/lib\libc.a(write.o)
                                 0xd6 (size before relaxing)
 .debug_str     0x000005d3       0x18 C:/Program Files (x86)/Microchip/MPLAB C32 Suite/bin/../lib/gcc/pic32mx/3.4.4/../../../../pic32mx/lib\libc.a(_flsbuf_simple.o)
                                0x144 (size before relaxing)
 .debug_str     0x000005eb       0x6c C:/Program Files (x86)/Microchip/MPLAB C32 Suite/bin/../lib/gcc/pic32mx/3.4.4/../../../../pic32mx/lib\libc.a(ctype.o)
                                 0xd1 (size before relaxing)
 .debug_str     0x00000657       0xe1 C:/Program Files (x86)/Microchip/MPLAB C32 Suite/bin/../lib/gcc/pic32mx/3.4.4/../../../../pic32mx/lib\libc.a(_mon_putc.o)
                                0x13a (size before relaxing)
 .debug_str     0x00000738       0x6f C:/Program Files (x86)/Microchip/MPLAB C32 Suite/bin/../lib/gcc/pic32mx/3.4.4/../../../../pic32mx/lib\libc.a(c32_uart.o)
                                 0xc1 (size before relaxing)
 .debug_str     0x000007a7       0xa9 C:/Program Files (x86)/Microchip/MPLAB C32 Suite/bin/../lib/gcc/pic32mx/3.4.4/../../../../pic32mx/lib\libmchp_peripheral_32MX675F512H.a(int_enable_mv_int_lib.o)
                                 0xf0 (size before relaxing)
 .debug_str     0x00000850       0xa1 C:/Program Files (x86)/Microchip/MPLAB C32 Suite/bin/../lib/gcc/pic32mx/3.4.4/../../../../pic32mx/lib\libmchp_peripheral_32MX675F512H.a(int_enable_interrupts_lib.o)
                                 0xe8 (size before relaxing)

.debug_loc
 *(.debug_loc)

.debug_macinfo  0x00000000    0x11691
 *(.debug_macinfo)
 .debug_macinfo
                0x00000000     0x1e47 C:/Program Files (x86)/Microchip/MPLAB C32 Suite/bin/../lib/gcc/pic32mx/3.4.4/../../../../pic32mx/lib\libc.a(puts.o)
 .debug_macinfo
                0x00001e47     0x1fe9 C:/Program Files (x86)/Microchip/MPLAB C32 Suite/bin/../lib/gcc/pic32mx/3.4.4/../../../../pic32mx/lib\libc.a(printf_cdnopuxX.eo)
 .debug_macinfo
                0x00003e30      0x92f C:/Program Files (x86)/Microchip/MPLAB C32 Suite/bin/../lib/gcc/pic32mx/3.4.4/../../../../pic32mx/lib\libc.a(default-general-exception-handler.o)
 .debug_macinfo
                0x0000475f      0x92f C:/Program Files (x86)/Microchip/MPLAB C32 Suite/bin/../lib/gcc/pic32mx/3.4.4/../../../../pic32mx/lib\libc.a(default-bootstrap-exception-handler.o)
 .debug_macinfo
                0x0000508e      0x92f C:/Program Files (x86)/Microchip/MPLAB C32 Suite/bin/../lib/gcc/pic32mx/3.4.4/../../../../pic32mx/lib\libc.a(default-on-reset.o)
 .debug_macinfo
                0x000059bd      0x92f C:/Program Files (x86)/Microchip/MPLAB C32 Suite/bin/../lib/gcc/pic32mx/3.4.4/../../../../pic32mx/lib\libc.a(default-on-bootstrap.o)
 .debug_macinfo
                0x000062ec     0x1e4e C:/Program Files (x86)/Microchip/MPLAB C32 Suite/bin/../lib/gcc/pic32mx/3.4.4/../../../../pic32mx/lib\libc.a(_iob.o)
 .debug_macinfo
                0x0000813a     0x1e8f C:/Program Files (x86)/Microchip/MPLAB C32 Suite/bin/../lib/gcc/pic32mx/3.4.4/../../../../pic32mx/lib\libc.a(_fputc_simple.o)
 .debug_macinfo
                0x00009fc9     0x2f22 C:/Program Files (x86)/Microchip/MPLAB C32 Suite/bin/../lib/gcc/pic32mx/3.4.4/../../../../pic32mx/lib\libc.a(doprnt_cdnopuxX.eo)
 .debug_macinfo
                0x0000ceeb      0x92f C:/Program Files (x86)/Microchip/MPLAB C32 Suite/bin/../lib/gcc/pic32mx/3.4.4/../../../../pic32mx/lib\libc.a(write.o)
 .debug_macinfo
                0x0000d81a     0x1eb3 C:/Program Files (x86)/Microchip/MPLAB C32 Suite/bin/../lib/gcc/pic32mx/3.4.4/../../../../pic32mx/lib\libc.a(_flsbuf_simple.o)
 .debug_macinfo
                0x0000f6cd      0xcd9 C:/Program Files (x86)/Microchip/MPLAB C32 Suite/bin/../lib/gcc/pic32mx/3.4.4/../../../../pic32mx/lib\libc.a(ctype.o)
 .debug_macinfo
                0x000103a6      0x9bc C:/Program Files (x86)/Microchip/MPLAB C32 Suite/bin/../lib/gcc/pic32mx/3.4.4/../../../../pic32mx/lib\libc.a(_mon_putc.o)
 .debug_macinfo
                0x00010d62      0x92f C:/Program Files (x86)/Microchip/MPLAB C32 Suite/bin/../lib/gcc/pic32mx/3.4.4/../../../../pic32mx/lib\libc.a(c32_uart.o)

.debug_weaknames
 *(.debug_weaknames)

.debug_funcnames
 *(.debug_funcnames)

.debug_typenames
 *(.debug_typenames)

.debug_varnames
 *(.debug_varnames)
OUTPUT(pic_slave.elf elf32-tradlittlemips)
